Archive member included to satisfy reference by file (symbol)

d:/progra~2/gnuarm~1/102021~1.10/bin/../lib/gcc/arm-none-eabi/10.3.1/thumb/v6-m/nofp\libgcc.a(_thumb1_case_shi.o)
                              CMakeFiles/RP2040TOPC98.dir/E_/Users/WillowKoishi/Documents/2040py/C2040/pico-sdk-master/src/rp2_common/pico_printf/printf.c.obj (__gnu_thumb1_case_shi)
d:/progra~2/gnuarm~1/102021~1.10/bin/../lib/gcc/arm-none-eabi/10.3.1/thumb/v6-m/nofp\libgcc.a(_dvmd_tls.o)
                              CMakeFiles/RP2040TOPC98.dir/E_/Users/WillowKoishi/Documents/2040py/C2040/pico-sdk-master/src/rp2_common/pico_divider/divider.S.obj (__aeabi_idiv0)
d:/progra~2/gnuarm~1/102021~1.10/bin/../lib/gcc/arm-none-eabi/10.3.1/thumb/v6-m/nofp\libgcc.a(_lshrdi3.o)
                              CMakeFiles/RP2040TOPC98.dir/E_/Users/WillowKoishi/Documents/2040py/C2040/pico-sdk-master/src/rp2_common/pico_double/double_math.c.obj (__aeabi_llsr)
d:/progra~2/gnuarm~1/102021~1.10/bin/../lib/gcc/arm-none-eabi/10.3.1/thumb/v6-m/nofp\libgcc.a(_ashldi3.o)
                              CMakeFiles/RP2040TOPC98.dir/E_/Users/WillowKoishi/Documents/2040py/C2040/pico-sdk-master/src/rp2_common/pico_double/double_math.c.obj (__aeabi_llsl)
d:/progra~2/gnuarm~1/102021~1.10/bin/../lib/gcc/arm-none-eabi/10.3.1/../../../../arm-none-eabi/lib/thumb/v6-m/nofp\libc.a(lib_a-calloc.o)
                              CMakeFiles/RP2040TOPC98.dir/E_/Users/WillowKoishi/Documents/2040py/C2040/pico-sdk-master/src/rp2_common/pico_malloc/pico_malloc.c.obj (calloc)
d:/progra~2/gnuarm~1/102021~1.10/bin/../lib/gcc/arm-none-eabi/10.3.1/../../../../arm-none-eabi/lib/thumb/v6-m/nofp\libc.a(lib_a-callocr.o)
                              d:/progra~2/gnuarm~1/102021~1.10/bin/../lib/gcc/arm-none-eabi/10.3.1/../../../../arm-none-eabi/lib/thumb/v6-m/nofp\libc.a(lib_a-calloc.o) (_calloc_r)
d:/progra~2/gnuarm~1/102021~1.10/bin/../lib/gcc/arm-none-eabi/10.3.1/../../../../arm-none-eabi/lib/thumb/v6-m/nofp\libc.a(lib_a-errno.o)
                              d:/progra~2/gnuarm~1/102021~1.10/bin/../lib/gcc/arm-none-eabi/10.3.1/../../../../arm-none-eabi/lib/thumb/v6-m/nofp\libc.a(lib_a-callocr.o) (__errno)
d:/progra~2/gnuarm~1/102021~1.10/bin/../lib/gcc/arm-none-eabi/10.3.1/../../../../arm-none-eabi/lib/thumb/v6-m/nofp\libc.a(lib_a-impure.o)
                              d:/progra~2/gnuarm~1/102021~1.10/bin/../lib/gcc/arm-none-eabi/10.3.1/../../../../arm-none-eabi/lib/thumb/v6-m/nofp\libc.a(lib_a-calloc.o) (_impure_ptr)
d:/progra~2/gnuarm~1/102021~1.10/bin/../lib/gcc/arm-none-eabi/10.3.1/../../../../arm-none-eabi/lib/thumb/v6-m/nofp\libc.a(lib_a-init.o)
                              d:/progra~2/gnuarm~1/102021~1.10/bin/../lib/gcc/arm-none-eabi/10.3.1/../../../../arm-none-eabi/lib/thumb/v6-m/nofp/crt0.o (__libc_init_array)
d:/progra~2/gnuarm~1/102021~1.10/bin/../lib/gcc/arm-none-eabi/10.3.1/../../../../arm-none-eabi/lib/thumb/v6-m/nofp\libc.a(lib_a-malloc.o)
                              CMakeFiles/RP2040TOPC98.dir/E_/Users/WillowKoishi/Documents/2040py/C2040/pico-sdk-master/src/rp2_common/pico_malloc/pico_malloc.c.obj (malloc)
d:/progra~2/gnuarm~1/102021~1.10/bin/../lib/gcc/arm-none-eabi/10.3.1/../../../../arm-none-eabi/lib/thumb/v6-m/nofp\libc.a(lib_a-mallocr.o)
                              d:/progra~2/gnuarm~1/102021~1.10/bin/../lib/gcc/arm-none-eabi/10.3.1/../../../../arm-none-eabi/lib/thumb/v6-m/nofp\libc.a(lib_a-callocr.o) (_malloc_r)
d:/progra~2/gnuarm~1/102021~1.10/bin/../lib/gcc/arm-none-eabi/10.3.1/../../../../arm-none-eabi/lib/thumb/v6-m/nofp\libc.a(lib_a-mlock.o)
                              d:/progra~2/gnuarm~1/102021~1.10/bin/../lib/gcc/arm-none-eabi/10.3.1/../../../../arm-none-eabi/lib/thumb/v6-m/nofp\libc.a(lib_a-mallocr.o) (__malloc_lock)
d:/progra~2/gnuarm~1/102021~1.10/bin/../lib/gcc/arm-none-eabi/10.3.1/../../../../arm-none-eabi/lib/thumb/v6-m/nofp\libc.a(lib_a-sbrkr.o)
                              d:/progra~2/gnuarm~1/102021~1.10/bin/../lib/gcc/arm-none-eabi/10.3.1/../../../../arm-none-eabi/lib/thumb/v6-m/nofp\libc.a(lib_a-mallocr.o) (_sbrk_r)
d:/progra~2/gnuarm~1/102021~1.10/bin/../lib/gcc/arm-none-eabi/10.3.1/../../../../arm-none-eabi/lib/thumb/v6-m/nofp\libc.a(lib_a-strlen-stub.o)
                              CMakeFiles/RP2040TOPC98.dir/E_/Users/WillowKoishi/Documents/2040py/C2040/pico-sdk-master/src/rp2_common/pico_stdio/stdio.c.obj (strlen)
d:/progra~2/gnuarm~1/102021~1.10/bin/../lib/gcc/arm-none-eabi/10.3.1/../../../../arm-none-eabi/lib/thumb/v6-m/nofp\libc.a(lib_a-freer.o)
                              d:/progra~2/gnuarm~1/102021~1.10/bin/../lib/gcc/arm-none-eabi/10.3.1/../../../../arm-none-eabi/lib/thumb/v6-m/nofp\libc.a(lib_a-malloc.o) (_free_r)
d:/progra~2/gnuarm~1/102021~1.10/bin/../lib/gcc/arm-none-eabi/10.3.1/../../../../arm-none-eabi/lib/thumb/v6-m/nofp\libc.a(lib_a-lock.o)
[...]
Memory Configuration

Name             Origin             Length             Attributes
FLASH            0x10000000         0x00200000         xr
RAM              0x20000000         0x00040000         xrw
SCRATCH_X        0x20040000         0x00001000         xrw
SCRATCH_Y        0x20041000         0x00001000         xrw
*default*        0x00000000         0xffffffff

Linker script and memory map

LOAD d:/progra~2/gnuarm~1/102021~1.10/bin/../lib/gcc/arm-none-eabi/10.3.1/thumb/v6-m/nofp/crti.o
LOAD d:/progra~2/gnuarm~1/102021~1.10/bin/../lib/gcc/arm-none-eabi/10.3.1/thumb/v6-m/nofp/crtbegin.o
LOAD d:/progra~2/gnuarm~1/102021~1.10/bin/../lib/gcc/arm-none-eabi/10.3.1/../../../../arm-none-eabi/lib/thumb/v6-m/nofp/crt0.o

.flash_begin    0x10000000        0x0
                0x10000000                __flash_binary_start = .

.boot2          0x10000000      0x100
                0x10000000                __boot2_start__ = .
 *(.boot2)
 .boot2         0x10000000      0x100 C:\Users\WILLOW~1\AppData\Local\Temp\ccKv5BDt.o
                0x10000100                __boot2_end__ = .
                0x00000001                ASSERT (((__boot2_end__ - __boot2_start__) == 0x100), ERROR: Pico second stage bootloader must be 256 bytes in size)

.text           0x10000100     0x1fc8
                0x10000100                __logical_binary_start = .
 *(.vectors)
 .vectors       0x10000100       0xd4 CMakeFiles/RP2040TOPC98.dir/E_/Users/WillowKoishi/Documents/2040py/C2040/pico-sdk-master/src/rp2_common/pico_standard_link/crt0.S.obj
                0x10000100                __VECTOR_TABLE
                0x10000100                __vectors
                0x100001c0                isr_invalid
                0x100001c0                __default_isrs_start
                0x100001c2                isr_nmi
                0x100001c4                isr_hardfault
                0x100001c6                isr_svcall
                0x100001c8                isr_pendsv
                0x100001ca                isr_systick
                0x100001cc                isr_irq23
                0x100001cc                isr_irq18
                0x100001cc                isr_irq11
                0x100001cc                isr_irq28
                0x100001cc                isr_irq19
                0x100001cc                isr_irq0
                0x100001cc                isr_irq6
                0x100001cc                isr_irq5
                0x100001cc                isr_irq12
                0x100001cc                isr_irq22
                0x100001cc                isr_irq31
                0x100001cc                isr_irq17
                0x100001cc                isr_irq27
                0x100001cc                isr_irq30
                0x100001cc                isr_irq2
                0x100001cc                isr_irq10
                0x100001cc                isr_irq8
                0x100001cc                isr_irq24
                0x100001cc                isr_irq1
                0x100001cc                isr_irq7
                0x100001cc                isr_irq21
                0x100001cc                isr_irq20
                0x100001cc                isr_irq15
                0x100001cc                isr_irq25
                0x100001cc                isr_irq13
                0x100001cc                __unhandled_user_irq
                0x100001cc                isr_irq4
                0x100001cc                isr_irq16
                0x100001cc                isr_irq29
                0x100001cc                isr_irq26
                0x100001cc                __default_isrs_end
                0x100001cc                isr_irq3
                0x100001cc                isr_irq14
                0x100001cc                isr_irq9
                0x100001d2                unhandled_user_irq_num_in_r0
 *(.binary_info_header)
 .binary_info_header
                0x100001d4       0x14 CMakeFiles/RP2040TOPC98.dir/E_/Users/WillowKoishi/Documents/2040py/C2040/pico-sdk-master/src/rp2_common/pico_standard_link/crt0.S.obj
                0x100001e8                __binary_info_header_end = .
 *(.reset)
 .reset         0x100001e8       0xa8 CMakeFiles/RP2040TOPC98.dir/E_/Users/WillowKoishi/Documents/2040py/C2040/pico-sdk-master/src/rp2_common/pico_standard_link/crt0.S.obj
                0x100001e8                _entry_point
                0x10000266                __get_current_exception
 .reset         0x10000290       0x30 CMakeFiles/RP2040TOPC98.dir/E_/Users/WillowKoishi/Documents/2040py/C2040/pico-sdk-master/src/rp2_common/pico_standard_link/binary_info.c.obj
 *(.init)
 .init          0x100002c0        0x4 d:/progra~2/gnuarm~1/102021~1.10/bin/../lib/gcc/arm-none-eabi/10.3.1/thumb/v6-m/nofp/crti.o
                0x100002c0                _init
 *(EXCLUDE_FILE(*libm.a: *libc.a:*lib_a-mem*.o *libgcc.a:) .text*)
 .text          0x100002c4       0x48 d:/progra~2/gnuarm~1/102021~1.10/bin/../lib/gcc/arm-none-eabi/10.3.1/thumb/v6-m/nofp/crtbegin.o
 .text.setS98Keys
                0x1000030c       0x30 CMakeFiles/RP2040TOPC98.dir/main.c.obj
                0x1000030c                setS98Keys
 .text.init_keys
                0x1000033c       0x68 CMakeFiles/RP2040TOPC98.dir/main.c.obj
                0x1000033c                init_keys
 .text.send98   0x100003a4       0x40 CMakeFiles/RP2040TOPC98.dir/main.c.obj
                0x100003a4                send98
 .text.board_millis
                0x100003e4       0x20 CMakeFiles/RP2040TOPC98.dir/main.c.obj
                0x100003e4                board_millis
 .text.pushing  0x10000404      0x148 CMakeFiles/RP2040TOPC98.dir/main.c.obj
                0x10000404                pushing
 .text.startup.main
                0x1000054c       0x88 CMakeFiles/RP2040TOPC98.dir/main.c.obj
                0x1000054c                main
 .text.gpio_set_function
                0x100005d4       0x2c CMakeFiles/RP2040TOPC98.dir/E_/Users/WillowKoishi/Documents/2040py/C2040/pico-sdk-master/src/rp2_common/hardware_gpio/gpio.c.obj
                0x100005d4                gpio_set_function
 .text.gpio_set_pulls
                0x10000600       0x2c CMakeFiles/RP2040TOPC98.dir/E_/Users/WillowKoishi/Documents/2040py/C2040/pico-sdk-master/src/rp2_common/hardware_gpio/gpio.c.obj
                0x10000600                gpio_set_pulls
 .text.gpio_init
                0x1000062c       0x16 CMakeFiles/RP2040TOPC98.dir/E_/Users/WillowKoishi/Documents/2040py/C2040/pico-sdk-master/src/rp2_common/hardware_gpio/gpio.c.obj
                0x1000062c                gpio_init
 *fill*         0x10000642        0x2 
 .text.hw_claim_lock
                0x10000644       0x18 CMakeFiles/RP2040TOPC98.dir/E_/Users/WillowKoishi/Documents/2040py/C2040/pico-sdk-master/src/rp2_common/hardware_claim/claim.c.obj
                0x10000644                hw_claim_lock
 .text.hw_claim_unlock
                0x1000065c       0x14 CMakeFiles/RP2040TOPC98.dir/E_/Users/WillowKoishi/Documents/2040py/C2040/pico-sdk-master/src/rp2_common/hardware_claim/claim.c.obj
                0x1000065c                hw_claim_unlock
 .text.hw_is_claimed
                0x10000670       0x16 CMakeFiles/RP2040TOPC98.dir/E_/Users/WillowKoishi/Documents/2040py/C2040/pico-sdk-master/src/rp2_common/hardware_claim/claim.c.obj
                0x10000670                hw_is_claimed
 .text.hw_claim_or_assert
                0x10000686       0x3a CMakeFiles/RP2040TOPC98.dir/E_/Users/WillowKoishi/Documents/2040py/C2040/pico-sdk-master/src/rp2_common/hardware_claim/claim.c.obj
                0x10000686                hw_claim_or_assert
 .text.running_on_fpga
                0x100006c0       0x10 CMakeFiles/RP2040TOPC98.dir/E_/Users/WillowKoishi/Documents/2040py/C2040/pico-sdk-master/src/rp2_common/pico_platform/platform.c.obj
                0x100006c0                running_on_fpga
 .text.spin_locks_reset
                0x100006d0       0x1c CMakeFiles/RP2040TOPC98.dir/E_/Users/WillowKoishi/Documents/2040py/C2040/pico-sdk-master/src/rp2_common/hardware_sync/sync.c.obj
                0x100006d0                spin_locks_reset
 .text.next_striped_spin_lock_num
                0x100006ec       0x18 CMakeFiles/RP2040TOPC98.dir/E_/Users/WillowKoishi/Documents/2040py/C2040/pico-sdk-master/src/rp2_common/hardware_sync/sync.c.obj
                0x100006ec                next_striped_spin_lock_num
 .text.uart_set_baudrate
                0x10000704       0x5c CMakeFiles/RP2040TOPC98.dir/E_/Users/WillowKoishi/Documents/2040py/C2040/pico-sdk-master/src/rp2_common/hardware_uart/uart.c.obj
                0x10000704                uart_set_baudrate
 .text.uart_init
                0x10000760       0x94 CMakeFiles/RP2040TOPC98.dir/E_/Users/WillowKoishi/Documents/2040py/C2040/pico-sdk-master/src/rp2_common/hardware_uart/uart.c.obj
                0x10000760                uart_init
 .text.time_reached
                0x100007f4       0x28 CMakeFiles/RP2040TOPC98.dir/E_/Users/WillowKoishi/Documents/2040py/C2040/pico-sdk-master/src/common/pico_time/time.c.obj
 .text.timer_pool_entry_comparator
                0x1000081c       0x30 CMakeFiles/RP2040TOPC98.dir/E_/Users/WillowKoishi/Documents/2040py/C2040/pico-sdk-master/src/common/pico_time/time.c.obj
                0x1000081c                timer_pool_entry_comparator
 .text.alarm_pool_post_alloc_init
                0x1000084c       0x3c CMakeFiles/RP2040TOPC98.dir/E_/Users/WillowKoishi/Documents/2040py/C2040/pico-sdk-master/src/common/pico_time/time.c.obj
 .text.sleep_until_callback
                0x10000888       0x30 CMakeFiles/RP2040TOPC98.dir/E_/Users/WillowKoishi/Documents/2040py/C2040/pico-sdk-master/src/common/pico_time/time.c.obj
 .text.ph_add_child_node.isra.0
                0x100008b8       0x22 CMakeFiles/RP2040TOPC98.dir/E_/Users/WillowKoishi/Documents/2040py/C2040/pico-sdk-master/src/common/pico_time/time.c.obj
 *fill*         0x100008da        0x2 
 .text.add_alarm_under_lock
                0x100008dc       0xc8 CMakeFiles/RP2040TOPC98.dir/E_/Users/WillowKoishi/Documents/2040py/C2040/pico-sdk-master/src/common/pico_time/time.c.obj
 .text.alarm_pool_alarm_callback
                0x100009a4      0x188 CMakeFiles/RP2040TOPC98.dir/E_/Users/WillowKoishi/Documents/2040py/C2040/pico-sdk-master/src/common/pico_time/time.c.obj
 .text.alarm_pool_init_default
                0x10000b2c       0x34 CMakeFiles/RP2040TOPC98.dir/E_/Users/WillowKoishi/Documents/2040py/C2040/pico-sdk-master/src/common/pico_time/time.c.obj
                0x10000b2c                alarm_pool_init_default
 .text.alarm_pool_add_alarm_at
                0x10000b60       0xda CMakeFiles/RP2040TOPC98.dir/E_/Users/WillowKoishi/Documents/2040py/C2040/pico-sdk-master/src/common/pico_time/time.c.obj
                0x10000b60                alarm_pool_add_alarm_at
 *fill*         0x10000c3a        0x2 
 .text.sleep_until
                0x10000c3c       0x98 CMakeFiles/RP2040TOPC98.dir/E_/Users/WillowKoishi/Documents/2040py/C2040/pico-sdk-master/src/common/pico_time/time.c.obj
                0x10000c3c                sleep_until
 .text.sleep_us
                0x10000cd4       0x2c CMakeFiles/RP2040TOPC98.dir/E_/Users/WillowKoishi/Documents/2040py/C2040/pico-sdk-master/src/common/pico_time/time.c.obj
                0x10000cd4                sleep_us
 .text.sleep_ms
                0x10000d00       0x14 CMakeFiles/RP2040TOPC98.dir/E_/Users/WillowKoishi/Documents/2040py/C2040/pico-sdk-master/src/common/pico_time/time.c.obj
                0x10000d00                sleep_ms
 .text.hardware_alarm_irq_handler
                0x10000d14       0x90 CMakeFiles/RP2040TOPC98.dir/E_/Users/WillowKoishi/Documents/2040py/C2040/pico-sdk-master/src/rp2_common/hardware_timer/timer.c.obj
 .text.hardware_alarm_claim
                0x10000da4       0x18 CMakeFiles/RP2040TOPC98.dir/E_/Users/WillowKoishi/Documents/2040py/C2040/pico-sdk-master/src/rp2_common/hardware_timer/timer.c.obj
                0x10000da4                hardware_alarm_claim
 .text.time_us_64
                0x10000dbc       0x14 CMakeFiles/RP2040TOPC98.dir/E_/Users/WillowKoishi/Documents/2040py/C2040/pico-sdk-master/src/rp2_common/hardware_timer/timer.c.obj
                0x10000dbc                time_us_64
 .text.busy_wait_until
                0x10000dd0       0x1c CMakeFiles/RP2040TOPC98.dir/E_/Users/WillowKoishi/Documents/2040py/C2040/pico-sdk-master/src/rp2_common/hardware_timer/timer.c.obj
                0x10000dd0                busy_wait_until
 .text.hardware_alarm_set_callback
                0x10000dec       0x94 CMakeFiles/RP2040TOPC98.dir/E_/Users/WillowKoishi/Documents/2040py/C2040/pico-sdk-master/src/rp2_common/hardware_timer/timer.c.obj
                0x10000dec                hardware_alarm_set_callback
 .text.hardware_alarm_set_target
                0x10000e80       0xbc CMakeFiles/RP2040TOPC98.dir/E_/Users/WillowKoishi/Documents/2040py/C2040/pico-sdk-master/src/rp2_common/hardware_timer/timer.c.obj
                0x10000e80                hardware_alarm_set_target
 .text.hardware_alarm_cancel
                0x10000f3c       0x40 CMakeFiles/RP2040TOPC98.dir/E_/Users/WillowKoishi/Documents/2040py/C2040/pico-sdk-master/src/rp2_common/hardware_timer/timer.c.obj
                0x10000f3c                hardware_alarm_cancel
 .text.lock_init
                0x10000f7c       0x10 CMakeFiles/RP2040TOPC98.dir/E_/Users/WillowKoishi/Documents/2040py/C2040/pico-sdk-master/src/common/pico_sync/lock_core.c.obj
                0x10000f7c                lock_init
 .text.mutex_init
                0x10000f8c       0x1a CMakeFiles/RP2040TOPC98.dir/E_/Users/WillowKoishi/Documents/2040py/C2040/pico-sdk-master/src/common/pico_sync/mutex.c.obj
                0x10000f8c                mutex_init
 .text.recursive_mutex_init
                0x10000fa6       0x1a CMakeFiles/RP2040TOPC98.dir/E_/Users/WillowKoishi/Documents/2040py/C2040/pico-sdk-master/src/common/pico_sync/mutex.c.obj
                0x10000fa6                recursive_mutex_init
 .text.ph_add_child_node.isra.0
                0x10000fc0       0x22 CMakeFiles/RP2040TOPC98.dir/E_/Users/WillowKoishi/Documents/2040py/C2040/pico-sdk-master/src/common/pico_util/pheap.c.obj
 .text.ph_merge_nodes
                0x10000fe2       0x36 CMakeFiles/RP2040TOPC98.dir/E_/Users/WillowKoishi/Documents/2040py/C2040/pico-sdk-master/src/common/pico_util/pheap.c.obj
 .text.ph_clear
                0x10001018       0x34 CMakeFiles/RP2040TOPC98.dir/E_/Users/WillowKoishi/Documents/2040py/C2040/pico-sdk-master/src/common/pico_util/pheap.c.obj
                0x10001018                ph_clear
 .text.ph_post_alloc_init
                0x1000104c        0xe CMakeFiles/RP2040TOPC98.dir/E_/Users/WillowKoishi/Documents/2040py/C2040/pico-sdk-master/src/common/pico_util/pheap.c.obj
                0x1000104c                ph_post_alloc_init
 .text.ph_merge_two_pass
                0x1000105a       0x48 CMakeFiles/RP2040TOPC98.dir/E_/Users/WillowKoishi/Documents/2040py/C2040/pico-sdk-master/src/common/pico_util/pheap.c.obj
                0x1000105a                ph_merge_two_pass
 .text.ph_remove_any_head
                0x100010a2       0x4a CMakeFiles/RP2040TOPC98.dir/E_/Users/WillowKoishi/Documents/2040py/C2040/pico-sdk-master/src/common/pico_util/pheap.c.obj
 .text.ph_remove_head
                0x100010ec       0x14 CMakeFiles/RP2040TOPC98.dir/E_/Users/WillowKoishi/Documents/2040py/C2040/pico-sdk-master/src/common/pico_util/pheap.c.obj
                0x100010ec                ph_remove_head
 .text.ph_remove_and_free_node
                0x10001100       0x6e CMakeFiles/RP2040TOPC98.dir/E_/Users/WillowKoishi/Documents/2040py/C2040/pico-sdk-master/src/common/pico_util/pheap.c.obj
                0x10001100                ph_remove_and_free_node
 *fill*         0x1000116e        0x2 
 .text.runtime_init
                0x10001170       0xcc CMakeFiles/RP2040TOPC98.dir/E_/Users/WillowKoishi/Documents/2040py/C2040/pico-sdk-master/src/rp2_common/pico_runtime/runtime.c.obj
                0x10001170                runtime_init
 .text.exit     0x1000123c        0x4 CMakeFiles/RP2040TOPC98.dir/E_/Users/WillowKoishi/Documents/2040py/C2040/pico-sdk-master/src/rp2_common/pico_runtime/runtime.c.obj
                0x1000123c                exit
 .text.panic    0x10001240       0x2c CMakeFiles/RP2040TOPC98.dir/E_/Users/WillowKoishi/Documents/2040py/C2040/pico-sdk-master/src/rp2_common/pico_runtime/runtime.c.obj
                0x10001240                panic
 .text.hard_assertion_failure
                0x1000126c        0xc CMakeFiles/RP2040TOPC98.dir/E_/Users/WillowKoishi/Documents/2040py/C2040/pico-sdk-master/src/rp2_common/pico_runtime/runtime.c.obj
                0x1000126c                hard_assertion_failure
 .text.clock_configure
                0x10001278       0xd4 CMakeFiles/RP2040TOPC98.dir/E_/Users/WillowKoishi/Documents/2040py/C2040/pico-sdk-master/src/rp2_common/hardware_clocks/clocks.c.obj
                0x10001278                clock_configure
 .text.clocks_init
                0x1000134c       0xf0 CMakeFiles/RP2040TOPC98.dir/E_/Users/WillowKoishi/Documents/2040py/C2040/pico-sdk-master/src/rp2_common/hardware_clocks/clocks.c.obj
                0x1000134c                clocks_init
 .text.clock_get_hz
                0x1000143c        0xc CMakeFiles/RP2040TOPC98.dir/E_/Users/WillowKoishi/Documents/2040py/C2040/pico-sdk-master/src/rp2_common/hardware_clocks/clocks.c.obj
                0x1000143c                clock_get_hz
 .text.set_raw_irq_handler_and_unlock
                0x10001448       0x28 CMakeFiles/RP2040TOPC98.dir/E_/Users/WillowKoishi/Documents/2040py/C2040/pico-sdk-master/src/rp2_common/hardware_irq/irq.c.obj
 .text.irq_is_enabled
                0x10001470       0x18 CMakeFiles/RP2040TOPC98.dir/E_/Users/WillowKoishi/Documents/2040py/C2040/pico-sdk-master/src/rp2_common/hardware_irq/irq.c.obj
                0x10001470                irq_is_enabled
 .text.irq_set_mask_enabled
                0x10001488       0x20 CMakeFiles/RP2040TOPC98.dir/E_/Users/WillowKoishi/Documents/2040py/C2040/pico-sdk-master/src/rp2_common/hardware_irq/irq.c.obj
                0x10001488                irq_set_mask_enabled
 .text.irq_set_enabled
                0x100014a8        0xe CMakeFiles/RP2040TOPC98.dir/E_/Users/WillowKoishi/Documents/2040py/C2040/pico-sdk-master/src/rp2_common/hardware_irq/irq.c.obj
                0x100014a8                irq_set_enabled
 *fill*         0x100014b6        0x2 
 .text.irq_get_vtable_handler
                0x100014b8       0x10 CMakeFiles/RP2040TOPC98.dir/E_/Users/WillowKoishi/Documents/2040py/C2040/pico-sdk-master/src/rp2_common/hardware_irq/irq.c.obj
                0x100014b8                irq_get_vtable_handler
 .text.irq_set_exclusive_handler
                0x100014c8       0x40 CMakeFiles/RP2040TOPC98.dir/E_/Users/WillowKoishi/Documents/2040py/C2040/pico-sdk-master/src/rp2_common/hardware_irq/irq.c.obj
                0x100014c8                irq_set_exclusive_handler
 .text.irq_remove_handler
                0x10001508      0x160 CMakeFiles/RP2040TOPC98.dir/E_/Users/WillowKoishi/Documents/2040py/C2040/pico-sdk-master/src/rp2_common/hardware_irq/irq.c.obj
                0x10001508                irq_remove_handler
 .text.irq_add_tail_to_free_list
                0x10001668       0xa4 CMakeFiles/RP2040TOPC98.dir/E_/Users/WillowKoishi/Documents/2040py/C2040/pico-sdk-master/src/rp2_common/hardware_irq/irq.c.obj
                0x10001668                irq_add_tail_to_free_list
 .text.irq_init_priorities
                0x1000170c       0x24 CMakeFiles/RP2040TOPC98.dir/E_/Users/WillowKoishi/Documents/2040py/C2040/pico-sdk-master/src/rp2_common/hardware_irq/irq.c.obj
                0x1000170c                irq_init_priorities
 .text.pll_init
                0x10001730       0x9c CMakeFiles/RP2040TOPC98.dir/E_/Users/WillowKoishi/Documents/2040py/C2040/pico-sdk-master/src/rp2_common/hardware_pll/pll.c.obj
                0x10001730                pll_init
 .text.watchdog_start_tick
                0x100017cc       0x10 CMakeFiles/RP2040TOPC98.dir/E_/Users/WillowKoishi/Documents/2040py/C2040/pico-sdk-master/src/rp2_common/hardware_watchdog/watchdog.c.obj
                0x100017cc                watchdog_start_tick
 .text.xosc_init
                0x100017dc       0x28 CMakeFiles/RP2040TOPC98.dir/E_/Users/WillowKoishi/Documents/2040py/C2040/pico-sdk-master/src/rp2_common/hardware_xosc/xosc.c.obj
                0x100017dc                xosc_init
 .text._out_char
                0x10001804        0xc CMakeFiles/RP2040TOPC98.dir/E_/Users/WillowKoishi/Documents/2040py/C2040/pico-sdk-master/src/rp2_common/pico_printf/printf.c.obj
 .text.weak_raw_vprintf
                0x10001810       0x30 CMakeFiles/RP2040TOPC98.dir/E_/Users/WillowKoishi/Documents/2040py/C2040/pico-sdk-master/src/rp2_common/pico_printf/printf.c.obj
                0x10001810                weak_raw_vprintf
 .text          0x10001840       0x10 CMakeFiles/RP2040TOPC98.dir/E_/Users/WillowKoishi/Documents/2040py/C2040/pico-sdk-master/src/rp2_common/pico_bit_ops/bit_ops_aeabi.S.obj
 .text.rom_func_lookup
                0x10001850       0x10 CMakeFiles/RP2040TOPC98.dir/E_/Users/WillowKoishi/Documents/2040py/C2040/pico-sdk-master/src/rp2_common/pico_bootrom/bootrom.c.obj
                0x10001850                rom_func_lookup
 .text.rom_data_lookup
                0x10001860       0x10 CMakeFiles/RP2040TOPC98.dir/E_/Users/WillowKoishi/Documents/2040py/C2040/pico-sdk-master/src/rp2_common/pico_bootrom/bootrom.c.obj
                0x10001860                rom_data_lookup
 .text.rom_funcs_lookup
                0x10001870       0x26 CMakeFiles/RP2040TOPC98.dir/E_/Users/WillowKoishi/Documents/2040py/C2040/pico-sdk-master/src/rp2_common/pico_bootrom/bootrom.c.obj
                0x10001870                rom_funcs_lookup
 *fill*         0x10001896        0x2 
 .text.__wrap___aeabi_uidiv
                0x10001898       0x4c CMakeFiles/RP2040TOPC98.dir/E_/Users/WillowKoishi/Documents/2040py/C2040/pico-sdk-master/src/rp2_common/pico_divider/divider.S.obj
                0x10001898                __wrap___aeabi_uidiv
                0x10001898                __wrap___aeabi_uidivmod
                0x10001898                div_u32u32
                0x10001898                divmod_u32u32
                0x100018a0                divmod_u32u32_unsafe
                0x100018c8                divmod_u32u32_savestate
 .text.__wrap___aeabi_ldiv
                0x100018e4      0x434 CMakeFiles/RP2040TOPC98.dir/E_/Users/WillowKoishi/Documents/2040py/C2040/pico-sdk-master/src/rp2_common/pico_divider/divider.S.obj
                0x100018e4                div_s64s64
                0x100018e4                divmod_s64s64
                0x100018e4                __wrap___aeabi_ldivmod
                0x1000191c                divmod_u64u64
                0x1000191c                div_u64u64
                0x1000191c                __wrap___aeabi_uldivmod
                0x1000192c                divmod_u64u64_savestate
                0x10001954                divmod_s64s64_unsafe
                0x100019dc                divmod_u64u64_unsafe
 .text.__aeabi_double_init
                0x10001d18       0x58 CMakeFiles/RP2040TOPC98.dir/E_/Users/WillowKoishi/Documents/2040py/C2040/pico-sdk-master/src/rp2_common/pico_double/double_init_rom.c.obj
                0x10001d18                __aeabi_double_init
 .text.double_table_shim_on_use_helper
                0x10001d70       0x2c CMakeFiles/RP2040TOPC98.dir/E_/Users/WillowKoishi/Documents/2040py/C2040/pico-sdk-master/src/rp2_common/pico_double/double_v1_rom_shim.S.obj
                0x10001d70                double_table_shim_on_use_helper
 .text.__aeabi_lmul
                0x10001d9c       0x32 CMakeFiles/RP2040TOPC98.dir/E_/Users/WillowKoishi/Documents/2040py/C2040/pico-sdk-master/src/rp2_common/pico_int64_ops/pico_int64_ops_aeabi.S.obj
                0x10001d9c                __wrap___aeabi_lmul
 *fill*         0x10001dce        0x2 
 .text.__aeabi_float_init
                0x10001dd0       0x5c CMakeFiles/RP2040TOPC98.dir/E_/Users/WillowKoishi/Documents/2040py/C2040/pico-sdk-master/src/rp2_common/pico_float/float_init_rom.c.obj
                0x10001dd0                __aeabi_float_init
 .text.float_table_shim_on_use_helper
                0x10001e2c       0x2c CMakeFiles/RP2040TOPC98.dir/E_/Users/WillowKoishi/Documents/2040py/C2040/pico-sdk-master/src/rp2_common/pico_float/float_v1_rom_shim.S.obj
                0x10001e2c                float_table_shim_on_use_helper
 .text          0x10001e58       0x10 CMakeFiles/RP2040TOPC98.dir/E_/Users/WillowKoishi/Documents/2040py/C2040/pico-sdk-master/src/rp2_common/pico_mem_ops/mem_ops_aeabi.S.obj
                0x10001e58                __aeabi_mem_init
 .text.memcpy   0x10001e68        0xc CMakeFiles/RP2040TOPC98.dir/E_/Users/WillowKoishi/Documents/2040py/C2040/pico-sdk-master/src/rp2_common/pico_mem_ops/mem_ops_aeabi.S.obj
                0x10001e68                __wrap_memcpy
                0x10001e68                __wrap___aeabi_memcpy
 .text.stdio_out_chars_no_crlf
                0x10001e74        0xe CMakeFiles/RP2040TOPC98.dir/E_/Users/WillowKoishi/Documents/2040py/C2040/pico-sdk-master/src/rp2_common/pico_stdio/stdio.c.obj
 *fill*         0x10001e82        0x2 
 .text.stdio_out_chars_crlf
                0x10001e84       0x80 CMakeFiles/RP2040TOPC98.dir/E_/Users/WillowKoishi/Documents/2040py/C2040/pico-sdk-master/src/rp2_common/pico_stdio/stdio.c.obj
 .text.stdout_serialize_begin
                0x10001f04       0x2c CMakeFiles/RP2040TOPC98.dir/E_/Users/WillowKoishi/Documents/2040py/C2040/pico-sdk-master/src/rp2_common/pico_stdio/stdio.c.obj
                0x10001f04                stdout_serialize_begin
 .text.stdout_serialize_end
                0x10001f30       0x10 CMakeFiles/RP2040TOPC98.dir/E_/Users/WillowKoishi/Documents/2040py/C2040/pico-sdk-master/src/rp2_common/pico_stdio/stdio.c.obj
                0x10001f30                stdout_serialize_end
 .text.stdio_put_string.isra.0
                0x10001f40       0x80 CMakeFiles/RP2040TOPC98.dir/E_/Users/WillowKoishi/Documents/2040py/C2040/pico-sdk-master/src/rp2_common/pico_stdio/stdio.c.obj
 .text.__wrap_putchar
                0x10001fc0       0x18 CMakeFiles/RP2040TOPC98.dir/E_/Users/WillowKoishi/Documents/2040py/C2040/pico-sdk-master/src/rp2_common/pico_stdio/stdio.c.obj
                0x10001fc0                __wrap_putchar
 .text.stdio_flush
                0x10001fd8       0x1c CMakeFiles/RP2040TOPC98.dir/E_/Users/WillowKoishi/Documents/2040py/C2040/pico-sdk-master/src/rp2_common/pico_stdio/stdio.c.obj
                0x10001fd8                stdio_flush
 .text.__wrap_puts
                0x10001ff4       0x1e CMakeFiles/RP2040TOPC98.dir/E_/Users/WillowKoishi/Documents/2040py/C2040/pico-sdk-master/src/rp2_common/pico_stdio/stdio.c.obj
                0x10001ff4                __wrap_puts
 *fill*         0x10002012        0x2 
 .text.strlen   0x10002014       0x5c d:/progra~2/gnuarm~1/102021~1.10/bin/../lib/gcc/arm-none-eabi/10.3.1/../../../../arm-none-eabi/lib/thumb/v6-m/nofp\libc.a(lib_a-strlen-stub.o)
                0x10002014                strlen
 *(.fini)
 .fini          0x10002070        0x4 d:/progra~2/gnuarm~1/102021~1.10/bin/../lib/gcc/arm-none-eabi/10.3.1/thumb/v6-m/nofp/crti.o
                0x10002070                _fini
 *fill*         0x10002074        0x4 
 .fini.__stub   0x10002078       0x50 linker stubs
 *crtbegin.o(.ctors)
 *crtbegin?.o(.ctors)
 *(EXCLUDE_FILE(*crtend.o *crtend?.o) .ctors)
 *(SORT_BY_NAME(.ctors.*))
 *(.ctors)
 *crtbegin.o(.dtors)
 *crtbegin?.o(.dtors)
 *(EXCLUDE_FILE(*crtend.o *crtend?.o) .dtors)
 *(SORT_BY_NAME(.dtors.*))
 *(.dtors)
 *(.eh_frame*)
 .eh_frame      0x100020c8        0x0 d:/progra~2/gnuarm~1/102021~1.10/bin/../lib/gcc/arm-none-eabi/10.3.1/thumb/v6-m/nofp/crtbegin.o
                0x100020c8                . = ALIGN (0x4)

.glue_7         0x100020c8        0x0
 .glue_7        0x100020c8        0x0 linker stubs

.glue_7t        0x100020c8        0x0
 .glue_7t       0x100020c8        0x0 linker stubs

.vfp11_veneer   0x100020c8        0x0
 .vfp11_veneer  0x100020c8        0x0 linker stubs

.v4_bx          0x100020c8        0x0
 .v4_bx         0x100020c8        0x0 linker stubs

.iplt           0x100020c8        0x0
 .iplt          0x100020c8        0x0 d:/progra~2/gnuarm~1/102021~1.10/bin/../lib/gcc/arm-none-eabi/10.3.1/thumb/v6-m/nofp/crtbegin.o

.rodata         0x100020c8       0xa4
 *(EXCLUDE_FILE(*libm.a: *libc.a:*lib_a-mem*.o *libgcc.a:) .rodata*)
 .rodata.hardware_alarm_claim.str1.1
                0x100020c8       0x22 CMakeFiles/RP2040TOPC98.dir/E_/Users/WillowKoishi/Documents/2040py/C2040/pico-sdk-master/src/rp2_common/hardware_timer/timer.c.obj
 .rodata.panic.str1.1
                0x100020ea       0x10 CMakeFiles/RP2040TOPC98.dir/E_/Users/WillowKoishi/Documents/2040py/C2040/pico-sdk-master/src/rp2_common/pico_runtime/runtime.c.obj
                                 0x12 (size before relaxing)
 .rodata.hard_assertion_failure.str1.1
                0x100020fa        0xc CMakeFiles/RP2040TOPC98.dir/E_/Users/WillowKoishi/Documents/2040py/C2040/pico-sdk-master/src/rp2_common/pico_runtime/runtime.c.obj
 .rodata.str1.1
                0x10002106       0x3d CMakeFiles/RP2040TOPC98.dir/E_/Users/WillowKoishi/Documents/2040py/C2040/pico-sdk-master/src/rp2_common/pico_standard_link/binary_info.c.obj
 .rodata.__bi_44
                0x10002143        0xc CMakeFiles/RP2040TOPC98.dir/E_/Users/WillowKoishi/Documents/2040py/C2040/pico-sdk-master/src/rp2_common/pico_standard_link/binary_info.c.obj
 .rodata.__bi_75
                0x1000214f        0xc CMakeFiles/RP2040TOPC98.dir/E_/Users/WillowKoishi/Documents/2040py/C2040/pico-sdk-master/src/rp2_common/pico_standard_link/binary_info.c.obj
 .rodata.__bi_81
                0x1000215b        0xc CMakeFiles/RP2040TOPC98.dir/E_/Users/WillowKoishi/Documents/2040py/C2040/pico-sdk-master/src/rp2_common/pico_standard_link/binary_info.c.obj
 .rodata.crlf_str.0
                0x10002167        0x2 CMakeFiles/RP2040TOPC98.dir/E_/Users/WillowKoishi/Documents/2040py/C2040/pico-sdk-master/src/rp2_common/pico_stdio/stdio.c.obj
                0x1000216c                . = ALIGN (0x4)
 *fill*         0x10002169        0x3 
 *(SORT_BY_ALIGNMENT(SORT_BY_NAME(.flashdata*)))
                0x1000216c                . = ALIGN (0x4)

.rel.dyn        0x1000216c        0x0
 .rel.iplt      0x1000216c        0x0 d:/progra~2/gnuarm~1/102021~1.10/bin/../lib/gcc/arm-none-eabi/10.3.1/thumb/v6-m/nofp/crtbegin.o

.ARM.extab
 *(.ARM.extab* .gnu.linkonce.armextab.*)
                0x1000216c                __exidx_start = .

.ARM.exidx
 *(.ARM.exidx* .gnu.linkonce.armexidx.*)
                0x1000216c                __exidx_end = .
                0x1000216c                . = ALIGN (0x4)
                0x1000216c                __binary_info_start = .

.binary_info    0x1000216c       0x1c
 *(.binary_info.keep.*)
 .binary_info.keep.__bi_ptr22
                0x1000216c        0x4 CMakeFiles/RP2040TOPC98.dir/E_/Users/WillowKoishi/Documents/2040py/C2040/pico-sdk-master/src/rp2_common/pico_standard_link/binary_info.c.obj
 .binary_info.keep.__bi_ptr30
                0x10002170        0x4 CMakeFiles/RP2040TOPC98.dir/E_/Users/WillowKoishi/Documents/2040py/C2040/pico-sdk-master/src/rp2_common/pico_standard_link/binary_info.c.obj
 .binary_info.keep.__bi_ptr38
                0x10002174        0x4 CMakeFiles/RP2040TOPC98.dir/E_/Users/WillowKoishi/Documents/2040py/C2040/pico-sdk-master/src/rp2_common/pico_standard_link/binary_info.c.obj
 .binary_info.keep.__bi_ptr44
                0x10002178        0x4 CMakeFiles/RP2040TOPC98.dir/E_/Users/WillowKoishi/Documents/2040py/C2040/pico-sdk-master/src/rp2_common/pico_standard_link/binary_info.c.obj
 .binary_info.keep.__bi_ptr50
                0x1000217c        0x4 CMakeFiles/RP2040TOPC98.dir/E_/Users/WillowKoishi/Documents/2040py/C2040/pico-sdk-master/src/rp2_common/pico_standard_link/binary_info.c.obj
 .binary_info.keep.__bi_ptr75
                0x10002180        0x4 CMakeFiles/RP2040TOPC98.dir/E_/Users/WillowKoishi/Documents/2040py/C2040/pico-sdk-master/src/rp2_common/pico_standard_link/binary_info.c.obj
 .binary_info.keep.__bi_ptr81
                0x10002184        0x4 CMakeFiles/RP2040TOPC98.dir/E_/Users/WillowKoishi/Documents/2040py/C2040/pico-sdk-master/src/rp2_common/pico_standard_link/binary_info.c.obj
 *(.binary_info.*)
                0x10002188                __binary_info_end = .
                0x10002188                . = ALIGN (0x4)
                0x10002188                __etext = .

.ram_vector_table
                0x20000000       0xc0
 *(.ram_vector_table)
 .ram_vector_table
                0x20000000       0xc0 CMakeFiles/RP2040TOPC98.dir/E_/Users/WillowKoishi/Documents/2040py/C2040/pico-sdk-master/src/rp2_common/pico_runtime/runtime.c.obj
                0x20000000                ram_vector_table

.data           0x200000c0      0x16c load address 0x10002188
                0x200000c0                __data_start__ = .
 *(vtable)
 *(.time_critical*)
 .time_critical.mutex_enter_blocking
                0x200000c0       0x42 CMakeFiles/RP2040TOPC98.dir/E_/Users/WillowKoishi/Documents/2040py/C2040/pico-sdk-master/src/common/pico_sync/mutex.c.obj
                0x200000c0                mutex_enter_blocking
 .time_critical.mutex_try_enter
                0x20000102       0x42 CMakeFiles/RP2040TOPC98.dir/E_/Users/WillowKoishi/Documents/2040py/C2040/pico-sdk-master/src/common/pico_sync/mutex.c.obj
                0x20000102                mutex_try_enter
 .time_critical.mutex_exit
                0x20000144       0x28 CMakeFiles/RP2040TOPC98.dir/E_/Users/WillowKoishi/Documents/2040py/C2040/pico-sdk-master/src/common/pico_sync/mutex.c.obj
                0x20000144                mutex_exit
 *(.text*)
 .text          0x2000016c        0x4 d:/progra~2/gnuarm~1/102021~1.10/bin/../lib/gcc/arm-none-eabi/10.3.1/thumb/v6-m/nofp\libgcc.a(_dvmd_tls.o)
                0x2000016c                __aeabi_idiv0
                0x2000016c                __aeabi_ldiv0
                0x20000170                . = ALIGN (0x4)
 *(.rodata*)
                0x20000170                . = ALIGN (0x4)
 *(.data*)
 .data.striped_spin_lock_num
                0x20000170        0x1 CMakeFiles/RP2040TOPC98.dir/E_/Users/WillowKoishi/Documents/2040py/C2040/pico-sdk-master/src/rp2_common/hardware_sync/sync.c.obj
 *fill*         0x20000171        0x3 
 .data.default_alarm_pool
                0x20000174       0x18 CMakeFiles/RP2040TOPC98.dir/E_/Users/WillowKoishi/Documents/2040py/C2040/pico-sdk-master/src/common/pico_time/time.c.obj
 .data.default_alarm_pool_heap
                0x2000018c       0x10 CMakeFiles/RP2040TOPC98.dir/E_/Users/WillowKoishi/Documents/2040py/C2040/pico-sdk-master/src/common/pico_time/time.c.obj
 .data          0x2000019c       0x48 CMakeFiles/RP2040TOPC98.dir/E_/Users/WillowKoishi/Documents/2040py/C2040/pico-sdk-master/src/rp2_common/hardware_irq/irq_handler_chain.S.obj
                0x2000019c                irq_handler_chain_slots
                0x200001cc                irq_handler_chain_first_slot
                0x200001d6                irq_handler_chain_remove_tail
 *fill*         0x200001e4        0xc 
 .data.aeabi_bits_funcs
                0x200001f0       0x10 CMakeFiles/RP2040TOPC98.dir/E_/Users/WillowKoishi/Documents/2040py/C2040/pico-sdk-master/src/rp2_common/pico_bit_ops/bit_ops_aeabi.S.obj
                0x200001f0                aeabi_bits_funcs
                0x20000200                aeabi_bits_funcs_end
 .data.aeabi_mem_funcs
                0x20000200       0x10 CMakeFiles/RP2040TOPC98.dir/E_/Users/WillowKoishi/Documents/2040py/C2040/pico-sdk-master/src/rp2_common/pico_mem_ops/mem_ops_aeabi.S.obj
                0x20000200                aeabi_mem_funcs
                0x20000210                aeabi_mem_funcs_end
                0x20000210                . = ALIGN (0x4)
 *(.after_data.*)
                0x20000210                . = ALIGN (0x4)
                0x20000210                PROVIDE (__mutex_array_start = .)
 *(SORT_BY_NAME(.mutex_array.*))
 *(.mutex_array)
 .mutex_array   0x20000210        0x8 CMakeFiles/RP2040TOPC98.dir/E_/Users/WillowKoishi/Documents/2040py/C2040/pico-sdk-master/src/rp2_common/pico_stdio/stdio.c.obj
                0x20000218                PROVIDE (__mutex_array_end = .)
                0x20000218                . = ALIGN (0x4)
                0x20000218                PROVIDE (__preinit_array_start = .)
 *(SORT_BY_NAME(.preinit_array.*))
 .preinit_array.00001
                0x20000218        0x4 CMakeFiles/RP2040TOPC98.dir/E_/Users/WillowKoishi/Documents/2040py/C2040/pico-sdk-master/src/rp2_common/pico_mem_ops/mem_ops_aeabi.S.obj
 .preinit_array.00010
                0x2000021c        0x4 CMakeFiles/RP2040TOPC98.dir/E_/Users/WillowKoishi/Documents/2040py/C2040/pico-sdk-master/src/rp2_common/pico_bit_ops/bit_ops_aeabi.S.obj
 .preinit_array.00020
                0x20000220        0x4 CMakeFiles/RP2040TOPC98.dir/E_/Users/WillowKoishi/Documents/2040py/C2040/pico-sdk-master/src/rp2_common/pico_double/double_aeabi.S.obj
 .preinit_array.00020
                0x20000224        0x4 CMakeFiles/RP2040TOPC98.dir/E_/Users/WillowKoishi/Documents/2040py/C2040/pico-sdk-master/src/rp2_common/pico_float/float_aeabi.S.obj
 *(.preinit_array)
                0x20000228                PROVIDE (__preinit_array_end = .)
                0x20000228                . = ALIGN (0x4)
                0x20000228                PROVIDE (__init_array_start = .)
 *(SORT_BY_NAME(.init_array.*))
 *(.init_array)
 .init_array    0x20000228        0x4 d:/progra~2/gnuarm~1/102021~1.10/bin/../lib/gcc/arm-none-eabi/10.3.1/thumb/v6-m/nofp/crtbegin.o
                0x2000022c                PROVIDE (__init_array_end = .)
                0x2000022c                . = ALIGN (0x4)
                [!provide]                PROVIDE (__fini_array_start = .)
 *(SORT_BY_NAME(.fini_array.*))
 *(.fini_array)
                [!provide]                PROVIDE (__fini_array_end = .)
 *(.jcr)
                0x2000022c                . = ALIGN (0x4)
                0x2000022c                __data_end__ = .

.igot.plt       0x2000022c        0x0 load address 0x100022f4
 .igot.plt      0x2000022c        0x0 d:/progra~2/gnuarm~1/102021~1.10/bin/../lib/gcc/arm-none-eabi/10.3.1/thumb/v6-m/nofp/crtbegin.o

.uninitialized_data
                0x2000022c        0x0 load address 0x100022f4
                0x2000022c                . = ALIGN (0x4)
 *(.uninitialized_data*)

.scratch_x      0x20040000        0x0 load address 0x100022f4
                0x20040000                __scratch_x_start__ = .
 *(.scratch_x.*)
                0x20040000                . = ALIGN (0x4)
                0x20040000                __scratch_x_end__ = .
                0x100022f4                __scratch_x_source__ = LOADADDR (.scratch_x)

.scratch_y      0x20041000        0x0 load address 0x100022f4
                0x20041000                __scratch_y_start__ = .
 *(.scratch_y.*)
                0x20041000                . = ALIGN (0x4)
                0x20041000                __scratch_y_end__ = .
                0x100022f4                __scratch_y_source__ = LOADADDR (.scratch_y)

.bss            0x20000230      0x470
                0x20000230                . = ALIGN (0x4)
                0x20000230                __bss_start__ = .
 *(SORT_BY_ALIGNMENT(SORT_BY_NAME(.bss*)))
 .bss.default_alarm_pool_entries
                0x20000230      0x100 CMakeFiles/RP2040TOPC98.dir/E_/Users/WillowKoishi/Documents/2040py/C2040/pico-sdk-master/src/common/pico_time/time.c.obj
 .bss           0x20000330       0x1c d:/progra~2/gnuarm~1/102021~1.10/bin/../lib/gcc/arm-none-eabi/10.3.1/thumb/v6-m/nofp/crtbegin.o
 .bss.alarm_callbacks
                0x2000034c       0x10 CMakeFiles/RP2040TOPC98.dir/E_/Users/WillowKoishi/Documents/2040py/C2040/pico-sdk-master/src/rp2_common/hardware_timer/timer.c.obj
 .bss.configured_freq
                0x2000035c       0x28 CMakeFiles/RP2040TOPC98.dir/E_/Users/WillowKoishi/Documents/2040py/C2040/pico-sdk-master/src/rp2_common/hardware_clocks/clocks.c.obj
 .bss.drivers   0x20000384        0x4 CMakeFiles/RP2040TOPC98.dir/E_/Users/WillowKoishi/Documents/2040py/C2040/pico-sdk-master/src/rp2_common/pico_stdio/stdio.c.obj
 .bss.filter    0x20000388        0x4 CMakeFiles/RP2040TOPC98.dir/E_/Users/WillowKoishi/Documents/2040py/C2040/pico-sdk-master/src/rp2_common/pico_stdio/stdio.c.obj
 .bss.lP98KEYS  0x2000038c       0xa0 CMakeFiles/RP2040TOPC98.dir/main.c.obj
                0x2000038c                lP98KEYS
 .bss.lazy_vsnprintf
                0x2000042c        0x4 CMakeFiles/RP2040TOPC98.dir/E_/Users/WillowKoishi/Documents/2040py/C2040/pico-sdk-master/src/rp2_common/pico_printf/printf.c.obj
 .bss.pools     0x20000430       0x10 CMakeFiles/RP2040TOPC98.dir/E_/Users/WillowKoishi/Documents/2040py/C2040/pico-sdk-master/src/common/pico_time/time.c.obj
 .bss.sd_table  0x20000440      0x100 CMakeFiles/RP2040TOPC98.dir/E_/Users/WillowKoishi/Documents/2040py/C2040/pico-sdk-master/src/rp2_common/pico_double/double_init_rom.c.obj
                0x20000440                sd_table
 .bss.sf_clz_func
                0x20000540        0x4 CMakeFiles/RP2040TOPC98.dir/E_/Users/WillowKoishi/Documents/2040py/C2040/pico-sdk-master/src/rp2_common/pico_double/double_init_rom.c.obj
                0x20000540                sf_clz_func
 .bss.sf_table  0x20000544      0x100 CMakeFiles/RP2040TOPC98.dir/E_/Users/WillowKoishi/Documents/2040py/C2040/pico-sdk-master/src/rp2_common/pico_float/float_init_rom.c.obj
                0x20000544                sf_table
 .bss.sleep_notifier
                0x20000644        0x4 CMakeFiles/RP2040TOPC98.dir/E_/Users/WillowKoishi/Documents/2040py/C2040/pico-sdk-master/src/common/pico_time/time.c.obj
 .bss.target_hi
                0x20000648       0x10 CMakeFiles/RP2040TOPC98.dir/E_/Users/WillowKoishi/Documents/2040py/C2040/pico-sdk-master/src/rp2_common/hardware_timer/timer.c.obj
 .bss.uart_char_to_line_feed
                0x20000658        0x4 CMakeFiles/RP2040TOPC98.dir/E_/Users/WillowKoishi/Documents/2040py/C2040/pico-sdk-master/src/rp2_common/hardware_uart/uart.c.obj
                0x20000658                uart_char_to_line_feed
 .bss.claimed   0x2000065c        0x1 CMakeFiles/RP2040TOPC98.dir/E_/Users/WillowKoishi/Documents/2040py/C2040/pico-sdk-master/src/rp2_common/hardware_timer/timer.c.obj
 .bss.default_alarm_pool_entry_ids_high
                0x2000065d       0x10 CMakeFiles/RP2040TOPC98.dir/E_/Users/WillowKoishi/Documents/2040py/C2040/pico-sdk-master/src/common/pico_time/time.c.obj
 .bss.default_alarm_pool_heap_nodes
                0x2000066d       0x30 CMakeFiles/RP2040TOPC98.dir/E_/Users/WillowKoishi/Documents/2040py/C2040/pico-sdk-master/src/common/pico_time/time.c.obj
 .bss.irq_hander_chain_free_slot_head
                0x2000069d        0x1 CMakeFiles/RP2040TOPC98.dir/E_/Users/WillowKoishi/Documents/2040py/C2040/pico-sdk-master/src/rp2_common/hardware_irq/irq.c.obj
 .bss.timer_callbacks_pending
                0x2000069e        0x1 CMakeFiles/RP2040TOPC98.dir/E_/Users/WillowKoishi/Documents/2040py/C2040/pico-sdk-master/src/rp2_common/hardware_timer/timer.c.obj
 *(COMMON)
                0x200006a0                . = ALIGN (0x4)
 *fill*         0x2000069f        0x1 
                0x200006a0                __bss_end__ = .

.heap           0x200006a0      0x800
                0x200006a0                __end__ = .
                0x200006a0                end = __end__
 *(.heap*)
 .heap          0x200006a0      0x800 CMakeFiles/RP2040TOPC98.dir/E_/Users/WillowKoishi/Documents/2040py/C2040/pico-sdk-master/src/rp2_common/pico_standard_link/crt0.S.obj
                0x20000ea0                __HeapLimit = .

.stack1_dummy   0x20040000        0x0
 *(.stack1*)

.stack_dummy    0x20041000      0x800
 *(.stack*)
 .stack         0x20041000      0x800 CMakeFiles/RP2040TOPC98.dir/E_/Users/WillowKoishi/Documents/2040py/C2040/pico-sdk-master/src/rp2_common/pico_standard_link/crt0.S.obj

.flash_end      0x100022f4        0x0
                0x100022f4                __flash_binary_end = .
                0x20040000                __StackLimit = (ORIGIN (RAM) + LENGTH (RAM))
                0x20041000                __StackOneTop = (ORIGIN (SCRATCH_X) + LENGTH (SCRATCH_X))
                0x20042000                __StackTop = (ORIGIN (SCRATCH_Y) + LENGTH (SCRATCH_Y))
                0x20041000                __StackOneBottom = (__StackOneTop - SIZEOF (.stack1_dummy))
                0x20041800                __StackBottom = (__StackTop - SIZEOF (.stack_dummy))
                0x20042000                PROVIDE (__stack = __StackTop)
                0x00000001                ASSERT ((__StackLimit >= __HeapLimit), region RAM overflowed)
                0x00000001                ASSERT (((__binary_info_header_end - __logical_binary_start) <= 0x100), Binary info must be in first 256 bytes of the binary)
LOAD CMakeFiles/RP2040TOPC98.dir/main.c.obj
LOAD CMakeFiles/RP2040TOPC98.dir/E_/Users/WillowKoishi/Documents/2040py/C2040/pico-sdk-master/src/rp2_common/pico_stdlib/stdlib.c.obj
LOAD CMakeFiles/RP2040TOPC98.dir/E_/Users/WillowKoishi/Documents/2040py/C2040/pico-sdk-master/src/rp2_common/hardware_gpio/gpio.c.obj
LOAD CMakeFiles/RP2040TOPC98.dir/E_/Users/WillowKoishi/Documents/2040py/C2040/pico-sdk-master/src/rp2_common/hardware_claim/claim.c.obj
LOAD CMakeFiles/RP2040TOPC98.dir/E_/Users/WillowKoishi/Documents/2040py/C2040/pico-sdk-master/src/rp2_common/pico_platform/platform.c.obj
LOAD CMakeFiles/RP2040TOPC98.dir/E_/Users/WillowKoishi/Documents/2040py/C2040/pico-sdk-master/src/rp2_common/hardware_sync/sync.c.obj
LOAD CMakeFiles/RP2040TOPC98.dir/E_/Users/WillowKoishi/Documents/2040py/C2040/pico-sdk-master/src/rp2_common/hardware_uart/uart.c.obj
LOAD CMakeFiles/RP2040TOPC98.dir/E_/Users/WillowKoishi/Documents/2040py/C2040/pico-sdk-master/src/rp2_common/hardware_divider/divider.S.obj
LOAD CMakeFiles/RP2040TOPC98.dir/E_/Users/WillowKoishi/Documents/2040py/C2040/pico-sdk-master/src/common/pico_time/time.c.obj
LOAD CMakeFiles/RP2040TOPC98.dir/E_/Users/WillowKoishi/Documents/2040py/C2040/pico-sdk-master/src/common/pico_time/timeout_helper.c.obj
LOAD CMakeFiles/RP2040TOPC98.dir/E_/Users/WillowKoishi/Documents/2040py/C2040/pico-sdk-master/src/rp2_common/hardware_timer/timer.c.obj
LOAD CMakeFiles/RP2040TOPC98.dir/E_/Users/WillowKoishi/Documents/2040py/C2040/pico-sdk-master/src/common/pico_sync/sem.c.obj
LOAD CMakeFiles/RP2040TOPC98.dir/E_/Users/WillowKoishi/Documents/2040py/C2040/pico-sdk-master/src/common/pico_sync/lock_core.c.obj
LOAD CMakeFiles/RP2040TOPC98.dir/E_/Users/WillowKoishi/Documents/2040py/C2040/pico-sdk-master/src/common/pico_sync/mutex.c.obj
LOAD CMakeFiles/RP2040TOPC98.dir/E_/Users/WillowKoishi/Documents/2040py/C2040/pico-sdk-master/src/common/pico_sync/critical_section.c.obj
LOAD CMakeFiles/RP2040TOPC98.dir/E_/Users/WillowKoishi/Documents/2040py/C2040/pico-sdk-master/src/common/pico_util/datetime.c.obj
LOAD CMakeFiles/RP2040TOPC98.dir/E_/Users/WillowKoishi/Documents/2040py/C2040/pico-sdk-master/src/common/pico_util/pheap.c.obj
LOAD CMakeFiles/RP2040TOPC98.dir/E_/Users/WillowKoishi/Documents/2040py/C2040/pico-sdk-master/src/common/pico_util/queue.c.obj
LOAD CMakeFiles/RP2040TOPC98.dir/E_/Users/WillowKoishi/Documents/2040py/C2040/pico-sdk-master/src/rp2_common/pico_runtime/runtime.c.obj
LOAD CMakeFiles/RP2040TOPC98.dir/E_/Users/WillowKoishi/Documents/2040py/C2040/pico-sdk-master/src/rp2_common/hardware_clocks/clocks.c.obj
LOAD CMakeFiles/RP2040TOPC98.dir/E_/Users/WillowKoishi/Documents/2040py/C2040/pico-sdk-master/src/rp2_common/hardware_irq/irq.c.obj
LOAD CMakeFiles/RP2040TOPC98.dir/E_/Users/WillowKoishi/Documents/2040py/C2040/pico-sdk-master/src/rp2_common/hardware_irq/irq_handler_chain.S.obj
LOAD CMakeFiles/RP2040TOPC98.dir/E_/Users/WillowKoishi/Documents/2040py/C2040/pico-sdk-master/src/rp2_common/hardware_pll/pll.c.obj
LOAD CMakeFiles/RP2040TOPC98.dir/E_/Users/WillowKoishi/Documents/2040py/C2040/pico-sdk-master/src/rp2_common/hardware_vreg/vreg.c.obj
LOAD CMakeFiles/RP2040TOPC98.dir/E_/Users/WillowKoishi/Documents/2040py/C2040/pico-sdk-master/src/rp2_common/hardware_watchdog/watchdog.c.obj
LOAD CMakeFiles/RP2040TOPC98.dir/E_/Users/WillowKoishi/Documents/2040py/C2040/pico-sdk-master/src/rp2_common/hardware_xosc/xosc.c.obj
LOAD CMakeFiles/RP2040TOPC98.dir/E_/Users/WillowKoishi/Documents/2040py/C2040/pico-sdk-master/src/rp2_common/pico_printf/printf.c.obj
LOAD CMakeFiles/RP2040TOPC98.dir/E_/Users/WillowKoishi/Documents/2040py/C2040/pico-sdk-master/src/rp2_common/pico_bit_ops/bit_ops_aeabi.S.obj
LOAD CMakeFiles/RP2040TOPC98.dir/E_/Users/WillowKoishi/Documents/2040py/C2040/pico-sdk-master/src/rp2_common/pico_bootrom/bootrom.c.obj
LOAD CMakeFiles/RP2040TOPC98.dir/E_/Users/WillowKoishi/Documents/2040py/C2040/pico-sdk-master/src/rp2_common/pico_divider/divider.S.obj
LOAD CMakeFiles/RP2040TOPC98.dir/E_/Users/WillowKoishi/Documents/2040py/C2040/pico-sdk-master/src/rp2_common/pico_double/double_aeabi.S.obj
LOAD CMakeFiles/RP2040TOPC98.dir/E_/Users/WillowKoishi/Documents/2040py/C2040/pico-sdk-master/src/rp2_common/pico_double/double_init_rom.c.obj
LOAD CMakeFiles/RP2040TOPC98.dir/E_/Users/WillowKoishi/Documents/2040py/C2040/pico-sdk-master/src/rp2_common/pico_double/double_math.c.obj
LOAD CMakeFiles/RP2040TOPC98.dir/E_/Users/WillowKoishi/Documents/2040py/C2040/pico-sdk-master/src/rp2_common/pico_double/double_v1_rom_shim.S.obj
LOAD CMakeFiles/RP2040TOPC98.dir/E_/Users/WillowKoishi/Documents/2040py/C2040/pico-sdk-master/src/rp2_common/pico_int64_ops/pico_int64_ops_aeabi.S.obj
LOAD CMakeFiles/RP2040TOPC98.dir/E_/Users/WillowKoishi/Documents/2040py/C2040/pico-sdk-master/src/rp2_common/pico_float/float_aeabi.S.obj
LOAD CMakeFiles/RP2040TOPC98.dir/E_/Users/WillowKoishi/Documents/2040py/C2040/pico-sdk-master/src/rp2_common/pico_float/float_init_rom.c.obj
LOAD CMakeFiles/RP2040TOPC98.dir/E_/Users/WillowKoishi/Documents/2040py/C2040/pico-sdk-master/src/rp2_common/pico_float/float_math.c.obj
LOAD CMakeFiles/RP2040TOPC98.dir/E_/Users/WillowKoishi/Documents/2040py/C2040/pico-sdk-master/src/rp2_common/pico_float/float_v1_rom_shim.S.obj
LOAD CMakeFiles/RP2040TOPC98.dir/E_/Users/WillowKoishi/Documents/2040py/C2040/pico-sdk-master/src/rp2_common/pico_malloc/pico_malloc.c.obj
LOAD CMakeFiles/RP2040TOPC98.dir/E_/Users/WillowKoishi/Documents/2040py/C2040/pico-sdk-master/src/rp2_common/pico_mem_ops/mem_ops_aeabi.S.obj
LOAD CMakeFiles/RP2040TOPC98.dir/E_/Users/WillowKoishi/Documents/2040py/C2040/pico-sdk-master/src/rp2_common/pico_standard_link/crt0.S.obj
LOAD CMakeFiles/RP2040TOPC98.dir/E_/Users/WillowKoishi/Documents/2040py/C2040/pico-sdk-master/src/rp2_common/pico_standard_link/new_delete.cpp.obj
LOAD CMakeFiles/RP2040TOPC98.dir/E_/Users/WillowKoishi/Documents/2040py/C2040/pico-sdk-master/src/rp2_common/pico_standard_link/binary_info.c.obj
LOAD CMakeFiles/RP2040TOPC98.dir/E_/Users/WillowKoishi/Documents/2040py/C2040/pico-sdk-master/src/rp2_common/pico_stdio/stdio.c.obj
LOAD CMakeFiles/RP2040TOPC98.dir/E_/Users/WillowKoishi/Documents/2040py/C2040/pico-sdk-master/src/rp2_common/pico_stdio_uart/stdio_uart.c.obj
LOAD C:\Users\WILLOW~1\AppData\Local\Temp\ccKv5BDt.o
LOAD d:/progra~2/gnuarm~1/102021~1.10/bin/../lib/gcc/arm-none-eabi/10.3.1/../../../../arm-none-eabi/lib/thumb/v6-m/nofp\libstdc++.a
LOAD d:/progra~2/gnuarm~1/102021~1.10/bin/../lib/gcc/arm-none-eabi/10.3.1/../../../../arm-none-eabi/lib/thumb/v6-m/nofp\libm.a
START GROUP
LOAD d:/progra~2/gnuarm~1/102021~1.10/bin/../lib/gcc/arm-none-eabi/10.3.1/thumb/v6-m/nofp\libgcc.a
LOAD d:/progra~2/gnuarm~1/102021~1.10/bin/../lib/gcc/arm-none-eabi/10.3.1/../../../../arm-none-eabi/lib/thumb/v6-m/nofp\libc.a
END GROUP
START GROUP
LOAD d:/progra~2/gnuarm~1/102021~1.10/bin/../lib/gcc/arm-none-eabi/10.3.1/thumb/v6-m/nofp\libgcc.a
LOAD d:/progra~2/gnuarm~1/102021~1.10/bin/../lib/gcc/arm-none-eabi/10.3.1/../../../../arm-none-eabi/lib/thumb/v6-m/nofp\libc.a
LOAD d:/progra~2/gnuarm~1/102021~1.10/bin/../lib/gcc/arm-none-eabi/10.3.1/../../../../arm-none-eabi/lib/thumb/v6-m/nofp\libnosys.a
END GROUP
LOAD d:/progra~2/gnuarm~1/102021~1.10/bin/../lib/gcc/arm-none-eabi/10.3.1/thumb/v6-m/nofp/crtend.o
LOAD d:/progra~2/gnuarm~1/102021~1.10/bin/../lib/gcc/arm-none-eabi/10.3.1/thumb/v6-m/nofp/crtn.o
OUTPUT(RP2040TOPC98.elf elf32-littlearm)
LOAD linker stubs

.ARM.attributes
                0x00000000       0x28
 .ARM.attributes
                0x00000000       0x1e d:/progra~2/gnuarm~1/102021~1.10/bin/../lib/gcc/arm-none-eabi/10.3.1/thumb/v6-m/nofp/crti.o
 .ARM.attributes
                0x0000001e       0x2c d:/progra~2/gnuarm~1/102021~1.10/bin/../lib/gcc/arm-none-eabi/10.3.1/thumb/v6-m/nofp/crtbegin.o
 .ARM.attributes
                0x0000004a       0x2c CMakeFiles/RP2040TOPC98.dir/main.c.obj
 .ARM.attributes
                0x00000076       0x2c CMakeFiles/RP2040TOPC98.dir/E_/Users/WillowKoishi/Documents/2040py/C2040/pico-sdk-master/src/rp2_common/hardware_gpio/gpio.c.obj
 .ARM.attributes
                0x000000a2       0x2c CMakeFiles/RP2040TOPC98.dir/E_/Users/WillowKoishi/Documents/2040py/C2040/pico-sdk-master/src/rp2_common/hardware_claim/claim.c.obj
 .ARM.attributes
                0x000000ce       0x2c CMakeFiles/RP2040TOPC98.dir/E_/Users/WillowKoishi/Documents/2040py/C2040/pico-sdk-master/src/rp2_common/pico_platform/platform.c.obj
 .ARM.attributes
                0x000000fa       0x2c CMakeFiles/RP2040TOPC98.dir/E_/Users/WillowKoishi/Documents/2040py/C2040/pico-sdk-master/src/rp2_common/hardware_sync/sync.c.obj
 .ARM.attributes
                0x00000126       0x2c CMakeFiles/RP2040TOPC98.dir/E_/Users/WillowKoishi/Documents/2040py/C2040/pico-sdk-master/src/rp2_common/hardware_uart/uart.c.obj
 .ARM.attributes
                0x00000152       0x2c CMakeFiles/RP2040TOPC98.dir/E_/Users/WillowKoishi/Documents/2040py/C2040/pico-sdk-master/src/common/pico_time/time.c.obj
 .ARM.attributes
                0x0000017e       0x2c CMakeFiles/RP2040TOPC98.dir/E_/Users/WillowKoishi/Documents/2040py/C2040/pico-sdk-master/src/rp2_common/hardware_timer/timer.c.obj
 .ARM.attributes
                0x000001aa       0x2c CMakeFiles/RP2040TOPC98.dir/E_/Users/WillowKoishi/Documents/2040py/C2040/pico-sdk-master/src/common/pico_sync/lock_core.c.obj
 .ARM.attributes
                0x000001d6       0x2c CMakeFiles/RP2040TOPC98.dir/E_/Users/WillowKoishi/Documents/2040py/C2040/pico-sdk-master/src/common/pico_sync/mutex.c.obj
 .ARM.attributes
                0x00000202       0x2c CMakeFiles/RP2040TOPC98.dir/E_/Users/WillowKoishi/Documents/2040py/C2040/pico-sdk-master/src/common/pico_util/pheap.c.obj
 .ARM.attributes
                0x0000022e       0x2c CMakeFiles/RP2040TOPC98.dir/E_/Users/WillowKoishi/Documents/2040py/C2040/pico-sdk-master/src/rp2_common/pico_runtime/runtime.c.obj
 .ARM.attributes
                0x0000025a       0x2c CMakeFiles/RP2040TOPC98.dir/E_/Users/WillowKoishi/Documents/2040py/C2040/pico-sdk-master/src/rp2_common/hardware_clocks/clocks.c.obj
 .ARM.attributes
                0x00000286       0x2c CMakeFiles/RP2040TOPC98.dir/E_/Users/WillowKoishi/Documents/2040py/C2040/pico-sdk-master/src/rp2_common/hardware_irq/irq.c.obj
 .ARM.attributes
                0x000002b2       0x22 CMakeFiles/RP2040TOPC98.dir/E_/Users/WillowKoishi/Documents/2040py/C2040/pico-sdk-master/src/rp2_common/hardware_irq/irq_handler_chain.S.obj
 .ARM.attributes
                0x000002d4       0x2c CMakeFiles/RP2040TOPC98.dir/E_/Users/WillowKoishi/Documents/2040py/C2040/pico-sdk-master/src/rp2_common/hardware_pll/pll.c.obj
 .ARM.attributes
                0x00000300       0x2c CMakeFiles/RP2040TOPC98.dir/E_/Users/WillowKoishi/Documents/2040py/C2040/pico-sdk-master/src/rp2_common/hardware_watchdog/watchdog.c.obj
 .ARM.attributes
                0x0000032c       0x2c CMakeFiles/RP2040TOPC98.dir/E_/Users/WillowKoishi/Documents/2040py/C2040/pico-sdk-master/src/rp2_common/hardware_xosc/xosc.c.obj
 .ARM.attributes
                0x00000358       0x2c CMakeFiles/RP2040TOPC98.dir/E_/Users/WillowKoishi/Documents/2040py/C2040/pico-sdk-master/src/rp2_common/pico_printf/printf.c.obj
 .ARM.attributes
                0x00000384       0x22 CMakeFiles/RP2040TOPC98.dir/E_/Users/WillowKoishi/Documents/2040py/C2040/pico-sdk-master/src/rp2_common/pico_bit_ops/bit_ops_aeabi.S.obj
 .ARM.attributes
                0x000003a6       0x2c CMakeFiles/RP2040TOPC98.dir/E_/Users/WillowKoishi/Documents/2040py/C2040/pico-sdk-master/src/rp2_common/pico_bootrom/bootrom.c.obj
 .ARM.attributes
                0x000003d2       0x22 CMakeFiles/RP2040TOPC98.dir/E_/Users/WillowKoishi/Documents/2040py/C2040/pico-sdk-master/src/rp2_common/pico_divider/divider.S.obj
 .ARM.attributes
                0x000003f4       0x22 CMakeFiles/RP2040TOPC98.dir/E_/Users/WillowKoishi/Documents/2040py/C2040/pico-sdk-master/src/rp2_common/pico_double/double_aeabi.S.obj
 .ARM.attributes
                0x00000416       0x2c CMakeFiles/RP2040TOPC98.dir/E_/Users/WillowKoishi/Documents/2040py/C2040/pico-sdk-master/src/rp2_common/pico_double/double_init_rom.c.obj
 .ARM.attributes
                0x00000442       0x22 CMakeFiles/RP2040TOPC98.dir/E_/Users/WillowKoishi/Documents/2040py/C2040/pico-sdk-master/src/rp2_common/pico_double/double_v1_rom_shim.S.obj
 .ARM.attributes
                0x00000464       0x22 CMakeFiles/RP2040TOPC98.dir/E_/Users/WillowKoishi/Documents/2040py/C2040/pico-sdk-master/src/rp2_common/pico_int64_ops/pico_int64_ops_aeabi.S.obj
 .ARM.attributes
                0x00000486       0x22 CMakeFiles/RP2040TOPC98.dir/E_/Users/WillowKoishi/Documents/2040py/C2040/pico-sdk-master/src/rp2_common/pico_float/float_aeabi.S.obj
 .ARM.attributes
                0x000004a8       0x2c CMakeFiles/RP2040TOPC98.dir/E_/Users/WillowKoishi/Documents/2040py/C2040/pico-sdk-master/src/rp2_common/pico_float/float_init_rom.c.obj
 .ARM.attributes
                0x000004d4       0x22 CMakeFiles/RP2040TOPC98.dir/E_/Users/WillowKoishi/Documents/2040py/C2040/pico-sdk-master/src/rp2_common/pico_float/float_v1_rom_shim.S.obj
 .ARM.attributes
                0x000004f6       0x22 CMakeFiles/RP2040TOPC98.dir/E_/Users/WillowKoishi/Documents/2040py/C2040/pico-sdk-master/src/rp2_common/pico_mem_ops/mem_ops_aeabi.S.obj
 .ARM.attributes
                0x00000518       0x22 CMakeFiles/RP2040TOPC98.dir/E_/Users/WillowKoishi/Documents/2040py/C2040/pico-sdk-master/src/rp2_common/pico_standard_link/crt0.S.obj
 .ARM.attributes
                0x0000053a       0x2c CMakeFiles/RP2040TOPC98.dir/E_/Users/WillowKoishi/Documents/2040py/C2040/pico-sdk-master/src/rp2_common/pico_standard_link/binary_info.c.obj
 .ARM.attributes
                0x00000566       0x2c CMakeFiles/RP2040TOPC98.dir/E_/Users/WillowKoishi/Documents/2040py/C2040/pico-sdk-master/src/rp2_common/pico_stdio/stdio.c.obj
 .ARM.attributes
                0x00000592       0x22 C:\Users\WILLOW~1\AppData\Local\Temp\ccKv5BDt.o
 .ARM.attributes
                0x000005b4       0x1e d:/progra~2/gnuarm~1/102021~1.10/bin/../lib/gcc/arm-none-eabi/10.3.1/thumb/v6-m/nofp\libgcc.a(_dvmd_tls.o)
 .ARM.attributes
                0x000005d2       0x2c d:/progra~2/gnuarm~1/102021~1.10/bin/../lib/gcc/arm-none-eabi/10.3.1/../../../../arm-none-eabi/lib/thumb/v6-m/nofp\libc.a(lib_a-strlen-stub.o)

.comment        0x00000000       0x49
 .comment       0x00000000       0x49 CMakeFiles/RP2040TOPC98.dir/main.c.obj
                                 0x4a (size before relaxing)
 .comment       0x00000049       0x4a CMakeFiles/RP2040TOPC98.dir/E_/Users/WillowKoishi/Documents/2040py/C2040/pico-sdk-master/src/rp2_common/hardware_gpio/gpio.c.obj
 .comment       0x00000049       0x4a CMakeFiles/RP2040TOPC98.dir/E_/Users/WillowKoishi/Documents/2040py/C2040/pico-sdk-master/src/rp2_common/hardware_claim/claim.c.obj
 .comment       0x00000049       0x4a CMakeFiles/RP2040TOPC98.dir/E_/Users/WillowKoishi/Documents/2040py/C2040/pico-sdk-master/src/rp2_common/pico_platform/platform.c.obj
 .comment       0x00000049       0x4a CMakeFiles/RP2040TOPC98.dir/E_/Users/WillowKoishi/Documents/2040py/C2040/pico-sdk-master/src/rp2_common/hardware_sync/sync.c.obj
 .comment       0x00000049       0x4a CMakeFiles/RP2040TOPC98.dir/E_/Users/WillowKoishi/Documents/2040py/C2040/pico-sdk-master/src/rp2_common/hardware_uart/uart.c.obj
 .comment       0x00000049       0x4a CMakeFiles/RP2040TOPC98.dir/E_/Users/WillowKoishi/Documents/2040py/C2040/pico-sdk-master/src/common/pico_time/time.c.obj
 .comment       0x00000049       0x4a CMakeFiles/RP2040TOPC98.dir/E_/Users/WillowKoishi/Documents/2040py/C2040/pico-sdk-master/src/rp2_common/hardware_timer/timer.c.obj
 .comment       0x00000049       0x4a CMakeFiles/RP2040TOPC98.dir/E_/Users/WillowKoishi/Documents/2040py/C2040/pico-sdk-master/src/common/pico_sync/lock_core.c.obj
 .comment       0x00000049       0x4a CMakeFiles/RP2040TOPC98.dir/E_/Users/WillowKoishi/Documents/2040py/C2040/pico-sdk-master/src/common/pico_sync/mutex.c.obj
 .comment       0x00000049       0x4a CMakeFiles/RP2040TOPC98.dir/E_/Users/WillowKoishi/Documents/2040py/C2040/pico-sdk-master/src/common/pico_util/pheap.c.obj
 .comment       0x00000049       0x4a CMakeFiles/RP2040TOPC98.dir/E_/Users/WillowKoishi/Documents/2040py/C2040/pico-sdk-master/src/rp2_common/pico_runtime/runtime.c.obj
 .comment       0x00000049       0x4a CMakeFiles/RP2040TOPC98.dir/E_/Users/WillowKoishi/Documents/2040py/C2040/pico-sdk-master/src/rp2_common/hardware_clocks/clocks.c.obj
 .comment       0x00000049       0x4a CMakeFiles/RP2040TOPC98.dir/E_/Users/WillowKoishi/Documents/2040py/C2040/pico-sdk-master/src/rp2_common/hardware_irq/irq.c.obj
 .comment       0x00000049       0x4a CMakeFiles/RP2040TOPC98.dir/E_/Users/WillowKoishi/Documents/2040py/C2040/pico-sdk-master/src/rp2_common/hardware_pll/pll.c.obj
 .comment       0x00000049       0x4a CMakeFiles/RP2040TOPC98.dir/E_/Users/WillowKoishi/Documents/2040py/C2040/pico-sdk-master/src/rp2_common/hardware_watchdog/watchdog.c.obj
 .comment       0x00000049       0x4a CMakeFiles/RP2040TOPC98.dir/E_/Users/WillowKoishi/Documents/2040py/C2040/pico-sdk-master/src/rp2_common/hardware_xosc/xosc.c.obj
 .comment       0x00000049       0x4a CMakeFiles/RP2040TOPC98.dir/E_/Users/WillowKoishi/Documents/2040py/C2040/pico-sdk-master/src/rp2_common/pico_printf/printf.c.obj
 .comment       0x00000049       0x4a CMakeFiles/RP2040TOPC98.dir/E_/Users/WillowKoishi/Documents/2040py/C2040/pico-sdk-master/src/rp2_common/pico_bootrom/bootrom.c.obj
 .comment       0x00000049       0x4a CMakeFiles/RP2040TOPC98.dir/E_/Users/WillowKoishi/Documents/2040py/C2040/pico-sdk-master/src/rp2_common/pico_double/double_init_rom.c.obj
 .comment       0x00000049       0x4a CMakeFiles/RP2040TOPC98.dir/E_/Users/WillowKoishi/Documents/2040py/C2040/pico-sdk-master/src/rp2_common/pico_float/float_init_rom.c.obj
 .comment       0x00000049       0x4a CMakeFiles/RP2040TOPC98.dir/E_/Users/WillowKoishi/Documents/2040py/C2040/pico-sdk-master/src/rp2_common/pico_standard_link/binary_info.c.obj
 .comment       0x00000049       0x4a CMakeFiles/RP2040TOPC98.dir/E_/Users/WillowKoishi/Documents/2040py/C2040/pico-sdk-master/src/rp2_common/pico_stdio/stdio.c.obj

.debug_frame    0x00000000       0x28
 .debug_frame   0x00000000       0x28 d:/progra~2/gnuarm~1/102021~1.10/bin/../lib/gcc/arm-none-eabi/10.3.1/../../../../arm-none-eabi/lib/thumb/v6-m/nofp\libc.a(lib_a-strlen-stub.o)
