Archive member included to satisfy reference by file (symbol)

d:/progra~2/gnuarm~1/102021~1.10/bin/../lib/gcc/arm-none-eabi/10.3.1/thumb/v6-m/nofp\libgcc.a(_dvmd_tls.o)
                              CMakeFiles/RP2040TOPC98.dir/E_/Users/WillowKoishi/Documents/2040py/C2040/pico-sdk-master/src/rp2_common/pico_divider/divider.S.obj (__aeabi_idiv0)
d:/progra~2/gnuarm~1/102021~1.10/bin/../lib/gcc/arm-none-eabi/10.3.1/../../../../arm-none-eabi/lib/thumb/v6-m/nofp\libg.a(lib_a-calloc.o)
                              CMakeFiles/RP2040TOPC98.dir/E_/Users/WillowKoishi/Documents/2040py/C2040/pico-sdk-master/src/rp2_common/pico_malloc/pico_malloc.c.obj (calloc)
d:/progra~2/gnuarm~1/102021~1.10/bin/../lib/gcc/arm-none-eabi/10.3.1/../../../../arm-none-eabi/lib/thumb/v6-m/nofp\libg.a(lib_a-callocr.o)
                              d:/progra~2/gnuarm~1/102021~1.10/bin/../lib/gcc/arm-none-eabi/10.3.1/../../../../arm-none-eabi/lib/thumb/v6-m/nofp\libg.a(lib_a-calloc.o) (_calloc_r)
d:/progra~2/gnuarm~1/102021~1.10/bin/../lib/gcc/arm-none-eabi/10.3.1/../../../../arm-none-eabi/lib/thumb/v6-m/nofp\libg.a(lib_a-errno.o)
                              d:/progra~2/gnuarm~1/102021~1.10/bin/../lib/gcc/arm-none-eabi/10.3.1/../../../../arm-none-eabi/lib/thumb/v6-m/nofp\libg.a(lib_a-callocr.o) (__errno)
d:/progra~2/gnuarm~1/102021~1.10/bin/../lib/gcc/arm-none-eabi/10.3.1/../../../../arm-none-eabi/lib/thumb/v6-m/nofp\libg.a(lib_a-impure.o)
                              d:/progra~2/gnuarm~1/102021~1.10/bin/../lib/gcc/arm-none-eabi/10.3.1/../../../../arm-none-eabi/lib/thumb/v6-m/nofp\libg.a(lib_a-calloc.o) (_impure_ptr)
d:/progra~2/gnuarm~1/102021~1.10/bin/../lib/gcc/arm-none-eabi/10.3.1/../../../../arm-none-eabi/lib/thumb/v6-m/nofp\libg.a(lib_a-init.o)
                              d:/progra~2/gnuarm~1/102021~1.10/bin/../lib/gcc/arm-none-eabi/10.3.1/../../../../arm-none-eabi/lib/thumb/v6-m/nofp/crt0.o (__libc_init_array)
d:/progra~2/gnuarm~1/102021~1.10/bin/../lib/gcc/arm-none-eabi/10.3.1/../../../../arm-none-eabi/lib/thumb/v6-m/nofp\libg.a(lib_a-malloc.o)
                              CMakeFiles/RP2040TOPC98.dir/E_/Users/WillowKoishi/Documents/2040py/C2040/pico-sdk-master/src/rp2_common/pico_malloc/pico_malloc.c.obj (malloc)
d:/progra~2/gnuarm~1/102021~1.10/bin/../lib/gcc/arm-none-eabi/10.3.1/../../../../arm-none-eabi/lib/thumb/v6-m/nofp\libg.a(lib_a-mallocr.o)
                              d:/progra~2/gnuarm~1/102021~1.10/bin/../lib/gcc/arm-none-eabi/10.3.1/../../../../arm-none-eabi/lib/thumb/v6-m/nofp\libg.a(lib_a-callocr.o) (_malloc_r)
d:/progra~2/gnuarm~1/102021~1.10/bin/../lib/gcc/arm-none-eabi/10.3.1/../../../../arm-none-eabi/lib/thumb/v6-m/nofp\libg.a(lib_a-mlock.o)
                              d:/progra~2/gnuarm~1/102021~1.10/bin/../lib/gcc/arm-none-eabi/10.3.1/../../../../arm-none-eabi/lib/thumb/v6-m/nofp\libg.a(lib_a-mallocr.o) (__malloc_lock)
d:/progra~2/gnuarm~1/102021~1.10/bin/../lib/gcc/arm-none-eabi/10.3.1/../../../../arm-none-eabi/lib/thumb/v6-m/nofp\libg.a(lib_a-sbrkr.o)
                              d:/progra~2/gnuarm~1/102021~1.10/bin/../lib/gcc/arm-none-eabi/10.3.1/../../../../arm-none-eabi/lib/thumb/v6-m/nofp\libg.a(lib_a-mallocr.o) (_sbrk_r)
d:/progra~2/gnuarm~1/102021~1.10/bin/../lib/gcc/arm-none-eabi/10.3.1/../../../../arm-none-eabi/lib/thumb/v6-m/nofp\libg.a(lib_a-strlen-stub.o)
                              CMakeFiles/RP2040TOPC98.dir/E_/Users/WillowKoishi/Documents/2040py/C2040/pico-sdk-master/src/rp2_common/pico_stdio/stdio.c.obj (strlen)
d:/progra~2/gnuarm~1/102021~1.10/bin/../lib/gcc/arm-none-eabi/10.3.1/../../../../arm-none-eabi/lib/thumb/v6-m/nofp\libg.a(lib_a-freer.o)
                              d:/progra~2/gnuarm~1/102021~1.10/bin/../lib/gcc/arm-none-eabi/10.3.1/../../../../arm-none-eabi/lib/thumb/v6-m/nofp\libg.a(lib_a-malloc.o) (_free_r)
d:/progra~2/gnuarm~1/102021~1.10/bin/../lib/gcc/arm-none-eabi/10.3.1/../../../../arm-none-eabi/lib/thumb/v6-m/nofp\libg.a(lib_a-lock.o)
                              d:/progra~2/gnuarm~1/102021~1.10/bin/../lib/gcc/arm-none-eabi/10.3.1/../../../../arm-none-eabi/lib/thumb/v6-m/nofp\libg.a(lib_a-mlock.o) (__retarget_lock_acquire_recursive)
d:/progra~2/gnuarm~1/102021~1.10/bin/../lib/gcc/arm-none-eabi/10.3.1/../../../../arm-none-eabi/lib/thumb/v6-m/nofp\libg.a(lib_a-reent.o)
                              d:/progra~2/gnuarm~1/102021~1.10/bin/../lib/gcc/arm-none-eabi/10.3.1/../../../../arm-none-eabi/lib/thumb/v6-m/nofp\libg.a(lib_a-sbrkr.o) (errno)

Discarded input sections

 .text          0x00000000        0x0 d:/progra~2/gnuarm~1/102021~1.10/bin/../lib/gcc/arm-none-eabi/10.3.1/thumb/v6-m/nofp/crti.o
 .data          0x00000000        0x0 d:/progra~2/gnuarm~1/102021~1.10/bin/../lib/gcc/arm-none-eabi/10.3.1/thumb/v6-m/nofp/crti.o
 .bss           0x00000000        0x0 d:/progra~2/gnuarm~1/102021~1.10/bin/../lib/gcc/arm-none-eabi/10.3.1/thumb/v6-m/nofp/crti.o
[...]
Memory Configuration

Name             Origin             Length             Attributes
FLASH            0x10000000         0x00200000         xr
RAM              0x20000000         0x00040000         xrw
SCRATCH_X        0x20040000         0x00001000         xrw
SCRATCH_Y        0x20041000         0x00001000         xrw
*default*        0x00000000         0xffffffff

Linker script and memory map

LOAD d:/progra~2/gnuarm~1/102021~1.10/bin/../lib/gcc/arm-none-eabi/10.3.1/thumb/v6-m/nofp/crti.o
LOAD d:/progra~2/gnuarm~1/102021~1.10/bin/../lib/gcc/arm-none-eabi/10.3.1/thumb/v6-m/nofp/crtbegin.o
LOAD d:/progra~2/gnuarm~1/102021~1.10/bin/../lib/gcc/arm-none-eabi/10.3.1/../../../../arm-none-eabi/lib/thumb/v6-m/nofp/crt0.o

.flash_begin    0x10000000        0x0
                0x10000000                __flash_binary_start = .

.boot2          0x10000000      0x100
                0x10000000                __boot2_start__ = .
 *(.boot2)
 .boot2         0x10000000      0x100 C:\Users\WILLOW~1\AppData\Local\Temp\ccOfd1xR.o
                0x10000100                __boot2_end__ = .
                0x00000001                ASSERT (((__boot2_end__ - __boot2_start__) == 0x100), ERROR: Pico second stage bootloader must be 256 bytes in size)

.text           0x10000100     0x4478
                0x10000100                __logical_binary_start = .
 *(.vectors)
 .vectors       0x10000100       0xd4 CMakeFiles/RP2040TOPC98.dir/E_/Users/WillowKoishi/Documents/2040py/C2040/pico-sdk-master/src/rp2_common/pico_standard_link/crt0.S.obj
                0x10000100                __VECTOR_TABLE
                0x10000100                __vectors
                0x100001c0                isr_invalid
                0x100001c0                __default_isrs_start
                0x100001c2                isr_nmi
                0x100001c4                isr_hardfault
                0x100001c6                isr_svcall
                0x100001c8                isr_pendsv
                0x100001ca                isr_systick
                0x100001cc                isr_irq23
                0x100001cc                isr_irq18
                0x100001cc                isr_irq11
                0x100001cc                isr_irq28
                0x100001cc                isr_irq19
                0x100001cc                isr_irq0
                0x100001cc                isr_irq6
                0x100001cc                isr_irq5
                0x100001cc                isr_irq12
                0x100001cc                isr_irq22
                0x100001cc                isr_irq31
                0x100001cc                isr_irq17
                0x100001cc                isr_irq27
                0x100001cc                isr_irq30
                0x100001cc                isr_irq2
                0x100001cc                isr_irq10
                0x100001cc                isr_irq8
                0x100001cc                isr_irq24
                0x100001cc                isr_irq1
                0x100001cc                isr_irq7
                0x100001cc                isr_irq21
                0x100001cc                isr_irq20
                0x100001cc                isr_irq15
                0x100001cc                isr_irq25
                0x100001cc                isr_irq13
                0x100001cc                __unhandled_user_irq
                0x100001cc                isr_irq4
                0x100001cc                isr_irq16
                0x100001cc                isr_irq29
                0x100001cc                isr_irq26
                0x100001cc                __default_isrs_end
                0x100001cc                isr_irq3
                0x100001cc                isr_irq14
                0x100001cc                isr_irq9
                0x100001d2                unhandled_user_irq_num_in_r0
 *(.binary_info_header)
 .binary_info_header
                0x100001d4       0x14 CMakeFiles/RP2040TOPC98.dir/E_/Users/WillowKoishi/Documents/2040py/C2040/pico-sdk-master/src/rp2_common/pico_standard_link/crt0.S.obj
                0x100001e8                __binary_info_header_end = .
 *(.reset)
 .reset         0x100001e8       0xa8 CMakeFiles/RP2040TOPC98.dir/E_/Users/WillowKoishi/Documents/2040py/C2040/pico-sdk-master/src/rp2_common/pico_standard_link/crt0.S.obj
                0x100001e8                _entry_point
                0x10000266                __get_current_exception
 .reset         0x10000290       0x30 CMakeFiles/RP2040TOPC98.dir/E_/Users/WillowKoishi/Documents/2040py/C2040/pico-sdk-master/src/rp2_common/pico_standard_link/binary_info.c.obj
 *(.init)
 .init          0x100002c0        0x4 d:/progra~2/gnuarm~1/102021~1.10/bin/../lib/gcc/arm-none-eabi/10.3.1/thumb/v6-m/nofp/crti.o
                0x100002c0                _init
 *(EXCLUDE_FILE(*libm.a: *libc.a:*lib_a-mem*.o *libgcc.a:) .text*)
 .text          0x100002c4       0x48 d:/progra~2/gnuarm~1/102021~1.10/bin/../lib/gcc/arm-none-eabi/10.3.1/thumb/v6-m/nofp/crtbegin.o
 .text.setS98Keys
                0x1000030c       0x30 CMakeFiles/RP2040TOPC98.dir/main.c.obj
                0x1000030c                setS98Keys
 .text.init_keys
                0x1000033c       0x68 CMakeFiles/RP2040TOPC98.dir/main.c.obj
                0x1000033c                init_keys
 .text.send98   0x100003a4       0x64 CMakeFiles/RP2040TOPC98.dir/main.c.obj
                0x100003a4                send98
 .text.board_millis
                0x10000408       0x3c CMakeFiles/RP2040TOPC98.dir/main.c.obj
                0x10000408                board_millis
 .text.pushing  0x10000444      0x1a8 CMakeFiles/RP2040TOPC98.dir/main.c.obj
                0x10000444                pushing
 .text.main     0x100005ec       0xa4 CMakeFiles/RP2040TOPC98.dir/main.c.obj
                0x100005ec                main
 .text.gpio_set_function
                0x10000690       0x30 CMakeFiles/RP2040TOPC98.dir/E_/Users/WillowKoishi/Documents/2040py/C2040/pico-sdk-master/src/rp2_common/hardware_gpio/gpio.c.obj
                0x10000690                gpio_set_function
 .text.gpio_set_pulls
                0x100006c0       0x34 CMakeFiles/RP2040TOPC98.dir/E_/Users/WillowKoishi/Documents/2040py/C2040/pico-sdk-master/src/rp2_common/hardware_gpio/gpio.c.obj
                0x100006c0                gpio_set_pulls
 .text.gpio_init
                0x100006f4       0x16 CMakeFiles/RP2040TOPC98.dir/E_/Users/WillowKoishi/Documents/2040py/C2040/pico-sdk-master/src/rp2_common/hardware_gpio/gpio.c.obj
                0x100006f4                gpio_init
 *fill*         0x1000070a        0x2 
 .text.hw_claim_lock
                0x1000070c       0x18 CMakeFiles/RP2040TOPC98.dir/E_/Users/WillowKoishi/Documents/2040py/C2040/pico-sdk-master/src/rp2_common/hardware_claim/claim.c.obj
                0x1000070c                hw_claim_lock
 .text.hw_claim_unlock
                0x10000724       0x14 CMakeFiles/RP2040TOPC98.dir/E_/Users/WillowKoishi/Documents/2040py/C2040/pico-sdk-master/src/rp2_common/hardware_claim/claim.c.obj
                0x10000724                hw_claim_unlock
 .text.hw_claim_or_assert
                0x10000738       0x32 CMakeFiles/RP2040TOPC98.dir/E_/Users/WillowKoishi/Documents/2040py/C2040/pico-sdk-master/src/rp2_common/hardware_claim/claim.c.obj
                0x10000738                hw_claim_or_assert
 *fill*         0x1000076a        0x2 
 .text.running_on_fpga
                0x1000076c       0x14 CMakeFiles/RP2040TOPC98.dir/E_/Users/WillowKoishi/Documents/2040py/C2040/pico-sdk-master/src/rp2_common/pico_platform/platform.c.obj
                0x1000076c                running_on_fpga
 .text.spin_locks_reset
                0x10000780       0x20 CMakeFiles/RP2040TOPC98.dir/E_/Users/WillowKoishi/Documents/2040py/C2040/pico-sdk-master/src/rp2_common/hardware_sync/sync.c.obj
                0x10000780                spin_locks_reset
 .text.next_striped_spin_lock_num
                0x100007a0       0x1c CMakeFiles/RP2040TOPC98.dir/E_/Users/WillowKoishi/Documents/2040py/C2040/pico-sdk-master/src/rp2_common/hardware_sync/sync.c.obj
                0x100007a0                next_striped_spin_lock_num
 .text.uart_set_baudrate
                0x100007bc       0x5c CMakeFiles/RP2040TOPC98.dir/E_/Users/WillowKoishi/Documents/2040py/C2040/pico-sdk-master/src/rp2_common/hardware_uart/uart.c.obj
                0x100007bc                uart_set_baudrate
 .text.uart_set_translate_crlf
                0x10000818       0x28 CMakeFiles/RP2040TOPC98.dir/E_/Users/WillowKoishi/Documents/2040py/C2040/pico-sdk-master/src/rp2_common/hardware_uart/uart.c.obj
                0x10000818                uart_set_translate_crlf
 .text.uart_init
                0x10000840       0x80 CMakeFiles/RP2040TOPC98.dir/E_/Users/WillowKoishi/Documents/2040py/C2040/pico-sdk-master/src/rp2_common/hardware_uart/uart.c.obj
                0x10000840                uart_init
 .text.alarm_pool_post_alloc_init
                0x100008c0       0x40 CMakeFiles/RP2040TOPC98.dir/E_/Users/WillowKoishi/Documents/2040py/C2040/pico-sdk-master/src/common/pico_time/time.c.obj
 .text.sleep_until_callback
                0x10000900       0x30 CMakeFiles/RP2040TOPC98.dir/E_/Users/WillowKoishi/Documents/2040py/C2040/pico-sdk-master/src/common/pico_time/time.c.obj
 .text.timer_pool_entry_comparator
                0x10000930       0x7c CMakeFiles/RP2040TOPC98.dir/E_/Users/WillowKoishi/Documents/2040py/C2040/pico-sdk-master/src/common/pico_time/time.c.obj
                0x10000930                timer_pool_entry_comparator
 .text.ph_add_child_node
                0x100009ac       0xa4 CMakeFiles/RP2040TOPC98.dir/E_/Users/WillowKoishi/Documents/2040py/C2040/pico-sdk-master/src/common/pico_time/time.c.obj
 .text.ph_merge_nodes
                0x10000a50       0x3e CMakeFiles/RP2040TOPC98.dir/E_/Users/WillowKoishi/Documents/2040py/C2040/pico-sdk-master/src/common/pico_time/time.c.obj
 *fill*         0x10000a8e        0x2 
 .text.add_alarm_under_lock
                0x10000a90      0x174 CMakeFiles/RP2040TOPC98.dir/E_/Users/WillowKoishi/Documents/2040py/C2040/pico-sdk-master/src/common/pico_time/time.c.obj
 .text.alarm_pool_alarm_callback
                0x10000c04      0x328 CMakeFiles/RP2040TOPC98.dir/E_/Users/WillowKoishi/Documents/2040py/C2040/pico-sdk-master/src/common/pico_time/time.c.obj
 .text.alarm_pool_init_default
                0x10000f2c       0x38 CMakeFiles/RP2040TOPC98.dir/E_/Users/WillowKoishi/Documents/2040py/C2040/pico-sdk-master/src/common/pico_time/time.c.obj
                0x10000f2c                alarm_pool_init_default
 .text.alarm_pool_get_default
                0x10000f64       0x2c CMakeFiles/RP2040TOPC98.dir/E_/Users/WillowKoishi/Documents/2040py/C2040/pico-sdk-master/src/common/pico_time/time.c.obj
                0x10000f64                alarm_pool_get_default
 .text.alarm_pool_add_alarm_at
                0x10000f90      0x170 CMakeFiles/RP2040TOPC98.dir/E_/Users/WillowKoishi/Documents/2040py/C2040/pico-sdk-master/src/common/pico_time/time.c.obj
                0x10000f90                alarm_pool_add_alarm_at
 .text.sleep_until
                0x10001100       0xfc CMakeFiles/RP2040TOPC98.dir/E_/Users/WillowKoishi/Documents/2040py/C2040/pico-sdk-master/src/common/pico_time/time.c.obj
                0x10001100                sleep_until
 .text.sleep_us
                0x100011fc       0x58 CMakeFiles/RP2040TOPC98.dir/E_/Users/WillowKoishi/Documents/2040py/C2040/pico-sdk-master/src/common/pico_time/time.c.obj
                0x100011fc                sleep_us
 .text.sleep_ms
                0x10001254       0x14 CMakeFiles/RP2040TOPC98.dir/E_/Users/WillowKoishi/Documents/2040py/C2040/pico-sdk-master/src/common/pico_time/time.c.obj
                0x10001254                sleep_ms
 .text.hardware_alarm_irq_handler
                0x10001268       0x8c CMakeFiles/RP2040TOPC98.dir/E_/Users/WillowKoishi/Documents/2040py/C2040/pico-sdk-master/src/rp2_common/hardware_timer/timer.c.obj
 .text.hardware_alarm_claim
                0x100012f4       0x18 CMakeFiles/RP2040TOPC98.dir/E_/Users/WillowKoishi/Documents/2040py/C2040/pico-sdk-master/src/rp2_common/hardware_timer/timer.c.obj
                0x100012f4                hardware_alarm_claim
 .text.time_us_64
                0x1000130c       0x18 CMakeFiles/RP2040TOPC98.dir/E_/Users/WillowKoishi/Documents/2040py/C2040/pico-sdk-master/src/rp2_common/hardware_timer/timer.c.obj
                0x1000130c                time_us_64
 .text.busy_wait_until
                0x10001324       0x28 CMakeFiles/RP2040TOPC98.dir/E_/Users/WillowKoishi/Documents/2040py/C2040/pico-sdk-master/src/rp2_common/hardware_timer/timer.c.obj
                0x10001324                busy_wait_until
 .text.hardware_alarm_set_callback
                0x1000134c       0x90 CMakeFiles/RP2040TOPC98.dir/E_/Users/WillowKoishi/Documents/2040py/C2040/pico-sdk-master/src/rp2_common/hardware_timer/timer.c.obj
                0x1000134c                hardware_alarm_set_callback
 .text.hardware_alarm_set_target
                0x100013dc       0xe8 CMakeFiles/RP2040TOPC98.dir/E_/Users/WillowKoishi/Documents/2040py/C2040/pico-sdk-master/src/rp2_common/hardware_timer/timer.c.obj
                0x100013dc                hardware_alarm_set_target
 .text.hardware_alarm_cancel
                0x100014c4       0x40 CMakeFiles/RP2040TOPC98.dir/E_/Users/WillowKoishi/Documents/2040py/C2040/pico-sdk-master/src/rp2_common/hardware_timer/timer.c.obj
                0x100014c4                hardware_alarm_cancel
 .text.lock_init
                0x10001504       0x10 CMakeFiles/RP2040TOPC98.dir/E_/Users/WillowKoishi/Documents/2040py/C2040/pico-sdk-master/src/common/pico_sync/lock_core.c.obj
                0x10001504                lock_init
 .text.mutex_init
                0x10001514       0x1a CMakeFiles/RP2040TOPC98.dir/E_/Users/WillowKoishi/Documents/2040py/C2040/pico-sdk-master/src/common/pico_sync/mutex.c.obj
                0x10001514                mutex_init
 .text.recursive_mutex_init
                0x1000152e       0x1e CMakeFiles/RP2040TOPC98.dir/E_/Users/WillowKoishi/Documents/2040py/C2040/pico-sdk-master/src/common/pico_sync/mutex.c.obj
                0x1000152e                recursive_mutex_init
 .text.ph_add_child_node
                0x1000154c       0xa4 CMakeFiles/RP2040TOPC98.dir/E_/Users/WillowKoishi/Documents/2040py/C2040/pico-sdk-master/src/common/pico_util/pheap.c.obj
 .text.ph_merge_nodes
                0x100015f0       0x3e CMakeFiles/RP2040TOPC98.dir/E_/Users/WillowKoishi/Documents/2040py/C2040/pico-sdk-master/src/common/pico_util/pheap.c.obj
 *fill*         0x1000162e        0x2 
 .text.ph_clear
                0x10001630       0x70 CMakeFiles/RP2040TOPC98.dir/E_/Users/WillowKoishi/Documents/2040py/C2040/pico-sdk-master/src/common/pico_util/pheap.c.obj
                0x10001630                ph_clear
 .text.ph_post_alloc_init
                0x100016a0        0xe CMakeFiles/RP2040TOPC98.dir/E_/Users/WillowKoishi/Documents/2040py/C2040/pico-sdk-master/src/common/pico_util/pheap.c.obj
                0x100016a0                ph_post_alloc_init
 *fill*         0x100016ae        0x2 
 .text.ph_merge_two_pass
                0x100016b0       0xa8 CMakeFiles/RP2040TOPC98.dir/E_/Users/WillowKoishi/Documents/2040py/C2040/pico-sdk-master/src/common/pico_util/pheap.c.obj
                0x100016b0                ph_merge_two_pass
 .text.ph_remove_any_head
                0x10001758      0x108 CMakeFiles/RP2040TOPC98.dir/E_/Users/WillowKoishi/Documents/2040py/C2040/pico-sdk-master/src/common/pico_util/pheap.c.obj
 .text.ph_remove_head
                0x10001860       0x14 CMakeFiles/RP2040TOPC98.dir/E_/Users/WillowKoishi/Documents/2040py/C2040/pico-sdk-master/src/common/pico_util/pheap.c.obj
                0x10001860                ph_remove_head
 .text.ph_remove_and_free_node
                0x10001874       0xf8 CMakeFiles/RP2040TOPC98.dir/E_/Users/WillowKoishi/Documents/2040py/C2040/pico-sdk-master/src/common/pico_util/pheap.c.obj
                0x10001874                ph_remove_and_free_node
 .text._exit    0x1000196c        0x4 CMakeFiles/RP2040TOPC98.dir/E_/Users/WillowKoishi/Documents/2040py/C2040/pico-sdk-master/src/rp2_common/pico_runtime/runtime.c.obj
                0x1000196c                _exit
 .text.exit     0x10001970        0x6 CMakeFiles/RP2040TOPC98.dir/E_/Users/WillowKoishi/Documents/2040py/C2040/pico-sdk-master/src/rp2_common/pico_runtime/runtime.c.obj
                0x10001970                exit
 *fill*         0x10001976        0x2 
 .text.__assert_func
                0x10001978       0x3c CMakeFiles/RP2040TOPC98.dir/E_/Users/WillowKoishi/Documents/2040py/C2040/pico-sdk-master/src/rp2_common/pico_runtime/runtime.c.obj
                0x10001978                __assert_func
 .text.runtime_init
                0x100019b4       0xf8 CMakeFiles/RP2040TOPC98.dir/E_/Users/WillowKoishi/Documents/2040py/C2040/pico-sdk-master/src/rp2_common/pico_runtime/runtime.c.obj
                0x100019b4                runtime_init
 .text.panic    0x10001aac       0x30 CMakeFiles/RP2040TOPC98.dir/E_/Users/WillowKoishi/Documents/2040py/C2040/pico-sdk-master/src/rp2_common/pico_runtime/runtime.c.obj
                0x10001aac                panic
 .text.clock_configure
                0x10001adc      0x104 CMakeFiles/RP2040TOPC98.dir/E_/Users/WillowKoishi/Documents/2040py/C2040/pico-sdk-master/src/rp2_common/hardware_clocks/clocks.c.obj
                0x10001adc                clock_configure
 .text.clocks_init
                0x10001be0      0x100 CMakeFiles/RP2040TOPC98.dir/E_/Users/WillowKoishi/Documents/2040py/C2040/pico-sdk-master/src/rp2_common/hardware_clocks/clocks.c.obj
                0x10001be0                clocks_init
 .text.clock_get_hz
                0x10001ce0        0xc CMakeFiles/RP2040TOPC98.dir/E_/Users/WillowKoishi/Documents/2040py/C2040/pico-sdk-master/src/rp2_common/hardware_clocks/clocks.c.obj
                0x10001ce0                clock_get_hz
 .text.set_raw_irq_handler_and_unlock
                0x10001cec       0x28 CMakeFiles/RP2040TOPC98.dir/E_/Users/WillowKoishi/Documents/2040py/C2040/pico-sdk-master/src/rp2_common/hardware_irq/irq.c.obj
 .text.make_branch
                0x10001d14       0x48 CMakeFiles/RP2040TOPC98.dir/E_/Users/WillowKoishi/Documents/2040py/C2040/pico-sdk-master/src/rp2_common/hardware_irq/irq.c.obj
 .text.insert_branch_and_link
                0x10001d5c       0x40 CMakeFiles/RP2040TOPC98.dir/E_/Users/WillowKoishi/Documents/2040py/C2040/pico-sdk-master/src/rp2_common/hardware_irq/irq.c.obj
 .text.irq_is_enabled
                0x10001d9c       0x18 CMakeFiles/RP2040TOPC98.dir/E_/Users/WillowKoishi/Documents/2040py/C2040/pico-sdk-master/src/rp2_common/hardware_irq/irq.c.obj
                0x10001d9c                irq_is_enabled
 .text.irq_set_mask_enabled
                0x10001db4       0x20 CMakeFiles/RP2040TOPC98.dir/E_/Users/WillowKoishi/Documents/2040py/C2040/pico-sdk-master/src/rp2_common/hardware_irq/irq.c.obj
                0x10001db4                irq_set_mask_enabled
 .text.irq_set_enabled
                0x10001dd4        0xe CMakeFiles/RP2040TOPC98.dir/E_/Users/WillowKoishi/Documents/2040py/C2040/pico-sdk-master/src/rp2_common/hardware_irq/irq.c.obj
                0x10001dd4                irq_set_enabled
 *fill*         0x10001de2        0x2 
 .text.irq_get_vtable_handler
                0x10001de4       0x10 CMakeFiles/RP2040TOPC98.dir/E_/Users/WillowKoishi/Documents/2040py/C2040/pico-sdk-master/src/rp2_common/hardware_irq/irq.c.obj
                0x10001de4                irq_get_vtable_handler
 .text.irq_set_exclusive_handler
                0x10001df4       0x54 CMakeFiles/RP2040TOPC98.dir/E_/Users/WillowKoishi/Documents/2040py/C2040/pico-sdk-master/src/rp2_common/hardware_irq/irq.c.obj
                0x10001df4                irq_set_exclusive_handler
 .text.irq_remove_handler
                0x10001e48      0x1a8 CMakeFiles/RP2040TOPC98.dir/E_/Users/WillowKoishi/Documents/2040py/C2040/pico-sdk-master/src/rp2_common/hardware_irq/irq.c.obj
                0x10001e48                irq_remove_handler
 .text.irq_add_tail_to_free_list
                0x10001ff0       0xf0 CMakeFiles/RP2040TOPC98.dir/E_/Users/WillowKoishi/Documents/2040py/C2040/pico-sdk-master/src/rp2_common/hardware_irq/irq.c.obj
                0x10001ff0                irq_add_tail_to_free_list
 .text.irq_init_priorities
                0x100020e0       0x1c CMakeFiles/RP2040TOPC98.dir/E_/Users/WillowKoishi/Documents/2040py/C2040/pico-sdk-master/src/rp2_common/hardware_irq/irq.c.obj
                0x100020e0                irq_init_priorities
 .text.pll_init
                0x100020fc      0x120 CMakeFiles/RP2040TOPC98.dir/E_/Users/WillowKoishi/Documents/2040py/C2040/pico-sdk-master/src/rp2_common/hardware_pll/pll.c.obj
                0x100020fc                pll_init
 .text.watchdog_start_tick
                0x1000221c       0x10 CMakeFiles/RP2040TOPC98.dir/E_/Users/WillowKoishi/Documents/2040py/C2040/pico-sdk-master/src/rp2_common/hardware_watchdog/watchdog.c.obj
                0x1000221c                watchdog_start_tick
 .text.xosc_init
                0x1000222c       0x28 CMakeFiles/RP2040TOPC98.dir/E_/Users/WillowKoishi/Documents/2040py/C2040/pico-sdk-master/src/rp2_common/hardware_xosc/xosc.c.obj
                0x1000222c                xosc_init
 .text._out_null
                0x10002254        0x2 CMakeFiles/RP2040TOPC98.dir/E_/Users/WillowKoishi/Documents/2040py/C2040/pico-sdk-master/src/rp2_common/pico_printf/printf.c.obj
 .text._out_fct
                0x10002256        0xe CMakeFiles/RP2040TOPC98.dir/E_/Users/WillowKoishi/Documents/2040py/C2040/pico-sdk-master/src/rp2_common/pico_printf/printf.c.obj
 .text._atoi    0x10002264       0x24 CMakeFiles/RP2040TOPC98.dir/E_/Users/WillowKoishi/Documents/2040py/C2040/pico-sdk-master/src/rp2_common/pico_printf/printf.c.obj
 .text._out_rev
                0x10002288       0xae CMakeFiles/RP2040TOPC98.dir/E_/Users/WillowKoishi/Documents/2040py/C2040/pico-sdk-master/src/rp2_common/pico_printf/printf.c.obj
 .text._ntoa_format
                0x10002336      0x112 CMakeFiles/RP2040TOPC98.dir/E_/Users/WillowKoishi/Documents/2040py/C2040/pico-sdk-master/src/rp2_common/pico_printf/printf.c.obj
 .text._ntoa_long
                0x10002448       0xbc CMakeFiles/RP2040TOPC98.dir/E_/Users/WillowKoishi/Documents/2040py/C2040/pico-sdk-master/src/rp2_common/pico_printf/printf.c.obj
 .text._ntoa_long_long
                0x10002504       0xe2 CMakeFiles/RP2040TOPC98.dir/E_/Users/WillowKoishi/Documents/2040py/C2040/pico-sdk-master/src/rp2_common/pico_printf/printf.c.obj
 *fill*         0x100025e6        0x2 
 .text._etoa    0x100025e8      0x414 CMakeFiles/RP2040TOPC98.dir/E_/Users/WillowKoishi/Documents/2040py/C2040/pico-sdk-master/src/rp2_common/pico_printf/printf.c.obj
 .text._ftoa    0x100029fc      0x354 CMakeFiles/RP2040TOPC98.dir/E_/Users/WillowKoishi/Documents/2040py/C2040/pico-sdk-master/src/rp2_common/pico_printf/printf.c.obj
 .text._vsnprintf
                0x10002d50      0x624 CMakeFiles/RP2040TOPC98.dir/E_/Users/WillowKoishi/Documents/2040py/C2040/pico-sdk-master/src/rp2_common/pico_printf/printf.c.obj
 .text.vfctprintf
                0x10003374       0x20 CMakeFiles/RP2040TOPC98.dir/E_/Users/WillowKoishi/Documents/2040py/C2040/pico-sdk-master/src/rp2_common/pico_printf/printf.c.obj
                0x10003374                vfctprintf
 .text          0x10003394       0x10 CMakeFiles/RP2040TOPC98.dir/E_/Users/WillowKoishi/Documents/2040py/C2040/pico-sdk-master/src/rp2_common/pico_bit_ops/bit_ops_aeabi.S.obj
 .text.rom_func_lookup
                0x100033a4       0x10 CMakeFiles/RP2040TOPC98.dir/E_/Users/WillowKoishi/Documents/2040py/C2040/pico-sdk-master/src/rp2_common/pico_bootrom/bootrom.c.obj
                0x100033a4                rom_func_lookup
 .text.rom_data_lookup
                0x100033b4       0x10 CMakeFiles/RP2040TOPC98.dir/E_/Users/WillowKoishi/Documents/2040py/C2040/pico-sdk-master/src/rp2_common/pico_bootrom/bootrom.c.obj
                0x100033b4                rom_data_lookup
 .text.rom_funcs_lookup
                0x100033c4       0x36 CMakeFiles/RP2040TOPC98.dir/E_/Users/WillowKoishi/Documents/2040py/C2040/pico-sdk-master/src/rp2_common/pico_bootrom/bootrom.c.obj
                0x100033c4                rom_funcs_lookup
 *fill*         0x100033fa        0x2 
 .text.__wrap___aeabi_idiv
                0x100033fc       0x50 CMakeFiles/RP2040TOPC98.dir/E_/Users/WillowKoishi/Documents/2040py/C2040/pico-sdk-master/src/rp2_common/pico_divider/divider.S.obj
                0x100033fc                __wrap___aeabi_idivmod
                0x100033fc                divmod_s32s32
                0x100033fc                div_s32s32
                0x100033fc                __wrap___aeabi_idiv
                0x10003404                divmod_s32s32_unsafe
                0x10003430                divmod_s32s32_savestate
 .text.__wrap___aeabi_uidiv
                0x1000344c       0x4c CMakeFiles/RP2040TOPC98.dir/E_/Users/WillowKoishi/Documents/2040py/C2040/pico-sdk-master/src/rp2_common/pico_divider/divider.S.obj
                0x1000344c                __wrap___aeabi_uidiv
                0x1000344c                __wrap___aeabi_uidivmod
                0x1000344c                div_u32u32
                0x1000344c                divmod_u32u32
                0x10003454                divmod_u32u32_unsafe
                0x1000347c                divmod_u32u32_savestate
 .text.__wrap___aeabi_ldiv
                0x10003498      0x434 CMakeFiles/RP2040TOPC98.dir/E_/Users/WillowKoishi/Documents/2040py/C2040/pico-sdk-master/src/rp2_common/pico_divider/divider.S.obj
                0x10003498                div_s64s64
                0x10003498                divmod_s64s64
                0x10003498                __wrap___aeabi_ldivmod
                0x100034d0                divmod_u64u64
                0x100034d0                div_u64u64
                0x100034d0                __wrap___aeabi_uldivmod
                0x100034e0                divmod_u64u64_savestate
                0x10003508                divmod_s64s64_unsafe
                0x10003590                divmod_u64u64_unsafe
 .text.__wrap___aeabi_darithmetic
                0x100038cc       0x80 CMakeFiles/RP2040TOPC98.dir/E_/Users/WillowKoishi/Documents/2040py/C2040/pico-sdk-master/src/rp2_common/pico_double/double_aeabi.S.obj
                0x100038cc                __wrap___aeabi_drsub
                0x100038d2                __wrap___aeabi_dsub
                0x100038e4                __wrap___aeabi_dadd
                0x100038f6                __wrap___aeabi_ddiv
                0x10003932                __wrap___aeabi_dmul
 .text.__wrap___aeabi_cdcmple
                0x1000394c       0x6c CMakeFiles/RP2040TOPC98.dir/E_/Users/WillowKoishi/Documents/2040py/C2040/pico-sdk-master/src/rp2_common/pico_double/double_aeabi.S.obj
                0x1000394c                __wrap___aeabi_cdrcmple
                0x1000395c                __wrap___aeabi_cdcmpeq
                0x1000395c                __wrap___aeabi_cdcmple
 .text.__wrap___aeabi_dcmplt
                0x100039b8        0xc CMakeFiles/RP2040TOPC98.dir/E_/Users/WillowKoishi/Documents/2040py/C2040/pico-sdk-master/src/rp2_common/pico_double/double_aeabi.S.obj
                0x100039b8                __wrap___aeabi_dcmplt
 .text.__wrap___aeabi_dcmple
                0x100039c4       0x10 CMakeFiles/RP2040TOPC98.dir/E_/Users/WillowKoishi/Documents/2040py/C2040/pico-sdk-master/src/rp2_common/pico_double/double_aeabi.S.obj
                0x100039c4                __wrap___aeabi_dcmple
 .text.__wrap___aeabi_dcmpge
                0x100039d4       0x10 CMakeFiles/RP2040TOPC98.dir/E_/Users/WillowKoishi/Documents/2040py/C2040/pico-sdk-master/src/rp2_common/pico_double/double_aeabi.S.obj
                0x100039d4                __wrap___aeabi_dcmpge
 .text.__wrap___aeabi_dcmpgt
                0x100039e4        0xa CMakeFiles/RP2040TOPC98.dir/E_/Users/WillowKoishi/Documents/2040py/C2040/pico-sdk-master/src/rp2_common/pico_double/double_aeabi.S.obj
                0x100039e4                __wrap___aeabi_dcmpgt
 .text.__wrap___aeabi_dcmpun
                0x100039ee       0x1c CMakeFiles/RP2040TOPC98.dir/E_/Users/WillowKoishi/Documents/2040py/C2040/pico-sdk-master/src/rp2_common/pico_double/double_aeabi.S.obj
                0x100039ee                __wrap___aeabi_dcmpun
 *fill*         0x10003a0a        0x2 
 .text.__wrap___aeabi_i2d
                0x10003a0c       0x38 CMakeFiles/RP2040TOPC98.dir/E_/Users/WillowKoishi/Documents/2040py/C2040/pico-sdk-master/src/rp2_common/pico_double/double_aeabi.S.obj
                0x10003a0c                __wrap___aeabi_ui2d
                0x10003a14                __wrap___aeabi_i2d
 .text.__wrap___aeabi_d2iz
                0x10003a44       0x48 CMakeFiles/RP2040TOPC98.dir/E_/Users/WillowKoishi/Documents/2040py/C2040/pico-sdk-master/src/rp2_common/pico_double/double_aeabi.S.obj
                0x10003a44                double2int_z
                0x10003a44                __wrap___aeabi_d2iz
 .text.__wrap___aeabi_d2uiz
                0x10003a8c       0x18 CMakeFiles/RP2040TOPC98.dir/E_/Users/WillowKoishi/Documents/2040py/C2040/pico-sdk-master/src/rp2_common/pico_double/double_aeabi.S.obj
                0x10003a8c                __wrap___aeabi_d2uiz
                0x10003a8c                double2uint
 .text.__aeabi_double_init
                0x10003aa4       0xc8 CMakeFiles/RP2040TOPC98.dir/E_/Users/WillowKoishi/Documents/2040py/C2040/pico-sdk-master/src/rp2_common/pico_double/double_init_rom.c.obj
                0x10003aa4                __aeabi_double_init
 .text.double_table_shim_on_use_helper
                0x10003b6c       0x34 CMakeFiles/RP2040TOPC98.dir/E_/Users/WillowKoishi/Documents/2040py/C2040/pico-sdk-master/src/rp2_common/pico_double/double_v1_rom_shim.S.obj
                0x10003b6c                double_table_shim_on_use_helper
 .text.__wrap___aeabi_dsub
                0x10003ba0       0x10 CMakeFiles/RP2040TOPC98.dir/E_/Users/WillowKoishi/Documents/2040py/C2040/pico-sdk-master/src/rp2_common/pico_double/double_v1_rom_shim.S.obj
                0x10003ba0                drsub_shim
                0x10003ba6                dsub_shim
 .text.dadd_shim
                0x10003bb0      0x15c CMakeFiles/RP2040TOPC98.dir/E_/Users/WillowKoishi/Documents/2040py/C2040/pico-sdk-master/src/rp2_common/pico_double/double_v1_rom_shim.S.obj
                0x10003bb0                dadd_shim
 .text.dmul_shim
                0x10003d0c      0x15c CMakeFiles/RP2040TOPC98.dir/E_/Users/WillowKoishi/Documents/2040py/C2040/pico-sdk-master/src/rp2_common/pico_double/double_v1_rom_shim.S.obj
                0x10003d0c                dmul_shim
 .text.ddiv_shim
                0x10003e68      0x1b0 CMakeFiles/RP2040TOPC98.dir/E_/Users/WillowKoishi/Documents/2040py/C2040/pico-sdk-master/src/rp2_common/pico_double/double_v1_rom_shim.S.obj
                0x10003e68                ddiv_shim
 .text.double2uint_shim
                0x10004018        0xe CMakeFiles/RP2040TOPC98.dir/E_/Users/WillowKoishi/Documents/2040py/C2040/pico-sdk-master/src/rp2_common/pico_double/double_v1_rom_shim.S.obj
                0x10004018                double2uint_shim
                0x1000401a                double2ufix_shim
 *fill*         0x10004026        0x2 
 .text.double2uint64_shim
                0x10004028       0x70 CMakeFiles/RP2040TOPC98.dir/E_/Users/WillowKoishi/Documents/2040py/C2040/pico-sdk-master/src/rp2_common/pico_double/double_v1_rom_shim.S.obj
                0x10004028                double2uint64_shim
                0x1000402a                double2ufix64_shim
                0x1000404a                d2fix_a
 .text.dunpacks
                0x10004098       0x3c CMakeFiles/RP2040TOPC98.dir/E_/Users/WillowKoishi/Documents/2040py/C2040/pico-sdk-master/src/rp2_common/pico_double/double_v1_rom_shim.S.obj
                0x10004098                dunpacks
 .text.__aeabi_lmul
                0x100040d4       0x32 CMakeFiles/RP2040TOPC98.dir/E_/Users/WillowKoishi/Documents/2040py/C2040/pico-sdk-master/src/rp2_common/pico_int64_ops/pico_int64_ops_aeabi.S.obj
                0x100040d4                __wrap___aeabi_lmul
 *fill*         0x10004106        0x2 
 .text.__aeabi_float_init
                0x10004108       0xfc CMakeFiles/RP2040TOPC98.dir/E_/Users/WillowKoishi/Documents/2040py/C2040/pico-sdk-master/src/rp2_common/pico_float/float_init_rom.c.obj
                0x10004108                __aeabi_float_init
 .text.float_table_shim_on_use_helper
                0x10004204       0x34 CMakeFiles/RP2040TOPC98.dir/E_/Users/WillowKoishi/Documents/2040py/C2040/pico-sdk-master/src/rp2_common/pico_float/float_v1_rom_shim.S.obj
                0x10004204                float_table_shim_on_use_helper
 .text          0x10004238       0x10 CMakeFiles/RP2040TOPC98.dir/E_/Users/WillowKoishi/Documents/2040py/C2040/pico-sdk-master/src/rp2_common/pico_mem_ops/mem_ops_aeabi.S.obj
                0x10004238                __aeabi_mem_init
 .text.memset   0x10004248        0xc CMakeFiles/RP2040TOPC98.dir/E_/Users/WillowKoishi/Documents/2040py/C2040/pico-sdk-master/src/rp2_common/pico_mem_ops/mem_ops_aeabi.S.obj
                0x10004248                __wrap_memset
 .text.memcpy   0x10004254        0xc CMakeFiles/RP2040TOPC98.dir/E_/Users/WillowKoishi/Documents/2040py/C2040/pico-sdk-master/src/rp2_common/pico_mem_ops/mem_ops_aeabi.S.obj
                0x10004254                __wrap_memcpy
                0x10004254                __wrap___aeabi_memcpy
 .text.stdio_out_chars_no_crlf
                0x10004260        0xe CMakeFiles/RP2040TOPC98.dir/E_/Users/WillowKoishi/Documents/2040py/C2040/pico-sdk-master/src/rp2_common/pico_stdio/stdio.c.obj
 *fill*         0x1000426e        0x2 
 .text.stdio_out_chars_crlf
                0x10004270       0x80 CMakeFiles/RP2040TOPC98.dir/E_/Users/WillowKoishi/Documents/2040py/C2040/pico-sdk-master/src/rp2_common/pico_stdio/stdio.c.obj
 .text.stdio_stack_buffer_flush
                0x100042f0       0x44 CMakeFiles/RP2040TOPC98.dir/E_/Users/WillowKoishi/Documents/2040py/C2040/pico-sdk-master/src/rp2_common/pico_stdio/stdio.c.obj
 .text.stdio_buffered_printer
                0x10004334       0x20 CMakeFiles/RP2040TOPC98.dir/E_/Users/WillowKoishi/Documents/2040py/C2040/pico-sdk-master/src/rp2_common/pico_stdio/stdio.c.obj
 .text.stdout_serialize_begin
                0x10004354       0x30 CMakeFiles/RP2040TOPC98.dir/E_/Users/WillowKoishi/Documents/2040py/C2040/pico-sdk-master/src/rp2_common/pico_stdio/stdio.c.obj
                0x10004354                stdout_serialize_begin
 .text.stdout_serialize_end
                0x10004384       0x10 CMakeFiles/RP2040TOPC98.dir/E_/Users/WillowKoishi/Documents/2040py/C2040/pico-sdk-master/src/rp2_common/pico_stdio/stdio.c.obj
                0x10004384                stdout_serialize_end
 .text.stdio_put_string
                0x10004394       0x98 CMakeFiles/RP2040TOPC98.dir/E_/Users/WillowKoishi/Documents/2040py/C2040/pico-sdk-master/src/rp2_common/pico_stdio/stdio.c.obj
 .text.stdio_flush
                0x1000442c       0x20 CMakeFiles/RP2040TOPC98.dir/E_/Users/WillowKoishi/Documents/2040py/C2040/pico-sdk-master/src/rp2_common/pico_stdio/stdio.c.obj
                0x1000442c                stdio_flush
 .text.__wrap_puts
                0x1000444c       0x1e CMakeFiles/RP2040TOPC98.dir/E_/Users/WillowKoishi/Documents/2040py/C2040/pico-sdk-master/src/rp2_common/pico_stdio/stdio.c.obj
                0x1000444c                __wrap_puts
 *fill*         0x1000446a        0x2 
 .text.__wrap_vprintf
                0x1000446c       0x44 CMakeFiles/RP2040TOPC98.dir/E_/Users/WillowKoishi/Documents/2040py/C2040/pico-sdk-master/src/rp2_common/pico_stdio/stdio.c.obj
                0x1000446c                __wrap_vprintf
 .text.__wrap_printf
                0x100044b0       0x18 CMakeFiles/RP2040TOPC98.dir/E_/Users/WillowKoishi/Documents/2040py/C2040/pico-sdk-master/src/rp2_common/pico_stdio/stdio.c.obj
                0x100044b0                __wrap_printf
 .text.strlen   0x100044c8       0x5c d:/progra~2/gnuarm~1/102021~1.10/bin/../lib/gcc/arm-none-eabi/10.3.1/../../../../arm-none-eabi/lib/thumb/v6-m/nofp\libg.a(lib_a-strlen-stub.o)
                0x100044c8                strlen
 *(.fini)
 .fini          0x10004524        0x4 d:/progra~2/gnuarm~1/102021~1.10/bin/../lib/gcc/arm-none-eabi/10.3.1/thumb/v6-m/nofp/crti.o
                0x10004524                _fini
 .fini.__stub   0x10004528       0x50 linker stubs
 *crtbegin.o(.ctors)
 *crtbegin?.o(.ctors)
 *(EXCLUDE_FILE(*crtend.o *crtend?.o) .ctors)
 *(SORT_BY_NAME(.ctors.*))
 *(.ctors)
 *crtbegin.o(.dtors)
 *crtbegin?.o(.dtors)
 *(EXCLUDE_FILE(*crtend.o *crtend?.o) .dtors)
 *(SORT_BY_NAME(.dtors.*))
 *(.dtors)
 *(.eh_frame*)
 .eh_frame      0x10004578        0x0 d:/progra~2/gnuarm~1/102021~1.10/bin/../lib/gcc/arm-none-eabi/10.3.1/thumb/v6-m/nofp/crtbegin.o
                0x10004578                . = ALIGN (0x4)

.glue_7         0x10004578        0x0
 .glue_7        0x10004578        0x0 linker stubs

.glue_7t        0x10004578        0x0
 .glue_7t       0x10004578        0x0 linker stubs

.vfp11_veneer   0x10004578        0x0
 .vfp11_veneer  0x10004578        0x0 linker stubs

.v4_bx          0x10004578        0x0
 .v4_bx         0x10004578        0x0 linker stubs

.iplt           0x10004578        0x0
 .iplt          0x10004578        0x0 d:/progra~2/gnuarm~1/102021~1.10/bin/../lib/gcc/arm-none-eabi/10.3.1/thumb/v6-m/nofp/crtbegin.o

.rodata         0x10004578      0xfdc
 *(EXCLUDE_FILE(*libm.a: *libc.a:*lib_a-mem*.o *libgcc.a:) .rodata*)
 .rodata.board_millis.str1.4
                0x10004578       0x83 CMakeFiles/RP2040TOPC98.dir/main.c.obj
 *fill*         0x100045fb        0x1 
 .rodata.__func__.0
                0x100045fc       0x15 CMakeFiles/RP2040TOPC98.dir/main.c.obj
 *fill*         0x10004611        0x3 
 .rodata.repeating_timer_callback.str1.4
                0x10004614       0x6d CMakeFiles/RP2040TOPC98.dir/E_/Users/WillowKoishi/Documents/2040py/C2040/pico-sdk-master/src/common/pico_time/time.c.obj
 *fill*         0x10004681        0x3 
 .rodata.alarm_pool_dump_key.str1.4
                0x10004684       0x33 CMakeFiles/RP2040TOPC98.dir/E_/Users/WillowKoishi/Documents/2040py/C2040/pico-sdk-master/src/common/pico_time/time.c.obj
 *fill*         0x100046b7        0x1 
 .rodata.ph_add_child_node.str1.4
                0x100046b8       0xb6 CMakeFiles/RP2040TOPC98.dir/E_/Users/WillowKoishi/Documents/2040py/C2040/pico-sdk-master/src/common/pico_time/time.c.obj
 *fill*         0x1000476e        0x2 
 .rodata.add_alarm_under_lock.str1.4
                0x10004770       0x28 CMakeFiles/RP2040TOPC98.dir/E_/Users/WillowKoishi/Documents/2040py/C2040/pico-sdk-master/src/common/pico_time/time.c.obj
                                 0x2b (size before relaxing)
 .rodata.alarm_pool_alarm_callback.str1.4
                0x10004798       0x82 CMakeFiles/RP2040TOPC98.dir/E_/Users/WillowKoishi/Documents/2040py/C2040/pico-sdk-master/src/common/pico_time/time.c.obj
                                0x106 (size before relaxing)
 *fill*         0x1000481a        0x2 
 .rodata.alarm_pool_get_default.str1.4
                0x1000481c       0x21 CMakeFiles/RP2040TOPC98.dir/E_/Users/WillowKoishi/Documents/2040py/C2040/pico-sdk-master/src/common/pico_time/time.c.obj
 *fill*         0x1000483d        0x3 
 .rodata.sleep_until.str1.4
                0x10004840       0x4d CMakeFiles/RP2040TOPC98.dir/E_/Users/WillowKoishi/Documents/2040py/C2040/pico-sdk-master/src/common/pico_time/time.c.obj
 *fill*         0x1000488d        0x3 
 .rodata.__func__.10
                0x10004890       0x15 CMakeFiles/RP2040TOPC98.dir/E_/Users/WillowKoishi/Documents/2040py/C2040/pico-sdk-master/src/common/pico_time/time.c.obj
 *fill*         0x100048a5        0x3 
 .rodata.__func__.11
                0x100048a8       0x1a CMakeFiles/RP2040TOPC98.dir/E_/Users/WillowKoishi/Documents/2040py/C2040/pico-sdk-master/src/common/pico_time/time.c.obj
 *fill*         0x100048c2        0x2 
 .rodata.__func__.12
                0x100048c4        0xa CMakeFiles/RP2040TOPC98.dir/E_/Users/WillowKoishi/Documents/2040py/C2040/pico-sdk-master/src/common/pico_time/time.c.obj
 *fill*         0x100048ce        0x2 
 .rodata.__func__.3
                0x100048d0       0x17 CMakeFiles/RP2040TOPC98.dir/E_/Users/WillowKoishi/Documents/2040py/C2040/pico-sdk-master/src/common/pico_time/time.c.obj
 *fill*         0x100048e7        0x1 
 .rodata.__func__.4
                0x100048e8       0x12 CMakeFiles/RP2040TOPC98.dir/E_/Users/WillowKoishi/Documents/2040py/C2040/pico-sdk-master/src/common/pico_time/time.c.obj
 *fill*         0x100048fa        0x2 
 .rodata.__func__.5
                0x100048fc        0xd CMakeFiles/RP2040TOPC98.dir/E_/Users/WillowKoishi/Documents/2040py/C2040/pico-sdk-master/src/common/pico_time/time.c.obj
 *fill*         0x10004909        0x3 
 .rodata.__func__.6
                0x1000490c       0x12 CMakeFiles/RP2040TOPC98.dir/E_/Users/WillowKoishi/Documents/2040py/C2040/pico-sdk-master/src/common/pico_time/time.c.obj
 *fill*         0x1000491e        0x2 
 .rodata.__func__.7
                0x10004920        0xf CMakeFiles/RP2040TOPC98.dir/E_/Users/WillowKoishi/Documents/2040py/C2040/pico-sdk-master/src/common/pico_time/time.c.obj
 *fill*         0x1000492f        0x1 
 .rodata.__func__.8
                0x10004930        0xc CMakeFiles/RP2040TOPC98.dir/E_/Users/WillowKoishi/Documents/2040py/C2040/pico-sdk-master/src/common/pico_time/time.c.obj
 .rodata.__func__.9
                0x1000493c       0x15 CMakeFiles/RP2040TOPC98.dir/E_/Users/WillowKoishi/Documents/2040py/C2040/pico-sdk-master/src/common/pico_time/time.c.obj
 *fill*         0x10004951        0x3 
 .rodata.hardware_alarm_claim.str1.4
                0x10004954       0x22 CMakeFiles/RP2040TOPC98.dir/E_/Users/WillowKoishi/Documents/2040py/C2040/pico-sdk-master/src/rp2_common/hardware_timer/timer.c.obj
 *fill*         0x10004976        0x2 
 .rodata.hardware_alarm_set_target.str1.4
                0x10004978       0x87 CMakeFiles/RP2040TOPC98.dir/E_/Users/WillowKoishi/Documents/2040py/C2040/pico-sdk-master/src/rp2_common/hardware_timer/timer.c.obj
 *fill*         0x100049ff        0x1 
 .rodata.__func__.0
                0x10004a00       0x1a CMakeFiles/RP2040TOPC98.dir/E_/Users/WillowKoishi/Documents/2040py/C2040/pico-sdk-master/src/rp2_common/hardware_timer/timer.c.obj
 *fill*         0x10004a1a        0x2 
 .rodata.str1.4
                0x10004a1c       0xad CMakeFiles/RP2040TOPC98.dir/E_/Users/WillowKoishi/Documents/2040py/C2040/pico-sdk-master/src/common/pico_sync/mutex.c.obj
                                0x131 (size before relaxing)
 *fill*         0x10004ac9        0x3 
 .rodata.__func__.1
                0x10004acc        0xb CMakeFiles/RP2040TOPC98.dir/E_/Users/WillowKoishi/Documents/2040py/C2040/pico-sdk-master/src/common/pico_sync/mutex.c.obj
 .rodata.ph_add_child_node.str1.4
                0x10004ad7       0xb6 CMakeFiles/RP2040TOPC98.dir/E_/Users/WillowKoishi/Documents/2040py/C2040/pico-sdk-master/src/common/pico_util/pheap.c.obj
 *fill*         0x10004ad7        0x1 
 .rodata.ph_remove_any_head.str1.4
                0x10004ad8       0xb0 CMakeFiles/RP2040TOPC98.dir/E_/Users/WillowKoishi/Documents/2040py/C2040/pico-sdk-master/src/common/pico_util/pheap.c.obj
 .rodata.ph_remove_and_free_node.str1.4
                0x10004b88       0x26 CMakeFiles/RP2040TOPC98.dir/E_/Users/WillowKoishi/Documents/2040py/C2040/pico-sdk-master/src/common/pico_util/pheap.c.obj
 *fill*         0x10004bae        0x2 
 .rodata.__func__.0
                0x10004bb0       0x18 CMakeFiles/RP2040TOPC98.dir/E_/Users/WillowKoishi/Documents/2040py/C2040/pico-sdk-master/src/common/pico_util/pheap.c.obj
 .rodata.__func__.1
                0x10004bc8       0x13 CMakeFiles/RP2040TOPC98.dir/E_/Users/WillowKoishi/Documents/2040py/C2040/pico-sdk-master/src/common/pico_util/pheap.c.obj
 *fill*         0x10004bdb        0x1 
 .rodata.__func__.2
                0x10004bdc       0x12 CMakeFiles/RP2040TOPC98.dir/E_/Users/WillowKoishi/Documents/2040py/C2040/pico-sdk-master/src/common/pico_util/pheap.c.obj
 *fill*         0x10004bee        0x2 
 .rodata.__func__.3
                0x10004bf0        0xc CMakeFiles/RP2040TOPC98.dir/E_/Users/WillowKoishi/Documents/2040py/C2040/pico-sdk-master/src/common/pico_util/pheap.c.obj
 .rodata.__assert_func.str1.4
                0x10004bfc       0x3f CMakeFiles/RP2040TOPC98.dir/E_/Users/WillowKoishi/Documents/2040py/C2040/pico-sdk-master/src/rp2_common/pico_runtime/runtime.c.obj
                                 0x43 (size before relaxing)
 *fill*         0x10004c3b        0x1 
 .rodata.runtime_init.str1.4
                0x10004c3c       0x83 CMakeFiles/RP2040TOPC98.dir/E_/Users/WillowKoishi/Documents/2040py/C2040/pico-sdk-master/src/rp2_common/pico_runtime/runtime.c.obj
 *fill*         0x10004cbf        0x1 
 .rodata.panic.str1.4
                0x10004cc0       0x12 CMakeFiles/RP2040TOPC98.dir/E_/Users/WillowKoishi/Documents/2040py/C2040/pico-sdk-master/src/rp2_common/pico_runtime/runtime.c.obj
 *fill*         0x10004cd2        0x2 
 .rodata.__func__.1
                0x10004cd4        0xd CMakeFiles/RP2040TOPC98.dir/E_/Users/WillowKoishi/Documents/2040py/C2040/pico-sdk-master/src/rp2_common/pico_runtime/runtime.c.obj
 *fill*         0x10004ce1        0x3 
 .rodata.clock_configure.str1.4
                0x10004ce4       0x79 CMakeFiles/RP2040TOPC98.dir/E_/Users/WillowKoishi/Documents/2040py/C2040/pico-sdk-master/src/rp2_common/hardware_clocks/clocks.c.obj
 *fill*         0x10004d5d        0x3 
 .rodata.__func__.1
                0x10004d60       0x10 CMakeFiles/RP2040TOPC98.dir/E_/Users/WillowKoishi/Documents/2040py/C2040/pico-sdk-master/src/rp2_common/hardware_clocks/clocks.c.obj
 .rodata.make_branch.str1.4
                0x10004d70       0x8f CMakeFiles/RP2040TOPC98.dir/E_/Users/WillowKoishi/Documents/2040py/C2040/pico-sdk-master/src/rp2_common/hardware_irq/irq.c.obj
 *fill*         0x10004dff        0x1 
 .rodata.insert_branch_and_link.str1.4
                0x10004e00       0x10 CMakeFiles/RP2040TOPC98.dir/E_/Users/WillowKoishi/Documents/2040py/C2040/pico-sdk-master/src/rp2_common/hardware_irq/irq.c.obj
 .rodata.irq_set_exclusive_handler.str1.4
                0x10004e10       0x36 CMakeFiles/RP2040TOPC98.dir/E_/Users/WillowKoishi/Documents/2040py/C2040/pico-sdk-master/src/rp2_common/hardware_irq/irq.c.obj
 *fill*         0x10004e46        0x2 
 .rodata.irq_add_shared_handler.str1.4
                0x10004e48       0xd9 CMakeFiles/RP2040TOPC98.dir/E_/Users/WillowKoishi/Documents/2040py/C2040/pico-sdk-master/src/rp2_common/hardware_irq/irq.c.obj
 *fill*         0x10004f21        0x3 
 .rodata.irq_remove_handler.str1.4
                0x10004f24       0x2a CMakeFiles/RP2040TOPC98.dir/E_/Users/WillowKoishi/Documents/2040py/C2040/pico-sdk-master/src/rp2_common/hardware_irq/irq.c.obj
 *fill*         0x10004f4e        0x2 
 .rodata.irq_add_tail_to_free_list.str1.4
                0x10004f50       0x32 CMakeFiles/RP2040TOPC98.dir/E_/Users/WillowKoishi/Documents/2040py/C2040/pico-sdk-master/src/rp2_common/hardware_irq/irq.c.obj
                                 0x3a (size before relaxing)
 *fill*         0x10004f82        0x2 
 .rodata.__func__.0
                0x10004f84       0x1a CMakeFiles/RP2040TOPC98.dir/E_/Users/WillowKoishi/Documents/2040py/C2040/pico-sdk-master/src/rp2_common/hardware_irq/irq.c.obj
 *fill*         0x10004f9e        0x2 
 .rodata.__func__.1
                0x10004fa0       0x17 CMakeFiles/RP2040TOPC98.dir/E_/Users/WillowKoishi/Documents/2040py/C2040/pico-sdk-master/src/rp2_common/hardware_irq/irq.c.obj
 *fill*         0x10004fb7        0x1 
 .rodata.__func__.2
                0x10004fb8       0x13 CMakeFiles/RP2040TOPC98.dir/E_/Users/WillowKoishi/Documents/2040py/C2040/pico-sdk-master/src/rp2_common/hardware_irq/irq.c.obj
 *fill*         0x10004fcb        0x1 
 .rodata.__func__.3
                0x10004fcc        0xc CMakeFiles/RP2040TOPC98.dir/E_/Users/WillowKoishi/Documents/2040py/C2040/pico-sdk-master/src/rp2_common/hardware_irq/irq.c.obj
 .rodata.__func__.4
                0x10004fd8        0xf CMakeFiles/RP2040TOPC98.dir/E_/Users/WillowKoishi/Documents/2040py/C2040/pico-sdk-master/src/rp2_common/hardware_irq/irq.c.obj
 *fill*         0x10004fe7        0x1 
 .rodata.__func__.6
                0x10004fe8       0x1a CMakeFiles/RP2040TOPC98.dir/E_/Users/WillowKoishi/Documents/2040py/C2040/pico-sdk-master/src/rp2_common/hardware_irq/irq.c.obj
 *fill*         0x10005002        0x2 
 .rodata.pll_init.str1.4
                0x10005004       0xfb CMakeFiles/RP2040TOPC98.dir/E_/Users/WillowKoishi/Documents/2040py/C2040/pico-sdk-master/src/rp2_common/hardware_pll/pll.c.obj
 *fill*         0x100050ff        0x1 
 .rodata.__func__.0
                0x10005100        0x9 CMakeFiles/RP2040TOPC98.dir/E_/Users/WillowKoishi/Documents/2040py/C2040/pico-sdk-master/src/rp2_common/hardware_pll/pll.c.obj
 *fill*         0x10005109        0x3 
 .rodata._ftoa.str1.4
                0x1000510c       0x15 CMakeFiles/RP2040TOPC98.dir/E_/Users/WillowKoishi/Documents/2040py/C2040/pico-sdk-master/src/rp2_common/pico_printf/printf.c.obj
 *fill*         0x10005121        0x3 
 .rodata._vsnprintf
                0x10005124      0x1e0 CMakeFiles/RP2040TOPC98.dir/E_/Users/WillowKoishi/Documents/2040py/C2040/pico-sdk-master/src/rp2_common/pico_printf/printf.c.obj
 *fill*         0x10005304        0x4 
 .rodata.pow10.0
                0x10005308       0x50 CMakeFiles/RP2040TOPC98.dir/E_/Users/WillowKoishi/Documents/2040py/C2040/pico-sdk-master/src/rp2_common/pico_printf/printf.c.obj
 .rodata.__aeabi_double_init.str1.4
                0x10005358       0xca CMakeFiles/RP2040TOPC98.dir/E_/Users/WillowKoishi/Documents/2040py/C2040/pico-sdk-master/src/rp2_common/pico_double/double_init_rom.c.obj
 *fill*         0x10005422        0x2 
 .rodata.__func__.0
                0x10005424       0x14 CMakeFiles/RP2040TOPC98.dir/E_/Users/WillowKoishi/Documents/2040py/C2040/pico-sdk-master/src/rp2_common/pico_double/double_init_rom.c.obj
 .rodata.__aeabi_float_init.str1.4
                0x10005438       0x9c CMakeFiles/RP2040TOPC98.dir/E_/Users/WillowKoishi/Documents/2040py/C2040/pico-sdk-master/src/rp2_common/pico_float/float_init_rom.c.obj
                                 0xa0 (size before relaxing)
 .rodata.__func__.0
                0x100054d4       0x13 CMakeFiles/RP2040TOPC98.dir/E_/Users/WillowKoishi/Documents/2040py/C2040/pico-sdk-master/src/rp2_common/pico_float/float_init_rom.c.obj
 *fill*         0x100054e7        0x1 
 .rodata.str1.4
                0x100054e8       0x44 CMakeFiles/RP2040TOPC98.dir/E_/Users/WillowKoishi/Documents/2040py/C2040/pico-sdk-master/src/rp2_common/pico_standard_link/binary_info.c.obj
 .rodata.__bi_44
                0x1000552c        0xc CMakeFiles/RP2040TOPC98.dir/E_/Users/WillowKoishi/Documents/2040py/C2040/pico-sdk-master/src/rp2_common/pico_standard_link/binary_info.c.obj
 .rodata.__bi_75
                0x10005538        0xc CMakeFiles/RP2040TOPC98.dir/E_/Users/WillowKoishi/Documents/2040py/C2040/pico-sdk-master/src/rp2_common/pico_standard_link/binary_info.c.obj
 .rodata.__bi_81
                0x10005544        0xc CMakeFiles/RP2040TOPC98.dir/E_/Users/WillowKoishi/Documents/2040py/C2040/pico-sdk-master/src/rp2_common/pico_standard_link/binary_info.c.obj
 .rodata.crlf_str.3
                0x10005550        0x2 CMakeFiles/RP2040TOPC98.dir/E_/Users/WillowKoishi/Documents/2040py/C2040/pico-sdk-master/src/rp2_common/pico_stdio/stdio.c.obj
                0x10005554                . = ALIGN (0x4)
 *fill*         0x10005552        0x2 
 *(SORT_BY_ALIGNMENT(SORT_BY_NAME(.flashdata*)))
                0x10005554                . = ALIGN (0x4)

.rel.dyn        0x10005554        0x0
 .rel.iplt      0x10005554        0x0 d:/progra~2/gnuarm~1/102021~1.10/bin/../lib/gcc/arm-none-eabi/10.3.1/thumb/v6-m/nofp/crtbegin.o

.ARM.extab
 *(.ARM.extab* .gnu.linkonce.armextab.*)
                0x10005554                __exidx_start = .

.ARM.exidx
 *(.ARM.exidx* .gnu.linkonce.armexidx.*)
                0x10005554                __exidx_end = .
                0x10005554                . = ALIGN (0x4)
                0x10005554                __binary_info_start = .

.binary_info    0x10005554       0x1c
 *(.binary_info.keep.*)
 .binary_info.keep.__bi_ptr22
                0x10005554        0x4 CMakeFiles/RP2040TOPC98.dir/E_/Users/WillowKoishi/Documents/2040py/C2040/pico-sdk-master/src/rp2_common/pico_standard_link/binary_info.c.obj
 .binary_info.keep.__bi_ptr30
                0x10005558        0x4 CMakeFiles/RP2040TOPC98.dir/E_/Users/WillowKoishi/Documents/2040py/C2040/pico-sdk-master/src/rp2_common/pico_standard_link/binary_info.c.obj
 .binary_info.keep.__bi_ptr38
                0x1000555c        0x4 CMakeFiles/RP2040TOPC98.dir/E_/Users/WillowKoishi/Documents/2040py/C2040/pico-sdk-master/src/rp2_common/pico_standard_link/binary_info.c.obj
 .binary_info.keep.__bi_ptr44
                0x10005560        0x4 CMakeFiles/RP2040TOPC98.dir/E_/Users/WillowKoishi/Documents/2040py/C2040/pico-sdk-master/src/rp2_common/pico_standard_link/binary_info.c.obj
 .binary_info.keep.__bi_ptr50
                0x10005564        0x4 CMakeFiles/RP2040TOPC98.dir/E_/Users/WillowKoishi/Documents/2040py/C2040/pico-sdk-master/src/rp2_common/pico_standard_link/binary_info.c.obj
 .binary_info.keep.__bi_ptr75
                0x10005568        0x4 CMakeFiles/RP2040TOPC98.dir/E_/Users/WillowKoishi/Documents/2040py/C2040/pico-sdk-master/src/rp2_common/pico_standard_link/binary_info.c.obj
 .binary_info.keep.__bi_ptr81
                0x1000556c        0x4 CMakeFiles/RP2040TOPC98.dir/E_/Users/WillowKoishi/Documents/2040py/C2040/pico-sdk-master/src/rp2_common/pico_standard_link/binary_info.c.obj
 *(.binary_info.*)
                0x10005570                __binary_info_end = .
                0x10005570                . = ALIGN (0x4)
                0x10005570                __etext = .

.ram_vector_table
                0x20000000       0xc0
 *(.ram_vector_table)
 .ram_vector_table
                0x20000000       0xc0 CMakeFiles/RP2040TOPC98.dir/E_/Users/WillowKoishi/Documents/2040py/C2040/pico-sdk-master/src/rp2_common/pico_runtime/runtime.c.obj
                0x20000000                ram_vector_table

.data           0x200000c0      0x1ac load address 0x10005570
                0x200000c0                __data_start__ = .
 *(vtable)
 *(.time_critical*)
 .time_critical.mutex_enter_blocking
                0x200000c0       0x48 CMakeFiles/RP2040TOPC98.dir/E_/Users/WillowKoishi/Documents/2040py/C2040/pico-sdk-master/src/common/pico_sync/mutex.c.obj
                0x200000c0                mutex_enter_blocking
 .time_critical.mutex_try_enter
                0x20000108       0x46 CMakeFiles/RP2040TOPC98.dir/E_/Users/WillowKoishi/Documents/2040py/C2040/pico-sdk-master/src/common/pico_sync/mutex.c.obj
                0x20000108                mutex_try_enter
 *fill*         0x2000014e        0x2 
 .time_critical.mutex_exit
                0x20000150       0x4c CMakeFiles/RP2040TOPC98.dir/E_/Users/WillowKoishi/Documents/2040py/C2040/pico-sdk-master/src/common/pico_sync/mutex.c.obj
                0x20000150                mutex_exit
 *(.text*)
 .text          0x2000019c        0x4 d:/progra~2/gnuarm~1/102021~1.10/bin/../lib/gcc/arm-none-eabi/10.3.1/thumb/v6-m/nofp\libgcc.a(_dvmd_tls.o)
                0x2000019c                __aeabi_idiv0
                0x2000019c                __aeabi_ldiv0
 .text.__stub   0x200001a0       0x10 linker stubs
                0x200001b0                . = ALIGN (0x4)
 *(.rodata*)
                0x200001b0                . = ALIGN (0x4)
 *(.data*)
 .data.striped_spin_lock_num
                0x200001b0        0x1 CMakeFiles/RP2040TOPC98.dir/E_/Users/WillowKoishi/Documents/2040py/C2040/pico-sdk-master/src/rp2_common/hardware_sync/sync.c.obj
 *fill*         0x200001b1        0x3 
 .data.default_alarm_pool
                0x200001b4       0x18 CMakeFiles/RP2040TOPC98.dir/E_/Users/WillowKoishi/Documents/2040py/C2040/pico-sdk-master/src/common/pico_time/time.c.obj
 .data.default_alarm_pool_heap
                0x200001cc       0x10 CMakeFiles/RP2040TOPC98.dir/E_/Users/WillowKoishi/Documents/2040py/C2040/pico-sdk-master/src/common/pico_time/time.c.obj
 .data          0x200001dc       0x48 CMakeFiles/RP2040TOPC98.dir/E_/Users/WillowKoishi/Documents/2040py/C2040/pico-sdk-master/src/rp2_common/hardware_irq/irq_handler_chain.S.obj
                0x200001dc                irq_handler_chain_slots
                0x2000020c                irq_handler_chain_first_slot
                0x20000216                irq_handler_chain_remove_tail
 *fill*         0x20000224        0xc 
 .data.aeabi_bits_funcs
                0x20000230       0x10 CMakeFiles/RP2040TOPC98.dir/E_/Users/WillowKoishi/Documents/2040py/C2040/pico-sdk-master/src/rp2_common/pico_bit_ops/bit_ops_aeabi.S.obj
                0x20000230                aeabi_bits_funcs
                0x20000240                aeabi_bits_funcs_end
 .data.aeabi_mem_funcs
                0x20000240       0x10 CMakeFiles/RP2040TOPC98.dir/E_/Users/WillowKoishi/Documents/2040py/C2040/pico-sdk-master/src/rp2_common/pico_mem_ops/mem_ops_aeabi.S.obj
                0x20000240                aeabi_mem_funcs
                0x20000250                aeabi_mem_funcs_end
                0x20000250                . = ALIGN (0x4)
 *(.after_data.*)
                0x20000250                . = ALIGN (0x4)
                0x20000250                PROVIDE (__mutex_array_start = .)
 *(SORT_BY_NAME(.mutex_array.*))
 *(.mutex_array)
 .mutex_array   0x20000250        0x8 CMakeFiles/RP2040TOPC98.dir/E_/Users/WillowKoishi/Documents/2040py/C2040/pico-sdk-master/src/rp2_common/pico_stdio/stdio.c.obj
                0x20000258                PROVIDE (__mutex_array_end = .)
                0x20000258                . = ALIGN (0x4)
                0x20000258                PROVIDE (__preinit_array_start = .)
 *(SORT_BY_NAME(.preinit_array.*))
 .preinit_array.00001
                0x20000258        0x4 CMakeFiles/RP2040TOPC98.dir/E_/Users/WillowKoishi/Documents/2040py/C2040/pico-sdk-master/src/rp2_common/pico_mem_ops/mem_ops_aeabi.S.obj
 .preinit_array.00010
                0x2000025c        0x4 CMakeFiles/RP2040TOPC98.dir/E_/Users/WillowKoishi/Documents/2040py/C2040/pico-sdk-master/src/rp2_common/pico_bit_ops/bit_ops_aeabi.S.obj
 .preinit_array.00020
                0x20000260        0x4 CMakeFiles/RP2040TOPC98.dir/E_/Users/WillowKoishi/Documents/2040py/C2040/pico-sdk-master/src/rp2_common/pico_double/double_aeabi.S.obj
 .preinit_array.00020
                0x20000264        0x4 CMakeFiles/RP2040TOPC98.dir/E_/Users/WillowKoishi/Documents/2040py/C2040/pico-sdk-master/src/rp2_common/pico_float/float_aeabi.S.obj
 *(.preinit_array)
                0x20000268                PROVIDE (__preinit_array_end = .)
                0x20000268                . = ALIGN (0x4)
                0x20000268                PROVIDE (__init_array_start = .)
 *(SORT_BY_NAME(.init_array.*))
 *(.init_array)
 .init_array    0x20000268        0x4 d:/progra~2/gnuarm~1/102021~1.10/bin/../lib/gcc/arm-none-eabi/10.3.1/thumb/v6-m/nofp/crtbegin.o
                0x2000026c                PROVIDE (__init_array_end = .)
                0x2000026c                . = ALIGN (0x4)
                [!provide]                PROVIDE (__fini_array_start = .)
 *(SORT_BY_NAME(.fini_array.*))
 *(.fini_array)
                [!provide]                PROVIDE (__fini_array_end = .)
 *(.jcr)
                0x2000026c                . = ALIGN (0x4)
                0x2000026c                __data_end__ = .

.igot.plt       0x2000026c        0x0 load address 0x1000571c
 .igot.plt      0x2000026c        0x0 d:/progra~2/gnuarm~1/102021~1.10/bin/../lib/gcc/arm-none-eabi/10.3.1/thumb/v6-m/nofp/crtbegin.o

.uninitialized_data
                0x2000026c        0x0 load address 0x1000571c
                0x2000026c                . = ALIGN (0x4)
 *(.uninitialized_data*)

.scratch_x      0x20040000        0x0 load address 0x1000571c
                0x20040000                __scratch_x_start__ = .
 *(.scratch_x.*)
                0x20040000                . = ALIGN (0x4)
                0x20040000                __scratch_x_end__ = .
                0x1000571c                __scratch_x_source__ = LOADADDR (.scratch_x)

.scratch_y      0x20041000        0x0 load address 0x1000571c
                0x20041000                __scratch_y_start__ = .
 *(.scratch_y.*)
                0x20041000                . = ALIGN (0x4)
                0x20041000                __scratch_y_end__ = .
                0x1000571c                __scratch_y_source__ = LOADADDR (.scratch_y)

.bss            0x20000270      0x46c
                0x20000270                . = ALIGN (0x4)
                0x20000270                __bss_start__ = .
 *(SORT_BY_ALIGNMENT(SORT_BY_NAME(.bss*)))
 .bss.default_alarm_pool_entries
                0x20000270      0x100 CMakeFiles/RP2040TOPC98.dir/E_/Users/WillowKoishi/Documents/2040py/C2040/pico-sdk-master/src/common/pico_time/time.c.obj
 .bss           0x20000370       0x1c d:/progra~2/gnuarm~1/102021~1.10/bin/../lib/gcc/arm-none-eabi/10.3.1/thumb/v6-m/nofp/crtbegin.o
 .bss.alarm_callbacks
                0x2000038c       0x10 CMakeFiles/RP2040TOPC98.dir/E_/Users/WillowKoishi/Documents/2040py/C2040/pico-sdk-master/src/rp2_common/hardware_timer/timer.c.obj
 .bss.configured_freq
                0x2000039c       0x28 CMakeFiles/RP2040TOPC98.dir/E_/Users/WillowKoishi/Documents/2040py/C2040/pico-sdk-master/src/rp2_common/hardware_clocks/clocks.c.obj
 .bss.default_alarm_pool_entry_ids_high
                0x200003c4       0x10 CMakeFiles/RP2040TOPC98.dir/E_/Users/WillowKoishi/Documents/2040py/C2040/pico-sdk-master/src/common/pico_time/time.c.obj
 .bss.default_alarm_pool_heap_nodes
                0x200003d4       0x30 CMakeFiles/RP2040TOPC98.dir/E_/Users/WillowKoishi/Documents/2040py/C2040/pico-sdk-master/src/common/pico_time/time.c.obj
 .bss.drivers   0x20000404        0x4 CMakeFiles/RP2040TOPC98.dir/E_/Users/WillowKoishi/Documents/2040py/C2040/pico-sdk-master/src/rp2_common/pico_stdio/stdio.c.obj
 .bss.filter    0x20000408        0x4 CMakeFiles/RP2040TOPC98.dir/E_/Users/WillowKoishi/Documents/2040py/C2040/pico-sdk-master/src/rp2_common/pico_stdio/stdio.c.obj
 .bss.lP98KEYS  0x2000040c       0xa0 CMakeFiles/RP2040TOPC98.dir/main.c.obj
                0x2000040c                lP98KEYS
 .bss.pools     0x200004ac       0x10 CMakeFiles/RP2040TOPC98.dir/E_/Users/WillowKoishi/Documents/2040py/C2040/pico-sdk-master/src/common/pico_time/time.c.obj
 .bss.sd_table  0x200004bc      0x100 CMakeFiles/RP2040TOPC98.dir/E_/Users/WillowKoishi/Documents/2040py/C2040/pico-sdk-master/src/rp2_common/pico_double/double_init_rom.c.obj
                0x200004bc                sd_table
 .bss.sf_clz_func
                0x200005bc        0x4 CMakeFiles/RP2040TOPC98.dir/E_/Users/WillowKoishi/Documents/2040py/C2040/pico-sdk-master/src/rp2_common/pico_double/double_init_rom.c.obj
                0x200005bc                sf_clz_func
 .bss.sf_table  0x200005c0      0x100 CMakeFiles/RP2040TOPC98.dir/E_/Users/WillowKoishi/Documents/2040py/C2040/pico-sdk-master/src/rp2_common/pico_float/float_init_rom.c.obj
                0x200005c0                sf_table
 .bss.sleep_notifier
                0x200006c0        0x4 CMakeFiles/RP2040TOPC98.dir/E_/Users/WillowKoishi/Documents/2040py/C2040/pico-sdk-master/src/common/pico_time/time.c.obj
 .bss.target_hi
                0x200006c4       0x10 CMakeFiles/RP2040TOPC98.dir/E_/Users/WillowKoishi/Documents/2040py/C2040/pico-sdk-master/src/rp2_common/hardware_timer/timer.c.obj
 .bss.uart_char_to_line_feed
                0x200006d4        0x4 CMakeFiles/RP2040TOPC98.dir/E_/Users/WillowKoishi/Documents/2040py/C2040/pico-sdk-master/src/rp2_common/hardware_uart/uart.c.obj
                0x200006d4                uart_char_to_line_feed
 .bss.claimed   0x200006d8        0x1 CMakeFiles/RP2040TOPC98.dir/E_/Users/WillowKoishi/Documents/2040py/C2040/pico-sdk-master/src/rp2_common/hardware_timer/timer.c.obj
 .bss.irq_hander_chain_free_slot_head
                0x200006d9        0x1 CMakeFiles/RP2040TOPC98.dir/E_/Users/WillowKoishi/Documents/2040py/C2040/pico-sdk-master/src/rp2_common/hardware_irq/irq.c.obj
 .bss.timer_callbacks_pending
                0x200006da        0x1 CMakeFiles/RP2040TOPC98.dir/E_/Users/WillowKoishi/Documents/2040py/C2040/pico-sdk-master/src/rp2_common/hardware_timer/timer.c.obj
 *(COMMON)
                0x200006dc                . = ALIGN (0x4)
 *fill*         0x200006db        0x1 
                0x200006dc                __bss_end__ = .

.heap           0x200006dc      0x800
                0x200006dc                __end__ = .
                0x200006dc                end = __end__
 *(.heap*)
 .heap          0x200006dc      0x800 CMakeFiles/RP2040TOPC98.dir/E_/Users/WillowKoishi/Documents/2040py/C2040/pico-sdk-master/src/rp2_common/pico_standard_link/crt0.S.obj
                0x20000edc                __HeapLimit = .

.stack1_dummy   0x20040000        0x0
 *(.stack1*)

.stack_dummy    0x20041000      0x800
 *(.stack*)
 .stack         0x20041000      0x800 CMakeFiles/RP2040TOPC98.dir/E_/Users/WillowKoishi/Documents/2040py/C2040/pico-sdk-master/src/rp2_common/pico_standard_link/crt0.S.obj

.flash_end      0x1000571c        0x0
                0x1000571c                __flash_binary_end = .
                0x20040000                __StackLimit = (ORIGIN (RAM) + LENGTH (RAM))
                0x20041000                __StackOneTop = (ORIGIN (SCRATCH_X) + LENGTH (SCRATCH_X))
                0x20042000                __StackTop = (ORIGIN (SCRATCH_Y) + LENGTH (SCRATCH_Y))
                0x20041000                __StackOneBottom = (__StackOneTop - SIZEOF (.stack1_dummy))
                0x20041800                __StackBottom = (__StackTop - SIZEOF (.stack_dummy))
                0x20042000                PROVIDE (__stack = __StackTop)
                0x00000001                ASSERT ((__StackLimit >= __HeapLimit), region RAM overflowed)
                0x00000001                ASSERT (((__binary_info_header_end - __logical_binary_start) <= 0x100), Binary info must be in first 256 bytes of the binary)
LOAD CMakeFiles/RP2040TOPC98.dir/main.c.obj
LOAD CMakeFiles/RP2040TOPC98.dir/E_/Users/WillowKoishi/Documents/2040py/C2040/pico-sdk-master/src/rp2_common/pico_stdlib/stdlib.c.obj
LOAD CMakeFiles/RP2040TOPC98.dir/E_/Users/WillowKoishi/Documents/2040py/C2040/pico-sdk-master/src/rp2_common/hardware_gpio/gpio.c.obj
LOAD CMakeFiles/RP2040TOPC98.dir/E_/Users/WillowKoishi/Documents/2040py/C2040/pico-sdk-master/src/rp2_common/hardware_claim/claim.c.obj
LOAD CMakeFiles/RP2040TOPC98.dir/E_/Users/WillowKoishi/Documents/2040py/C2040/pico-sdk-master/src/rp2_common/pico_platform/platform.c.obj
LOAD CMakeFiles/RP2040TOPC98.dir/E_/Users/WillowKoishi/Documents/2040py/C2040/pico-sdk-master/src/rp2_common/hardware_sync/sync.c.obj
LOAD CMakeFiles/RP2040TOPC98.dir/E_/Users/WillowKoishi/Documents/2040py/C2040/pico-sdk-master/src/rp2_common/hardware_uart/uart.c.obj
LOAD CMakeFiles/RP2040TOPC98.dir/E_/Users/WillowKoishi/Documents/2040py/C2040/pico-sdk-master/src/rp2_common/hardware_divider/divider.S.obj
LOAD CMakeFiles/RP2040TOPC98.dir/E_/Users/WillowKoishi/Documents/2040py/C2040/pico-sdk-master/src/common/pico_time/time.c.obj
LOAD CMakeFiles/RP2040TOPC98.dir/E_/Users/WillowKoishi/Documents/2040py/C2040/pico-sdk-master/src/common/pico_time/timeout_helper.c.obj
LOAD CMakeFiles/RP2040TOPC98.dir/E_/Users/WillowKoishi/Documents/2040py/C2040/pico-sdk-master/src/rp2_common/hardware_timer/timer.c.obj
LOAD CMakeFiles/RP2040TOPC98.dir/E_/Users/WillowKoishi/Documents/2040py/C2040/pico-sdk-master/src/common/pico_sync/sem.c.obj
LOAD CMakeFiles/RP2040TOPC98.dir/E_/Users/WillowKoishi/Documents/2040py/C2040/pico-sdk-master/src/common/pico_sync/lock_core.c.obj
LOAD CMakeFiles/RP2040TOPC98.dir/E_/Users/WillowKoishi/Documents/2040py/C2040/pico-sdk-master/src/common/pico_sync/mutex.c.obj
LOAD CMakeFiles/RP2040TOPC98.dir/E_/Users/WillowKoishi/Documents/2040py/C2040/pico-sdk-master/src/common/pico_sync/critical_section.c.obj
LOAD CMakeFiles/RP2040TOPC98.dir/E_/Users/WillowKoishi/Documents/2040py/C2040/pico-sdk-master/src/common/pico_util/datetime.c.obj
LOAD CMakeFiles/RP2040TOPC98.dir/E_/Users/WillowKoishi/Documents/2040py/C2040/pico-sdk-master/src/common/pico_util/pheap.c.obj
LOAD CMakeFiles/RP2040TOPC98.dir/E_/Users/WillowKoishi/Documents/2040py/C2040/pico-sdk-master/src/common/pico_util/queue.c.obj
LOAD CMakeFiles/RP2040TOPC98.dir/E_/Users/WillowKoishi/Documents/2040py/C2040/pico-sdk-master/src/rp2_common/pico_runtime/runtime.c.obj
LOAD CMakeFiles/RP2040TOPC98.dir/E_/Users/WillowKoishi/Documents/2040py/C2040/pico-sdk-master/src/rp2_common/hardware_clocks/clocks.c.obj
LOAD CMakeFiles/RP2040TOPC98.dir/E_/Users/WillowKoishi/Documents/2040py/C2040/pico-sdk-master/src/rp2_common/hardware_irq/irq.c.obj
LOAD CMakeFiles/RP2040TOPC98.dir/E_/Users/WillowKoishi/Documents/2040py/C2040/pico-sdk-master/src/rp2_common/hardware_irq/irq_handler_chain.S.obj
LOAD CMakeFiles/RP2040TOPC98.dir/E_/Users/WillowKoishi/Documents/2040py/C2040/pico-sdk-master/src/rp2_common/hardware_pll/pll.c.obj
LOAD CMakeFiles/RP2040TOPC98.dir/E_/Users/WillowKoishi/Documents/2040py/C2040/pico-sdk-master/src/rp2_common/hardware_vreg/vreg.c.obj
LOAD CMakeFiles/RP2040TOPC98.dir/E_/Users/WillowKoishi/Documents/2040py/C2040/pico-sdk-master/src/rp2_common/hardware_watchdog/watchdog.c.obj
LOAD CMakeFiles/RP2040TOPC98.dir/E_/Users/WillowKoishi/Documents/2040py/C2040/pico-sdk-master/src/rp2_common/hardware_xosc/xosc.c.obj
LOAD CMakeFiles/RP2040TOPC98.dir/E_/Users/WillowKoishi/Documents/2040py/C2040/pico-sdk-master/src/rp2_common/pico_printf/printf.c.obj
LOAD CMakeFiles/RP2040TOPC98.dir/E_/Users/WillowKoishi/Documents/2040py/C2040/pico-sdk-master/src/rp2_common/pico_bit_ops/bit_ops_aeabi.S.obj
LOAD CMakeFiles/RP2040TOPC98.dir/E_/Users/WillowKoishi/Documents/2040py/C2040/pico-sdk-master/src/rp2_common/pico_bootrom/bootrom.c.obj
LOAD CMakeFiles/RP2040TOPC98.dir/E_/Users/WillowKoishi/Documents/2040py/C2040/pico-sdk-master/src/rp2_common/pico_divider/divider.S.obj
LOAD CMakeFiles/RP2040TOPC98.dir/E_/Users/WillowKoishi/Documents/2040py/C2040/pico-sdk-master/src/rp2_common/pico_double/double_aeabi.S.obj
LOAD CMakeFiles/RP2040TOPC98.dir/E_/Users/WillowKoishi/Documents/2040py/C2040/pico-sdk-master/src/rp2_common/pico_double/double_init_rom.c.obj
LOAD CMakeFiles/RP2040TOPC98.dir/E_/Users/WillowKoishi/Documents/2040py/C2040/pico-sdk-master/src/rp2_common/pico_double/double_math.c.obj
LOAD CMakeFiles/RP2040TOPC98.dir/E_/Users/WillowKoishi/Documents/2040py/C2040/pico-sdk-master/src/rp2_common/pico_double/double_v1_rom_shim.S.obj
LOAD CMakeFiles/RP2040TOPC98.dir/E_/Users/WillowKoishi/Documents/2040py/C2040/pico-sdk-master/src/rp2_common/pico_int64_ops/pico_int64_ops_aeabi.S.obj
LOAD CMakeFiles/RP2040TOPC98.dir/E_/Users/WillowKoishi/Documents/2040py/C2040/pico-sdk-master/src/rp2_common/pico_float/float_aeabi.S.obj
LOAD CMakeFiles/RP2040TOPC98.dir/E_/Users/WillowKoishi/Documents/2040py/C2040/pico-sdk-master/src/rp2_common/pico_float/float_init_rom.c.obj
LOAD CMakeFiles/RP2040TOPC98.dir/E_/Users/WillowKoishi/Documents/2040py/C2040/pico-sdk-master/src/rp2_common/pico_float/float_math.c.obj
LOAD CMakeFiles/RP2040TOPC98.dir/E_/Users/WillowKoishi/Documents/2040py/C2040/pico-sdk-master/src/rp2_common/pico_float/float_v1_rom_shim.S.obj
LOAD CMakeFiles/RP2040TOPC98.dir/E_/Users/WillowKoishi/Documents/2040py/C2040/pico-sdk-master/src/rp2_common/pico_malloc/pico_malloc.c.obj
LOAD CMakeFiles/RP2040TOPC98.dir/E_/Users/WillowKoishi/Documents/2040py/C2040/pico-sdk-master/src/rp2_common/pico_mem_ops/mem_ops_aeabi.S.obj
LOAD CMakeFiles/RP2040TOPC98.dir/E_/Users/WillowKoishi/Documents/2040py/C2040/pico-sdk-master/src/rp2_common/pico_standard_link/crt0.S.obj
LOAD CMakeFiles/RP2040TOPC98.dir/E_/Users/WillowKoishi/Documents/2040py/C2040/pico-sdk-master/src/rp2_common/pico_standard_link/new_delete.cpp.obj
LOAD CMakeFiles/RP2040TOPC98.dir/E_/Users/WillowKoishi/Documents/2040py/C2040/pico-sdk-master/src/rp2_common/pico_standard_link/binary_info.c.obj
LOAD CMakeFiles/RP2040TOPC98.dir/E_/Users/WillowKoishi/Documents/2040py/C2040/pico-sdk-master/src/rp2_common/pico_stdio/stdio.c.obj
LOAD CMakeFiles/RP2040TOPC98.dir/E_/Users/WillowKoishi/Documents/2040py/C2040/pico-sdk-master/src/rp2_common/pico_stdio_uart/stdio_uart.c.obj
LOAD C:\Users\WILLOW~1\AppData\Local\Temp\ccOfd1xR.o
LOAD d:/progra~2/gnuarm~1/102021~1.10/bin/../lib/gcc/arm-none-eabi/10.3.1/../../../../arm-none-eabi/lib/thumb/v6-m/nofp\libstdc++.a
LOAD d:/progra~2/gnuarm~1/102021~1.10/bin/../lib/gcc/arm-none-eabi/10.3.1/../../../../arm-none-eabi/lib/thumb/v6-m/nofp\libm.a
START GROUP
LOAD d:/progra~2/gnuarm~1/102021~1.10/bin/../lib/gcc/arm-none-eabi/10.3.1/thumb/v6-m/nofp\libgcc.a
LOAD d:/progra~2/gnuarm~1/102021~1.10/bin/../lib/gcc/arm-none-eabi/10.3.1/../../../../arm-none-eabi/lib/thumb/v6-m/nofp\libg.a
LOAD d:/progra~2/gnuarm~1/102021~1.10/bin/../lib/gcc/arm-none-eabi/10.3.1/../../../../arm-none-eabi/lib/thumb/v6-m/nofp\libc.a
END GROUP
START GROUP
LOAD d:/progra~2/gnuarm~1/102021~1.10/bin/../lib/gcc/arm-none-eabi/10.3.1/thumb/v6-m/nofp\libgcc.a
LOAD d:/progra~2/gnuarm~1/102021~1.10/bin/../lib/gcc/arm-none-eabi/10.3.1/../../../../arm-none-eabi/lib/thumb/v6-m/nofp\libc.a
LOAD d:/progra~2/gnuarm~1/102021~1.10/bin/../lib/gcc/arm-none-eabi/10.3.1/../../../../arm-none-eabi/lib/thumb/v6-m/nofp\libnosys.a
END GROUP
LOAD d:/progra~2/gnuarm~1/102021~1.10/bin/../lib/gcc/arm-none-eabi/10.3.1/thumb/v6-m/nofp/crtend.o
LOAD d:/progra~2/gnuarm~1/102021~1.10/bin/../lib/gcc/arm-none-eabi/10.3.1/thumb/v6-m/nofp/crtn.o
OUTPUT(RP2040TOPC98.elf elf32-littlearm)
LOAD linker stubs

.ARM.attributes
                0x00000000       0x28
 .ARM.attributes
                0x00000000       0x1e d:/progra~2/gnuarm~1/102021~1.10/bin/../lib/gcc/arm-none-eabi/10.3.1/thumb/v6-m/nofp/crti.o
 .ARM.attributes
                0x0000001e       0x2c d:/progra~2/gnuarm~1/102021~1.10/bin/../lib/gcc/arm-none-eabi/10.3.1/thumb/v6-m/nofp/crtbegin.o
 .ARM.attributes
                0x0000004a       0x2c CMakeFiles/RP2040TOPC98.dir/main.c.obj
 .ARM.attributes
                0x00000076       0x2c CMakeFiles/RP2040TOPC98.dir/E_/Users/WillowKoishi/Documents/2040py/C2040/pico-sdk-master/src/rp2_common/hardware_gpio/gpio.c.obj
 .ARM.attributes
                0x000000a2       0x2c CMakeFiles/RP2040TOPC98.dir/E_/Users/WillowKoishi/Documents/2040py/C2040/pico-sdk-master/src/rp2_common/hardware_claim/claim.c.obj
 .ARM.attributes
                0x000000ce       0x2c CMakeFiles/RP2040TOPC98.dir/E_/Users/WillowKoishi/Documents/2040py/C2040/pico-sdk-master/src/rp2_common/pico_platform/platform.c.obj
 .ARM.attributes
                0x000000fa       0x2c CMakeFiles/RP2040TOPC98.dir/E_/Users/WillowKoishi/Documents/2040py/C2040/pico-sdk-master/src/rp2_common/hardware_sync/sync.c.obj
 .ARM.attributes
                0x00000126       0x2c CMakeFiles/RP2040TOPC98.dir/E_/Users/WillowKoishi/Documents/2040py/C2040/pico-sdk-master/src/rp2_common/hardware_uart/uart.c.obj
 .ARM.attributes
                0x00000152       0x2c CMakeFiles/RP2040TOPC98.dir/E_/Users/WillowKoishi/Documents/2040py/C2040/pico-sdk-master/src/common/pico_time/time.c.obj
 .ARM.attributes
                0x0000017e       0x2c CMakeFiles/RP2040TOPC98.dir/E_/Users/WillowKoishi/Documents/2040py/C2040/pico-sdk-master/src/rp2_common/hardware_timer/timer.c.obj
 .ARM.attributes
                0x000001aa       0x2c CMakeFiles/RP2040TOPC98.dir/E_/Users/WillowKoishi/Documents/2040py/C2040/pico-sdk-master/src/common/pico_sync/lock_core.c.obj
 .ARM.attributes
                0x000001d6       0x2c CMakeFiles/RP2040TOPC98.dir/E_/Users/WillowKoishi/Documents/2040py/C2040/pico-sdk-master/src/common/pico_sync/mutex.c.obj
 .ARM.attributes
                0x00000202       0x2c CMakeFiles/RP2040TOPC98.dir/E_/Users/WillowKoishi/Documents/2040py/C2040/pico-sdk-master/src/common/pico_util/pheap.c.obj
 .ARM.attributes
                0x0000022e       0x2c CMakeFiles/RP2040TOPC98.dir/E_/Users/WillowKoishi/Documents/2040py/C2040/pico-sdk-master/src/rp2_common/pico_runtime/runtime.c.obj
 .ARM.attributes
                0x0000025a       0x2c CMakeFiles/RP2040TOPC98.dir/E_/Users/WillowKoishi/Documents/2040py/C2040/pico-sdk-master/src/rp2_common/hardware_clocks/clocks.c.obj
 .ARM.attributes
                0x00000286       0x2c CMakeFiles/RP2040TOPC98.dir/E_/Users/WillowKoishi/Documents/2040py/C2040/pico-sdk-master/src/rp2_common/hardware_irq/irq.c.obj
 .ARM.attributes
                0x000002b2       0x22 CMakeFiles/RP2040TOPC98.dir/E_/Users/WillowKoishi/Documents/2040py/C2040/pico-sdk-master/src/rp2_common/hardware_irq/irq_handler_chain.S.obj
 .ARM.attributes
                0x000002d4       0x2c CMakeFiles/RP2040TOPC98.dir/E_/Users/WillowKoishi/Documents/2040py/C2040/pico-sdk-master/src/rp2_common/hardware_pll/pll.c.obj
 .ARM.attributes
                0x00000300       0x2c CMakeFiles/RP2040TOPC98.dir/E_/Users/WillowKoishi/Documents/2040py/C2040/pico-sdk-master/src/rp2_common/hardware_watchdog/watchdog.c.obj
 .ARM.attributes
                0x0000032c       0x2c CMakeFiles/RP2040TOPC98.dir/E_/Users/WillowKoishi/Documents/2040py/C2040/pico-sdk-master/src/rp2_common/hardware_xosc/xosc.c.obj
 .ARM.attributes
                0x00000358       0x2c CMakeFiles/RP2040TOPC98.dir/E_/Users/WillowKoishi/Documents/2040py/C2040/pico-sdk-master/src/rp2_common/pico_printf/printf.c.obj
 .ARM.attributes
                0x00000384       0x22 CMakeFiles/RP2040TOPC98.dir/E_/Users/WillowKoishi/Documents/2040py/C2040/pico-sdk-master/src/rp2_common/pico_bit_ops/bit_ops_aeabi.S.obj
 .ARM.attributes
                0x000003a6       0x2c CMakeFiles/RP2040TOPC98.dir/E_/Users/WillowKoishi/Documents/2040py/C2040/pico-sdk-master/src/rp2_common/pico_bootrom/bootrom.c.obj
 .ARM.attributes
                0x000003d2       0x22 CMakeFiles/RP2040TOPC98.dir/E_/Users/WillowKoishi/Documents/2040py/C2040/pico-sdk-master/src/rp2_common/pico_divider/divider.S.obj
 .ARM.attributes
                0x000003f4       0x22 CMakeFiles/RP2040TOPC98.dir/E_/Users/WillowKoishi/Documents/2040py/C2040/pico-sdk-master/src/rp2_common/pico_double/double_aeabi.S.obj
 .ARM.attributes
                0x00000416       0x2c CMakeFiles/RP2040TOPC98.dir/E_/Users/WillowKoishi/Documents/2040py/C2040/pico-sdk-master/src/rp2_common/pico_double/double_init_rom.c.obj
 .ARM.attributes
                0x00000442       0x22 CMakeFiles/RP2040TOPC98.dir/E_/Users/WillowKoishi/Documents/2040py/C2040/pico-sdk-master/src/rp2_common/pico_double/double_v1_rom_shim.S.obj
 .ARM.attributes
                0x00000464       0x22 CMakeFiles/RP2040TOPC98.dir/E_/Users/WillowKoishi/Documents/2040py/C2040/pico-sdk-master/src/rp2_common/pico_int64_ops/pico_int64_ops_aeabi.S.obj
 .ARM.attributes
                0x00000486       0x22 CMakeFiles/RP2040TOPC98.dir/E_/Users/WillowKoishi/Documents/2040py/C2040/pico-sdk-master/src/rp2_common/pico_float/float_aeabi.S.obj
 .ARM.attributes
                0x000004a8       0x2c CMakeFiles/RP2040TOPC98.dir/E_/Users/WillowKoishi/Documents/2040py/C2040/pico-sdk-master/src/rp2_common/pico_float/float_init_rom.c.obj
 .ARM.attributes
                0x000004d4       0x22 CMakeFiles/RP2040TOPC98.dir/E_/Users/WillowKoishi/Documents/2040py/C2040/pico-sdk-master/src/rp2_common/pico_float/float_v1_rom_shim.S.obj
 .ARM.attributes
                0x000004f6       0x22 CMakeFiles/RP2040TOPC98.dir/E_/Users/WillowKoishi/Documents/2040py/C2040/pico-sdk-master/src/rp2_common/pico_mem_ops/mem_ops_aeabi.S.obj
 .ARM.attributes
                0x00000518       0x22 CMakeFiles/RP2040TOPC98.dir/E_/Users/WillowKoishi/Documents/2040py/C2040/pico-sdk-master/src/rp2_common/pico_standard_link/crt0.S.obj
 .ARM.attributes
                0x0000053a       0x2c CMakeFiles/RP2040TOPC98.dir/E_/Users/WillowKoishi/Documents/2040py/C2040/pico-sdk-master/src/rp2_common/pico_standard_link/binary_info.c.obj
 .ARM.attributes
                0x00000566       0x2c CMakeFiles/RP2040TOPC98.dir/E_/Users/WillowKoishi/Documents/2040py/C2040/pico-sdk-master/src/rp2_common/pico_stdio/stdio.c.obj
 .ARM.attributes
                0x00000592       0x22 C:\Users\WILLOW~1\AppData\Local\Temp\ccOfd1xR.o
 .ARM.attributes
                0x000005b4       0x1e d:/progra~2/gnuarm~1/102021~1.10/bin/../lib/gcc/arm-none-eabi/10.3.1/thumb/v6-m/nofp\libgcc.a(_dvmd_tls.o)
 .ARM.attributes
                0x000005d2       0x2c d:/progra~2/gnuarm~1/102021~1.10/bin/../lib/gcc/arm-none-eabi/10.3.1/../../../../arm-none-eabi/lib/thumb/v6-m/nofp\libg.a(lib_a-strlen-stub.o)

.comment        0x00000000       0x49
 .comment       0x00000000       0x49 CMakeFiles/RP2040TOPC98.dir/main.c.obj
                                 0x4a (size before relaxing)
 .comment       0x00000049       0x4a CMakeFiles/RP2040TOPC98.dir/E_/Users/WillowKoishi/Documents/2040py/C2040/pico-sdk-master/src/rp2_common/hardware_gpio/gpio.c.obj
 .comment       0x00000049       0x4a CMakeFiles/RP2040TOPC98.dir/E_/Users/WillowKoishi/Documents/2040py/C2040/pico-sdk-master/src/rp2_common/hardware_claim/claim.c.obj
 .comment       0x00000049       0x4a CMakeFiles/RP2040TOPC98.dir/E_/Users/WillowKoishi/Documents/2040py/C2040/pico-sdk-master/src/rp2_common/pico_platform/platform.c.obj
 .comment       0x00000049       0x4a CMakeFiles/RP2040TOPC98.dir/E_/Users/WillowKoishi/Documents/2040py/C2040/pico-sdk-master/src/rp2_common/hardware_sync/sync.c.obj
 .comment       0x00000049       0x4a CMakeFiles/RP2040TOPC98.dir/E_/Users/WillowKoishi/Documents/2040py/C2040/pico-sdk-master/src/rp2_common/hardware_uart/uart.c.obj
 .comment       0x00000049       0x4a CMakeFiles/RP2040TOPC98.dir/E_/Users/WillowKoishi/Documents/2040py/C2040/pico-sdk-master/src/common/pico_time/time.c.obj
 .comment       0x00000049       0x4a CMakeFiles/RP2040TOPC98.dir/E_/Users/WillowKoishi/Documents/2040py/C2040/pico-sdk-master/src/rp2_common/hardware_timer/timer.c.obj
 .comment       0x00000049       0x4a CMakeFiles/RP2040TOPC98.dir/E_/Users/WillowKoishi/Documents/2040py/C2040/pico-sdk-master/src/common/pico_sync/lock_core.c.obj
 .comment       0x00000049       0x4a CMakeFiles/RP2040TOPC98.dir/E_/Users/WillowKoishi/Documents/2040py/C2040/pico-sdk-master/src/common/pico_sync/mutex.c.obj
 .comment       0x00000049       0x4a CMakeFiles/RP2040TOPC98.dir/E_/Users/WillowKoishi/Documents/2040py/C2040/pico-sdk-master/src/common/pico_util/pheap.c.obj
 .comment       0x00000049       0x4a CMakeFiles/RP2040TOPC98.dir/E_/Users/WillowKoishi/Documents/2040py/C2040/pico-sdk-master/src/rp2_common/pico_runtime/runtime.c.obj
 .comment       0x00000049       0x4a CMakeFiles/RP2040TOPC98.dir/E_/Users/WillowKoishi/Documents/2040py/C2040/pico-sdk-master/src/rp2_common/hardware_clocks/clocks.c.obj
 .comment       0x00000049       0x4a CMakeFiles/RP2040TOPC98.dir/E_/Users/WillowKoishi/Documents/2040py/C2040/pico-sdk-master/src/rp2_common/hardware_irq/irq.c.obj
 .comment       0x00000049       0x4a CMakeFiles/RP2040TOPC98.dir/E_/Users/WillowKoishi/Documents/2040py/C2040/pico-sdk-master/src/rp2_common/hardware_pll/pll.c.obj
 .comment       0x00000049       0x4a CMakeFiles/RP2040TOPC98.dir/E_/Users/WillowKoishi/Documents/2040py/C2040/pico-sdk-master/src/rp2_common/hardware_watchdog/watchdog.c.obj
 .comment       0x00000049       0x4a CMakeFiles/RP2040TOPC98.dir/E_/Users/WillowKoishi/Documents/2040py/C2040/pico-sdk-master/src/rp2_common/hardware_xosc/xosc.c.obj
 .comment       0x00000049       0x4a CMakeFiles/RP2040TOPC98.dir/E_/Users/WillowKoishi/Documents/2040py/C2040/pico-sdk-master/src/rp2_common/pico_printf/printf.c.obj
 .comment       0x00000049       0x4a CMakeFiles/RP2040TOPC98.dir/E_/Users/WillowKoishi/Documents/2040py/C2040/pico-sdk-master/src/rp2_common/pico_bootrom/bootrom.c.obj
 .comment       0x00000049       0x4a CMakeFiles/RP2040TOPC98.dir/E_/Users/WillowKoishi/Documents/2040py/C2040/pico-sdk-master/src/rp2_common/pico_double/double_init_rom.c.obj
 .comment       0x00000049       0x4a CMakeFiles/RP2040TOPC98.dir/E_/Users/WillowKoishi/Documents/2040py/C2040/pico-sdk-master/src/rp2_common/pico_float/float_init_rom.c.obj
 .comment       0x00000049       0x4a CMakeFiles/RP2040TOPC98.dir/E_/Users/WillowKoishi/Documents/2040py/C2040/pico-sdk-master/src/rp2_common/pico_standard_link/binary_info.c.obj
 .comment       0x00000049       0x4a CMakeFiles/RP2040TOPC98.dir/E_/Users/WillowKoishi/Documents/2040py/C2040/pico-sdk-master/src/rp2_common/pico_stdio/stdio.c.obj

.debug_info     0x00000000    0x13e7d
 .debug_info    0x00000000     0x171a CMakeFiles/RP2040TOPC98.dir/main.c.obj
 .debug_info    0x0000171a     0x14d2 CMakeFiles/RP2040TOPC98.dir/E_/Users/WillowKoishi/Documents/2040py/C2040/pico-sdk-master/src/rp2_common/hardware_gpio/gpio.c.obj
 .debug_info    0x00002bec      0x6bb CMakeFiles/RP2040TOPC98.dir/E_/Users/WillowKoishi/Documents/2040py/C2040/pico-sdk-master/src/rp2_common/hardware_claim/claim.c.obj
 .debug_info    0x000032a7      0x1e3 CMakeFiles/RP2040TOPC98.dir/E_/Users/WillowKoishi/Documents/2040py/C2040/pico-sdk-master/src/rp2_common/pico_platform/platform.c.obj
 .debug_info    0x0000348a      0x58e CMakeFiles/RP2040TOPC98.dir/E_/Users/WillowKoishi/Documents/2040py/C2040/pico-sdk-master/src/rp2_common/hardware_sync/sync.c.obj
 .debug_info    0x00003a18      0xb65 CMakeFiles/RP2040TOPC98.dir/E_/Users/WillowKoishi/Documents/2040py/C2040/pico-sdk-master/src/rp2_common/hardware_uart/uart.c.obj
 .debug_info    0x0000457d     0x3b3b CMakeFiles/RP2040TOPC98.dir/E_/Users/WillowKoishi/Documents/2040py/C2040/pico-sdk-master/src/common/pico_time/time.c.obj
 .debug_info    0x000080b8     0x1134 CMakeFiles/RP2040TOPC98.dir/E_/Users/WillowKoishi/Documents/2040py/C2040/pico-sdk-master/src/rp2_common/hardware_timer/timer.c.obj
 .debug_info    0x000091ec      0x1a4 CMakeFiles/RP2040TOPC98.dir/E_/Users/WillowKoishi/Documents/2040py/C2040/pico-sdk-master/src/common/pico_sync/lock_core.c.obj
 .debug_info    0x00009390     0x2022 CMakeFiles/RP2040TOPC98.dir/E_/Users/WillowKoishi/Documents/2040py/C2040/pico-sdk-master/src/common/pico_sync/mutex.c.obj
 .debug_info    0x0000b3b2     0x120c CMakeFiles/RP2040TOPC98.dir/E_/Users/WillowKoishi/Documents/2040py/C2040/pico-sdk-master/src/common/pico_util/pheap.c.obj
 .debug_info    0x0000c5be      0xa87 CMakeFiles/RP2040TOPC98.dir/E_/Users/WillowKoishi/Documents/2040py/C2040/pico-sdk-master/src/rp2_common/pico_runtime/runtime.c.obj
 .debug_info    0x0000d045      0xf6c CMakeFiles/RP2040TOPC98.dir/E_/Users/WillowKoishi/Documents/2040py/C2040/pico-sdk-master/src/rp2_common/hardware_clocks/clocks.c.obj
 .debug_info    0x0000dfb1     0x1953 CMakeFiles/RP2040TOPC98.dir/E_/Users/WillowKoishi/Documents/2040py/C2040/pico-sdk-master/src/rp2_common/hardware_irq/irq.c.obj
 .debug_info    0x0000f904      0x51b CMakeFiles/RP2040TOPC98.dir/E_/Users/WillowKoishi/Documents/2040py/C2040/pico-sdk-master/src/rp2_common/hardware_pll/pll.c.obj
 .debug_info    0x0000fe1f      0x4ee CMakeFiles/RP2040TOPC98.dir/E_/Users/WillowKoishi/Documents/2040py/C2040/pico-sdk-master/src/rp2_common/hardware_watchdog/watchdog.c.obj
 .debug_info    0x0001030d      0x1d8 CMakeFiles/RP2040TOPC98.dir/E_/Users/WillowKoishi/Documents/2040py/C2040/pico-sdk-master/src/rp2_common/hardware_xosc/xosc.c.obj
 .debug_info    0x000104e5     0x1a5f CMakeFiles/RP2040TOPC98.dir/E_/Users/WillowKoishi/Documents/2040py/C2040/pico-sdk-master/src/rp2_common/pico_printf/printf.c.obj
 .debug_info    0x00011f44       0x22 CMakeFiles/RP2040TOPC98.dir/E_/Users/WillowKoishi/Documents/2040py/C2040/pico-sdk-master/src/rp2_common/pico_bit_ops/bit_ops_aeabi.S.obj
 .debug_info    0x00011f66      0x27c CMakeFiles/RP2040TOPC98.dir/E_/Users/WillowKoishi/Documents/2040py/C2040/pico-sdk-master/src/rp2_common/pico_bootrom/bootrom.c.obj
 .debug_info    0x000121e2       0x22 CMakeFiles/RP2040TOPC98.dir/E_/Users/WillowKoishi/Documents/2040py/C2040/pico-sdk-master/src/rp2_common/pico_divider/divider.S.obj
 .debug_info    0x00012204       0x22 CMakeFiles/RP2040TOPC98.dir/E_/Users/WillowKoishi/Documents/2040py/C2040/pico-sdk-master/src/rp2_common/pico_double/double_aeabi.S.obj
 .debug_info    0x00012226      0x2d1 CMakeFiles/RP2040TOPC98.dir/E_/Users/WillowKoishi/Documents/2040py/C2040/pico-sdk-master/src/rp2_common/pico_double/double_init_rom.c.obj
 .debug_info    0x000124f7       0x22 CMakeFiles/RP2040TOPC98.dir/E_/Users/WillowKoishi/Documents/2040py/C2040/pico-sdk-master/src/rp2_common/pico_double/double_v1_rom_shim.S.obj
 .debug_info    0x00012519       0x26 CMakeFiles/RP2040TOPC98.dir/E_/Users/WillowKoishi/Documents/2040py/C2040/pico-sdk-master/src/rp2_common/pico_int64_ops/pico_int64_ops_aeabi.S.obj
 .debug_info    0x0001253f       0x22 CMakeFiles/RP2040TOPC98.dir/E_/Users/WillowKoishi/Documents/2040py/C2040/pico-sdk-master/src/rp2_common/pico_float/float_aeabi.S.obj
 .debug_info    0x00012561      0x2eb CMakeFiles/RP2040TOPC98.dir/E_/Users/WillowKoishi/Documents/2040py/C2040/pico-sdk-master/src/rp2_common/pico_float/float_init_rom.c.obj
 .debug_info    0x0001284c       0x22 CMakeFiles/RP2040TOPC98.dir/E_/Users/WillowKoishi/Documents/2040py/C2040/pico-sdk-master/src/rp2_common/pico_float/float_v1_rom_shim.S.obj
 .debug_info    0x0001286e       0x22 CMakeFiles/RP2040TOPC98.dir/E_/Users/WillowKoishi/Documents/2040py/C2040/pico-sdk-master/src/rp2_common/pico_mem_ops/mem_ops_aeabi.S.obj
 .debug_info    0x00012890       0x22 CMakeFiles/RP2040TOPC98.dir/E_/Users/WillowKoishi/Documents/2040py/C2040/pico-sdk-master/src/rp2_common/pico_standard_link/crt0.S.obj
 .debug_info    0x000128b2      0x2f6 CMakeFiles/RP2040TOPC98.dir/E_/Users/WillowKoishi/Documents/2040py/C2040/pico-sdk-master/src/rp2_common/pico_standard_link/binary_info.c.obj
 .debug_info    0x00012ba8     0x12d5 CMakeFiles/RP2040TOPC98.dir/E_/Users/WillowKoishi/Documents/2040py/C2040/pico-sdk-master/src/rp2_common/pico_stdio/stdio.c.obj

.debug_abbrev   0x00000000     0x3dcf
 .debug_abbrev  0x00000000      0x3b5 CMakeFiles/RP2040TOPC98.dir/main.c.obj
 .debug_abbrev  0x000003b5      0x2c4 CMakeFiles/RP2040TOPC98.dir/E_/Users/WillowKoishi/Documents/2040py/C2040/pico-sdk-master/src/rp2_common/hardware_gpio/gpio.c.obj
 .debug_abbrev  0x00000679      0x2e9 CMakeFiles/RP2040TOPC98.dir/E_/Users/WillowKoishi/Documents/2040py/C2040/pico-sdk-master/src/rp2_common/hardware_claim/claim.c.obj
 .debug_abbrev  0x00000962       0xeb CMakeFiles/RP2040TOPC98.dir/E_/Users/WillowKoishi/Documents/2040py/C2040/pico-sdk-master/src/rp2_common/pico_platform/platform.c.obj
 .debug_abbrev  0x00000a4d      0x21b CMakeFiles/RP2040TOPC98.dir/E_/Users/WillowKoishi/Documents/2040py/C2040/pico-sdk-master/src/rp2_common/hardware_sync/sync.c.obj
 .debug_abbrev  0x00000c68      0x2d2 CMakeFiles/RP2040TOPC98.dir/E_/Users/WillowKoishi/Documents/2040py/C2040/pico-sdk-master/src/rp2_common/hardware_uart/uart.c.obj
 .debug_abbrev  0x00000f3a      0x54d CMakeFiles/RP2040TOPC98.dir/E_/Users/WillowKoishi/Documents/2040py/C2040/pico-sdk-master/src/common/pico_time/time.c.obj
 .debug_abbrev  0x00001487      0x3a2 CMakeFiles/RP2040TOPC98.dir/E_/Users/WillowKoishi/Documents/2040py/C2040/pico-sdk-master/src/rp2_common/hardware_timer/timer.c.obj
 .debug_abbrev  0x00001829      0x116 CMakeFiles/RP2040TOPC98.dir/E_/Users/WillowKoishi/Documents/2040py/C2040/pico-sdk-master/src/common/pico_sync/lock_core.c.obj
 .debug_abbrev  0x0000193f      0x386 CMakeFiles/RP2040TOPC98.dir/E_/Users/WillowKoishi/Documents/2040py/C2040/pico-sdk-master/src/common/pico_sync/mutex.c.obj
 .debug_abbrev  0x00001cc5      0x297 CMakeFiles/RP2040TOPC98.dir/E_/Users/WillowKoishi/Documents/2040py/C2040/pico-sdk-master/src/common/pico_util/pheap.c.obj
 .debug_abbrev  0x00001f5c      0x3aa CMakeFiles/RP2040TOPC98.dir/E_/Users/WillowKoishi/Documents/2040py/C2040/pico-sdk-master/src/rp2_common/pico_runtime/runtime.c.obj
 .debug_abbrev  0x00002306      0x3a5 CMakeFiles/RP2040TOPC98.dir/E_/Users/WillowKoishi/Documents/2040py/C2040/pico-sdk-master/src/rp2_common/hardware_clocks/clocks.c.obj
 .debug_abbrev  0x000026ab      0x4cd CMakeFiles/RP2040TOPC98.dir/E_/Users/WillowKoishi/Documents/2040py/C2040/pico-sdk-master/src/rp2_common/hardware_irq/irq.c.obj
 .debug_abbrev  0x00002b78      0x1ea CMakeFiles/RP2040TOPC98.dir/E_/Users/WillowKoishi/Documents/2040py/C2040/pico-sdk-master/src/rp2_common/hardware_pll/pll.c.obj
 .debug_abbrev  0x00002d62      0x1a8 CMakeFiles/RP2040TOPC98.dir/E_/Users/WillowKoishi/Documents/2040py/C2040/pico-sdk-master/src/rp2_common/hardware_watchdog/watchdog.c.obj
 .debug_abbrev  0x00002f0a      0x109 CMakeFiles/RP2040TOPC98.dir/E_/Users/WillowKoishi/Documents/2040py/C2040/pico-sdk-master/src/rp2_common/hardware_xosc/xosc.c.obj
 .debug_abbrev  0x00003013      0x384 CMakeFiles/RP2040TOPC98.dir/E_/Users/WillowKoishi/Documents/2040py/C2040/pico-sdk-master/src/rp2_common/pico_printf/printf.c.obj
 .debug_abbrev  0x00003397       0x12 CMakeFiles/RP2040TOPC98.dir/E_/Users/WillowKoishi/Documents/2040py/C2040/pico-sdk-master/src/rp2_common/pico_bit_ops/bit_ops_aeabi.S.obj
 .debug_abbrev  0x000033a9      0x13b CMakeFiles/RP2040TOPC98.dir/E_/Users/WillowKoishi/Documents/2040py/C2040/pico-sdk-master/src/rp2_common/pico_bootrom/bootrom.c.obj
 .debug_abbrev  0x000034e4       0x12 CMakeFiles/RP2040TOPC98.dir/E_/Users/WillowKoishi/Documents/2040py/C2040/pico-sdk-master/src/rp2_common/pico_divider/divider.S.obj
 .debug_abbrev  0x000034f6       0x12 CMakeFiles/RP2040TOPC98.dir/E_/Users/WillowKoishi/Documents/2040py/C2040/pico-sdk-master/src/rp2_common/pico_double/double_aeabi.S.obj
 .debug_abbrev  0x00003508      0x179 CMakeFiles/RP2040TOPC98.dir/E_/Users/WillowKoishi/Documents/2040py/C2040/pico-sdk-master/src/rp2_common/pico_double/double_init_rom.c.obj
 .debug_abbrev  0x00003681       0x12 CMakeFiles/RP2040TOPC98.dir/E_/Users/WillowKoishi/Documents/2040py/C2040/pico-sdk-master/src/rp2_common/pico_double/double_v1_rom_shim.S.obj
 .debug_abbrev  0x00003693       0x14 CMakeFiles/RP2040TOPC98.dir/E_/Users/WillowKoishi/Documents/2040py/C2040/pico-sdk-master/src/rp2_common/pico_int64_ops/pico_int64_ops_aeabi.S.obj
 .debug_abbrev  0x000036a7       0x12 CMakeFiles/RP2040TOPC98.dir/E_/Users/WillowKoishi/Documents/2040py/C2040/pico-sdk-master/src/rp2_common/pico_float/float_aeabi.S.obj
 .debug_abbrev  0x000036b9      0x18c CMakeFiles/RP2040TOPC98.dir/E_/Users/WillowKoishi/Documents/2040py/C2040/pico-sdk-master/src/rp2_common/pico_float/float_init_rom.c.obj